Archive member included because of file (symbol)

c:/program files (x86)/atollic/truestudio for stmicroelectronics stm32 lite 2.3.0/armtools/bin/../lib/gcc/arm-atollic-eabi/4.5.1/../../../../arm-atollic-eabi/lib/thumb/thumb2\libc.a(lib_a-init.o)
                              Libraries\CMSIS\CM3\DeviceSupport\ST\STM32F10x\startup\TrueSTUDIO\startup_stm32f10x_md.o (__libc_init_array)
c:/program files (x86)/atollic/truestudio for stmicroelectronics stm32 lite 2.3.0/armtools/bin/../lib/gcc/arm-atollic-eabi/4.5.1/../../../../arm-atollic-eabi/lib/thumb/thumb2\libc.a(lib_a-memcpy.o)
                              src\uart_queue.o (memcpy)
c:/program files (x86)/atollic/truestudio for stmicroelectronics stm32 lite 2.3.0/armtools/bin/../lib/gcc/arm-atollic-eabi/4.5.1/../../../../arm-atollic-eabi/lib/thumb/thumb2\libc.a(lib_a-snprintf.o)
                              src\uart_queue.o (snprintf)
c:/program files (x86)/atollic/truestudio for stmicroelectronics stm32 lite 2.3.0/armtools/bin/../lib/gcc/arm-atollic-eabi/4.5.1/../../../../arm-atollic-eabi/lib/thumb/thumb2\libc.a(lib_a-sscanf.o)
                              src\uart_queue.o (sscanf)
c:/program files (x86)/atollic/truestudio for stmicroelectronics stm32 lite 2.3.0/armtools/bin/../lib/gcc/arm-atollic-eabi/4.5.1/../../../../arm-atollic-eabi/lib/thumb/thumb2\libc.a(lib_a-stdio.o)
                              c:/program files (x86)/atollic/truestudio for stmicroelectronics stm32 lite 2.3.0/armtools/bin/../lib/gcc/arm-atollic-eabi/4.5.1/../../../../arm-atollic-eabi/lib/thumb/thumb2\libc.a(lib_a-sscanf.o) (__seofread)
c:/program files (x86)/atollic/truestudio for stmicroelectronics stm32 lite 2.3.0/armtools/bin/../lib/gcc/arm-atollic-eabi/4.5.1/../../../../arm-atollic-eabi/lib/thumb/thumb2\libc.a(lib_a-strlen.o)
                              src\uart_queue.o (strlen)
c:/program files (x86)/atollic/truestudio for stmicroelectronics stm32 lite 2.3.0/armtools/bin/../lib/gcc/arm-atollic-eabi/4.5.1/../../../../arm-atollic-eabi/lib/thumb/thumb2\libc.a(lib_a-strncpy.o)
                              src\uart_queue.o (strncpy)
c:/program files (x86)/atollic/truestudio for stmicroelectronics stm32 lite 2.3.0/armtools/bin/../lib/gcc/arm-atollic-eabi/4.5.1/../../../../arm-atollic-eabi/lib/thumb/thumb2\libc.a(lib_a-svfprintf.o)
                              c:/program files (x86)/atollic/truestudio for stmicroelectronics stm32 lite 2.3.0/armtools/bin/../lib/gcc/arm-atollic-eabi/4.5.1/../../../../arm-atollic-eabi/lib/thumb/thumb2\libc.a(lib_a-snprintf.o) (_svfprintf_r)
c:/program files (x86)/atollic/truestudio for stmicroelectronics stm32 lite 2.3.0/armtools/bin/../lib/gcc/arm-atollic-eabi/4.5.1/../../../../arm-atollic-eabi/lib/thumb/thumb2\libc.a(lib_a-svfscanf.o)
                              c:/program files (x86)/atollic/truestudio for stmicroelectronics stm32 lite 2.3.0/armtools/bin/../lib/gcc/arm-atollic-eabi/4.5.1/../../../../arm-atollic-eabi/lib/thumb/thumb2\libc.a(lib_a-sscanf.o) (__ssvfscanf_r)
c:/program files (x86)/atollic/truestudio for stmicroelectronics stm32 lite 2.3.0/armtools/bin/../lib/gcc/arm-atollic-eabi/4.5.1/../../../../arm-atollic-eabi/lib/thumb/thumb2\libc.a(lib_a-writer.o)
                              c:/program files (x86)/atollic/truestudio for stmicroelectronics stm32 lite 2.3.0/armtools/bin/../lib/gcc/arm-atollic-eabi/4.5.1/../../../../arm-atollic-eabi/lib/thumb/thumb2\libc.a(lib_a-stdio.o) (_write_r)
c:/program files (x86)/atollic/truestudio for stmicroelectronics stm32 lite 2.3.0/armtools/bin/../lib/gcc/arm-atollic-eabi/4.5.1/../../../../arm-atollic-eabi/lib/thumb/thumb2\libc.a(lib_a-closer.o)
                              c:/program files (x86)/atollic/truestudio for stmicroelectronics stm32 lite 2.3.0/armtools/bin/../lib/gcc/arm-atollic-eabi/4.5.1/../../../../arm-atollic-eabi/lib/thumb/thumb2\libc.a(lib_a-stdio.o) (_close_r)
c:/program files (x86)/atollic/truestudio for stmicroelectronics stm32 lite 2.3.0/armtools/bin/../lib/gcc/arm-atollic-eabi/4.5.1/../../../../arm-atollic-eabi/lib/thumb/thumb2\libc.a(lib_a-ctype_.o)
                              c:/program files (x86)/atollic/truestudio for stmicroelectronics stm32 lite 2.3.0/armtools/bin/../lib/gcc/arm-atollic-eabi/4.5.1/../../../../arm-atollic-eabi/lib/thumb/thumb2\libc.a(lib_a-svfscanf.o) (__ctype_ptr__)
c:/program files (x86)/atollic/truestudio for stmicroelectronics stm32 lite 2.3.0/armtools/bin/../lib/gcc/arm-atollic-eabi/4.5.1/../../../../arm-atollic-eabi/lib/thumb/thumb2\libc.a(lib_a-dtoa.o)
                              c:/program files (x86)/atollic/truestudio for stmicroelectronics stm32 lite 2.3.0/armtools/bin/../lib/gcc/arm-atollic-eabi/4.5.1/../../../../arm-atollic-eabi/lib/thumb/thumb2\libc.a(lib_a-svfprintf.o) (_dtoa_r)
c:/program files (x86)/atollic/truestudio for stmicroelectronics stm32 lite 2.3.0/armtools/bin/../lib/gcc/arm-atollic-eabi/4.5.1/../../../../arm-atollic-eabi/lib/thumb/thumb2\libc.a(lib_a-findfp.o)
[...]
Memory Configuration

Name             Origin             Length             Attributes
FLASH            0x08000000         0x0000f000         xr
FLASH_B1         0x0800ea60         0x00001000         rw
RAM              0x20000000         0x00002800         xrw
MEMORY_B1        0x60000000         0x00000000         xr
*default*        0x00000000         0xffffffff

Linker script and memory map

LOAD c:/program files (x86)/atollic/truestudio for stmicroelectronics stm32 lite 2.3.0/armtools/bin/../lib/gcc/arm-atollic-eabi/4.5.1/thumb/thumb2/crti.o
LOAD c:/program files (x86)/atollic/truestudio for stmicroelectronics stm32 lite 2.3.0/armtools/bin/../lib/gcc/arm-atollic-eabi/4.5.1/thumb/thumb2/crtbegin.o
LOAD src\uart_queue.o
LOAD src\uart_functions.o
LOAD src\system_stm32f10x.o
LOAD src\stm32f10x_it.o
LOAD src\spi_functions.o
LOAD src\node_functions.o
LOAD src\measurements.o
LOAD src\main.o
LOAD src\i2c_functions.o
LOAD src\collector.o
LOAD Libraries\STM32F10x_StdPeriph_Driver\src\stm32f10x_wwdg.o
LOAD Libraries\STM32F10x_StdPeriph_Driver\src\stm32f10x_usart.o
LOAD Libraries\STM32F10x_StdPeriph_Driver\src\stm32f10x_tim.o
LOAD Libraries\STM32F10x_StdPeriph_Driver\src\stm32f10x_spi.o
LOAD Libraries\STM32F10x_StdPeriph_Driver\src\stm32f10x_sdio.o
LOAD Libraries\STM32F10x_StdPeriph_Driver\src\stm32f10x_rtc.o
LOAD Libraries\STM32F10x_StdPeriph_Driver\src\stm32f10x_rcc.o
LOAD Libraries\STM32F10x_StdPeriph_Driver\src\stm32f10x_pwr.o
LOAD Libraries\STM32F10x_StdPeriph_Driver\src\stm32f10x_iwdg.o
LOAD Libraries\STM32F10x_StdPeriph_Driver\src\stm32f10x_i2c.o
LOAD Libraries\STM32F10x_StdPeriph_Driver\src\stm32f10x_gpio.o
LOAD Libraries\STM32F10x_StdPeriph_Driver\src\stm32f10x_fsmc.o
LOAD Libraries\STM32F10x_StdPeriph_Driver\src\stm32f10x_flash.o
LOAD Libraries\STM32F10x_StdPeriph_Driver\src\stm32f10x_exti.o
LOAD Libraries\STM32F10x_StdPeriph_Driver\src\stm32f10x_dma.o
LOAD Libraries\STM32F10x_StdPeriph_Driver\src\stm32f10x_dbgmcu.o
LOAD Libraries\STM32F10x_StdPeriph_Driver\src\stm32f10x_dac.o
LOAD Libraries\STM32F10x_StdPeriph_Driver\src\stm32f10x_crc.o
LOAD Libraries\STM32F10x_StdPeriph_Driver\src\stm32f10x_cec.o
LOAD Libraries\STM32F10x_StdPeriph_Driver\src\stm32f10x_can.o
LOAD Libraries\STM32F10x_StdPeriph_Driver\src\stm32f10x_bkp.o
LOAD Libraries\STM32F10x_StdPeriph_Driver\src\stm32f10x_adc.o
LOAD Libraries\STM32F10x_StdPeriph_Driver\src\misc.o
LOAD Libraries\CMSIS\CM3\DeviceSupport\ST\STM32F10x\startup\TrueSTUDIO\startup_stm32f10x_md.o
LOAD Libraries\CMSIS\CM3\CoreSupport\core_cm3.o
LOAD c:/program files (x86)/atollic/truestudio for stmicroelectronics stm32 lite 2.3.0/armtools/bin/../lib/gcc/arm-atollic-eabi/4.5.1/../../../../arm-atollic-eabi/lib/thumb/thumb2\libm.a
                0x00001000                malloc_getpagesize_P = 0x1000
START GROUP
LOAD c:/program files (x86)/atollic/truestudio for stmicroelectronics stm32 lite 2.3.0/armtools/bin/../lib/gcc/arm-atollic-eabi/4.5.1/thumb/thumb2\libgcc.a
LOAD c:/program files (x86)/atollic/truestudio for stmicroelectronics stm32 lite 2.3.0/armtools/bin/../lib/gcc/arm-atollic-eabi/4.5.1/../../../../arm-atollic-eabi/lib/thumb/thumb2\libc.a
END GROUP
LOAD c:/program files (x86)/atollic/truestudio for stmicroelectronics stm32 lite 2.3.0/armtools/bin/../lib/gcc/arm-atollic-eabi/4.5.1/thumb/thumb2/crtend.o
LOAD c:/program files (x86)/atollic/truestudio for stmicroelectronics stm32 lite 2.3.0/armtools/bin/../lib/gcc/arm-atollic-eabi/4.5.1/thumb/thumb2/crtn.o
                0x20002800                _estack = 0x20002800
                0x00000000                _Min_Heap_Size = 0x0
                0x00000080                _Min_Stack_Size = 0x80

.flash_data_sect
 *(.flash_data_sect)

.isr_vector     0x08000000      0x10c
                0x08000000                . = ALIGN (0x4)
 *(.isr_vector)
 .isr_vector    0x08000000      0x10c Libraries\CMSIS\CM3\DeviceSupport\ST\STM32F10x\startup\TrueSTUDIO\startup_stm32f10x_md.o
                0x08000000                g_pfnVectors
                0x0800010c                . = ALIGN (0x4)

.text           0x08000110     0x9fac
                0x08000110                . = ALIGN (0x4)
 *(.text)
 .text          0x08000110       0x30 c:/program files (x86)/atollic/truestudio for stmicroelectronics stm32 lite 2.3.0/armtools/bin/../lib/gcc/arm-atollic-eabi/4.5.1/thumb/thumb2/crtbegin.o
 .text          0x08000140      0x278 c:/program files (x86)/atollic/truestudio for stmicroelectronics stm32 lite 2.3.0/armtools/bin/../lib/gcc/arm-atollic-eabi/4.5.1/thumb/thumb2\libgcc.a(_udivsi3.o)
                0x08000140                __aeabi_uidiv
                0x08000140                __udivsi3
                0x0800039c                __aeabi_uidivmod
 .text          0x080003b8      0x2b0 c:/program files (x86)/atollic/truestudio for stmicroelectronics stm32 lite 2.3.0/armtools/bin/../lib/gcc/arm-atollic-eabi/4.5.1/thumb/thumb2\libgcc.a(_divsi3.o)
                0x080003b8                __divsi3
                0x080003b8                __aeabi_idiv
                0x0800064c                __aeabi_idivmod
 .text          0x08000668        0x4 c:/program files (x86)/atollic/truestudio for stmicroelectronics stm32 lite 2.3.0/armtools/bin/../lib/gcc/arm-atollic-eabi/4.5.1/thumb/thumb2\libgcc.a(_dvmd_tls.o)
                0x08000668                __aeabi_idiv0
                0x08000668                __aeabi_ldiv0
 .text          0x0800066c      0x370 c:/program files (x86)/atollic/truestudio for stmicroelectronics stm32 lite 2.3.0/armtools/bin/../lib/gcc/arm-atollic-eabi/4.5.1/thumb/thumb2\libgcc.a(_arm_addsubdf3.o)
                0x0800066c                __aeabi_drsub
                0x08000674                __aeabi_dsub
                0x08000674                __subdf3
                0x08000678                __aeabi_dadd
                0x08000678                __adddf3
                0x080008f0                __floatunsidf
                0x080008f0                __aeabi_ui2d
                0x08000910                __floatsidf
                0x08000910                __aeabi_i2d
                0x08000934                __aeabi_f2d
                0x08000934                __extendsfdf2
                0x08000970                __floatundidf
                0x08000970                __aeabi_ul2d
                0x08000980                __floatdidf
                0x08000980                __aeabi_l2d
 .text          0x080009dc      0x424 c:/program files (x86)/atollic/truestudio for stmicroelectronics stm32 lite 2.3.0/armtools/bin/../lib/gcc/arm-atollic-eabi/4.5.1/thumb/thumb2\libgcc.a(_arm_muldivdf3.o)
                0x080009dc                __aeabi_dmul
                0x080009dc                __muldf3
                0x08000c30                __divdf3
                0x08000c30                __aeabi_ddiv
 .text          0x08000e00      0x110 c:/program files (x86)/atollic/truestudio for stmicroelectronics stm32 lite 2.3.0/armtools/bin/../lib/gcc/arm-atollic-eabi/4.5.1/thumb/thumb2\libgcc.a(_arm_cmpdf2.o)
                0x08000e00                __gtdf2
                0x08000e00                __gedf2
                0x08000e08                __ltdf2
                0x08000e08                __ledf2
                0x08000e10                __nedf2
                0x08000e10                __eqdf2
                0x08000e10                __cmpdf2
                0x08000e8c                __aeabi_cdrcmple
                0x08000e9c                __aeabi_cdcmpeq
                0x08000e9c                __aeabi_cdcmple
                0x08000eac                __aeabi_dcmpeq
                0x08000ec0                __aeabi_dcmplt
                0x08000ed4                __aeabi_dcmple
                0x08000ee8                __aeabi_dcmpge
                0x08000efc                __aeabi_dcmpgt
 .text          0x08000f10       0x50 c:/program files (x86)/atollic/truestudio for stmicroelectronics stm32 lite 2.3.0/armtools/bin/../lib/gcc/arm-atollic-eabi/4.5.1/thumb/thumb2\libgcc.a(_arm_fixdfsi.o)
                0x08000f10                __aeabi_d2iz
                0x08000f10                __fixdfsi
 .text          0x08000f60       0x40 c:/program files (x86)/atollic/truestudio for stmicroelectronics stm32 lite 2.3.0/armtools/bin/../lib/gcc/arm-atollic-eabi/4.5.1/thumb/thumb2\libgcc.a(_arm_fixunsdfsi.o)
                0x08000f60                __aeabi_d2uiz
                0x08000f60                __fixunsdfsi
 .text          0x08000fa0       0xa0 c:/program files (x86)/atollic/truestudio for stmicroelectronics stm32 lite 2.3.0/armtools/bin/../lib/gcc/arm-atollic-eabi/4.5.1/thumb/thumb2\libgcc.a(_arm_truncdfsf2.o)
                0x08000fa0                __truncdfsf2
                0x08000fa0                __aeabi_d2f
 .text          0x08001040       0x2c c:/program files (x86)/atollic/truestudio for stmicroelectronics stm32 lite 2.3.0/armtools/bin/../lib/gcc/arm-atollic-eabi/4.5.1/thumb/thumb2\libgcc.a(_aeabi_uldivmod.o)
                0x08001040                __aeabi_uldivmod
 .text          0x0800106c       0x60 c:/program files (x86)/atollic/truestudio for stmicroelectronics stm32 lite 2.3.0/armtools/bin/../lib/gcc/arm-atollic-eabi/4.5.1/thumb/thumb2\libgcc.a(bpabi.o)
                0x0800106c                __gnu_ldivmod_helper
                0x0800109c                __gnu_uldivmod_helper
 .text          0x080010cc      0x364 c:/program files (x86)/atollic/truestudio for stmicroelectronics stm32 lite 2.3.0/armtools/bin/../lib/gcc/arm-atollic-eabi/4.5.1/thumb/thumb2\libgcc.a(_divdi3.o)
                0x080010cc                __divdi3
 .text          0x08001430      0x314 c:/program files (x86)/atollic/truestudio for stmicroelectronics stm32 lite 2.3.0/armtools/bin/../lib/gcc/arm-atollic-eabi/4.5.1/thumb/thumb2\libgcc.a(_udivdi3.o)
                0x08001430                __udivdi3
 *(.text*)
 .text.__enable_irq
                0x08001744        0x4 src\uart_queue.o
 .text.__disable_irq
                0x08001748        0x4 src\uart_queue.o
 .text.uart_queue_initialize
                0x0800174c       0x20 src\uart_queue.o
                0x0800174c                uart_queue_initialize
 .text.uart_queue_is_empty
                0x0800176c       0x12 src\uart_queue.o
                0x0800176c                uart_queue_is_empty
 .text.uart_queue_length
                0x0800177e       0x16 src\uart_queue.o
                0x0800177e                uart_queue_length
 .text.uart_queue_pop_line
                0x08001794       0x5c src\uart_queue.o
                0x08001794                uart_queue_pop_line
 .text.uart_queue_push_line
                0x080017f0       0x64 src\uart_queue.o
                0x080017f0                uart_queue_push_line
 .text.uart_output_interrupt
                0x08001854       0x24 src\uart_queue.o
                0x08001854                uart_output_interrupt
 .text.process_uart_output
                0x08001878       0x30 src\uart_queue.o
                0x08001878                process_uart_output
 .text.process_uart_input
                0x080018a8      0x294 src\uart_queue.o
                0x080018a8                process_uart_input
 .text.uart_config
                0x08001b3c      0x128 src\uart_functions.o
                0x08001b3c                uart_config
 .text.send_uart_dma
                0x08001c64       0x54 src\uart_functions.o
                0x08001c64                send_uart_dma
 .text.receive_uart
                0x08001cb8       0x64 src\uart_functions.o
                0x08001cb8                receive_uart
 .text.clock_init
                0x08001d1c       0x46 src\system_stm32f10x.o
                0x08001d1c                clock_init
 *fill*         0x08001d62        0x2 00
 .text.SystemInit
                0x08001d64       0x54 src\system_stm32f10x.o
                0x08001d64                SystemInit
 .text.NMI_Handler
                0x08001db8        0x2 src\stm32f10x_it.o
                0x08001db8                NMI_Handler
 .text.HardFault_Handler
                0x08001dba        0x2 src\stm32f10x_it.o
                0x08001dba                HardFault_Handler
 .text.MemManage_Handler
                0x08001dbc        0x2 src\stm32f10x_it.o
                0x08001dbc                MemManage_Handler
 .text.BusFault_Handler
                0x08001dbe        0x2 src\stm32f10x_it.o
                0x08001dbe                BusFault_Handler
 .text.UsageFault_Handler
                0x08001dc0        0x2 src\stm32f10x_it.o
                0x08001dc0                UsageFault_Handler
 .text.SVC_Handler
                0x08001dc2        0x2 src\stm32f10x_it.o
                0x08001dc2                SVC_Handler
 .text.DebugMon_Handler
                0x08001dc4        0x2 src\stm32f10x_it.o
                0x08001dc4                DebugMon_Handler
 .text.PendSV_Handler
                0x08001dc6        0x2 src\stm32f10x_it.o
                0x08001dc6                PendSV_Handler
 .text.SysTick_Handler
                0x08001dc8       0x14 src\stm32f10x_it.o
                0x08001dc8                SysTick_Handler
 .text.DMA1_Channel4_IRQHandler
                0x08001ddc       0x12 src\stm32f10x_it.o
                0x08001ddc                DMA1_Channel4_IRQHandler
 *fill*         0x08001dee        0x2 00
 .text.USART1_IRQHandler
                0x08001df0        0xc src\stm32f10x_it.o
                0x08001df0                USART1_IRQHandler
 .text.EXTI15_10_IRQHandler
                0x08001dfc      0x17c src\stm32f10x_it.o
                0x08001dfc                EXTI15_10_IRQHandler
 .text.I2C1_EV_IRQHandler
                0x08001f78      0x234 src\stm32f10x_it.o
                0x08001f78                I2C1_EV_IRQHandler
 .text.TIM3_IRQHandler
                0x080021ac       0x9c src\stm32f10x_it.o
                0x080021ac                TIM3_IRQHandler
 .text.TIM2_IRQHandler
                0x08002248       0x5c src\stm32f10x_it.o
                0x08002248                TIM2_IRQHandler
 .text.I2C1_ER_IRQHandler
                0x080022a4       0x7c src\stm32f10x_it.o
                0x080022a4                I2C1_ER_IRQHandler
 .text.spi_config
                0x08002320       0xa4 src\spi_functions.o
                0x08002320                spi_config
 .text.read_spi
                0x080023c4      0x158 src\spi_functions.o
                0x080023c4                read_spi
 .text.calibrate_angles
                0x0800251c       0x4c src\node_functions.o
                0x0800251c                calibrate_angles
 .text.set_leds
                0x08002568      0x134 src\node_functions.o
                0x08002568                set_leds
 .text.set_type
                0x0800269c       0x3c src\node_functions.o
                0x0800269c                set_type
 .text.led_config
                0x080026d8      0x150 src\node_functions.o
                0x080026d8                led_config
 .text.waiter_config
                0x08002828       0x3c src\node_functions.o
                0x08002828                waiter_config
 .text.wait     0x08002864       0x28 src\node_functions.o
                0x08002864                wait
 .text.restart_slaves
                0x0800288c       0x20 src\node_functions.o
                0x0800288c                restart_slaves
 .text.send_topo
                0x080028ac       0x18 src\node_functions.o
                0x080028ac                send_topo
 .text.is_splitter
                0x080028c4       0x10 src\node_functions.o
                0x080028c4                is_splitter
 .text.topo_config
                0x080028d4       0xc4 src\node_functions.o
                0x080028d4                topo_config
 .text.is_joint
                0x08002998       0x10 src\node_functions.o
                0x08002998                is_joint
 .text.initialize_measurements
                0x080029a8       0x20 src\measurements.o
                0x080029a8                initialize_measurements
 .text.collect_joint_measurements
                0x080029c8       0x50 src\measurements.o
                0x080029c8                collect_joint_measurements
 .text.pack_joint_measurements_for_i2c
                0x08002a18       0x30 src\measurements.o
                0x08002a18                pack_joint_measurements_for_i2c
 .text.create_joint_message
                0x08002a48       0x2c src\measurements.o
                0x08002a48                create_joint_message
 .text.main     0x08002a74       0xa8 src\main.o
                0x08002a74                main
 .text.__enable_irq
                0x08002b1c        0x4 src\i2c_functions.o
 .text.__disable_irq
                0x08002b20        0x4 src\i2c_functions.o
 .text.NVIC_EnableIRQ
                0x08002b24       0x18 src\i2c_functions.o
 .text.NVIC_SetPriority
                0x08002b3c       0x2c src\i2c_functions.o
 .text.i2c_config
                0x08002b68       0xdc src\i2c_functions.o
                0x08002b68                i2c_config
 .text.send_i2c
                0x08002c44      0x138 src\i2c_functions.o
                0x08002c44                send_i2c
 .text.receive_i2c
                0x08002d7c      0x17c src\i2c_functions.o
                0x08002d7c                receive_i2c
 .text.clear_busy_i2c
                0x08002ef8       0x68 src\i2c_functions.o
                0x08002ef8                clear_busy_i2c
 .text.run_collector_state_machine
                0x08002f60      0x3e4 src\collector.o
                0x08002f60                run_collector_state_machine
 .text.USART_Init
                0x08003344       0xb8 Libraries\STM32F10x_StdPeriph_Driver\src\stm32f10x_usart.o
                0x08003344                USART_Init
 .text.USART_Cmd
                0x080033fc       0x1a Libraries\STM32F10x_StdPeriph_Driver\src\stm32f10x_usart.o
                0x080033fc                USART_Cmd
 .text.USART_ITConfig
                0x08003416       0x36 Libraries\STM32F10x_StdPeriph_Driver\src\stm32f10x_usart.o
                0x08003416                USART_ITConfig
 .text.USART_DMACmd
                0x0800344c       0x16 Libraries\STM32F10x_StdPeriph_Driver\src\stm32f10x_usart.o
                0x0800344c                USART_DMACmd
 .text.USART_ReceiveData
                0x08003462        0x8 Libraries\STM32F10x_StdPeriph_Driver\src\stm32f10x_usart.o
                0x08003462                USART_ReceiveData
 .text.USART_GetITStatus
                0x0800346a       0x40 Libraries\STM32F10x_StdPeriph_Driver\src\stm32f10x_usart.o
                0x0800346a                USART_GetITStatus
 *fill*         0x080034aa        0x2 00
 .text.TIM_TimeBaseInit
                0x080034ac       0xac Libraries\STM32F10x_StdPeriph_Driver\src\stm32f10x_tim.o
                0x080034ac                TIM_TimeBaseInit
 .text.TIM_OC1Init
                0x08003558       0xa4 Libraries\STM32F10x_StdPeriph_Driver\src\stm32f10x_tim.o
                0x08003558                TIM_OC1Init
 .text.TIM_OC2Init
                0x080035fc       0x90 Libraries\STM32F10x_StdPeriph_Driver\src\stm32f10x_tim.o
                0x080035fc                TIM_OC2Init
 .text.TIM_Cmd  0x0800368c       0x1a Libraries\STM32F10x_StdPeriph_Driver\src\stm32f10x_tim.o
                0x0800368c                TIM_Cmd
 .text.TIM_ITConfig
                0x080036a6       0x16 Libraries\STM32F10x_StdPeriph_Driver\src\stm32f10x_tim.o
                0x080036a6                TIM_ITConfig
 .text.TIM_OC1PreloadConfig
                0x080036bc       0x12 Libraries\STM32F10x_StdPeriph_Driver\src\stm32f10x_tim.o
                0x080036bc                TIM_OC1PreloadConfig
 .text.TIM_OC2PreloadConfig
                0x080036ce       0x14 Libraries\STM32F10x_StdPeriph_Driver\src\stm32f10x_tim.o
                0x080036ce                TIM_OC2PreloadConfig
 .text.TIM_SetCompare1
                0x080036e2        0x4 Libraries\STM32F10x_StdPeriph_Driver\src\stm32f10x_tim.o
                0x080036e2                TIM_SetCompare1
 .text.TIM_SetCompare2
                0x080036e6        0x4 Libraries\STM32F10x_StdPeriph_Driver\src\stm32f10x_tim.o
                0x080036e6                TIM_SetCompare2
 .text.TIM_GetCapture1
                0x080036ea        0x6 Libraries\STM32F10x_StdPeriph_Driver\src\stm32f10x_tim.o
                0x080036ea                TIM_GetCapture1
 .text.TIM_GetCapture2
                0x080036f0        0x6 Libraries\STM32F10x_StdPeriph_Driver\src\stm32f10x_tim.o
                0x080036f0                TIM_GetCapture2
 .text.TIM_GetCounter
                0x080036f6        0x6 Libraries\STM32F10x_StdPeriph_Driver\src\stm32f10x_tim.o
                0x080036f6                TIM_GetCounter
 .text.TIM_GetITStatus
                0x080036fc       0x16 Libraries\STM32F10x_StdPeriph_Driver\src\stm32f10x_tim.o
                0x080036fc                TIM_GetITStatus
 .text.TIM_ClearITPendingBit
                0x08003712        0x8 Libraries\STM32F10x_StdPeriph_Driver\src\stm32f10x_tim.o
                0x08003712                TIM_ClearITPendingBit
 .text.SPI_Init
                0x0800371a       0x42 Libraries\STM32F10x_StdPeriph_Driver\src\stm32f10x_spi.o
                0x0800371a                SPI_Init
 .text.SPI_Cmd  0x0800375c       0x1a Libraries\STM32F10x_StdPeriph_Driver\src\stm32f10x_spi.o
                0x0800375c                SPI_Cmd
 .text.SPI_I2S_SendData
                0x08003776        0x4 Libraries\STM32F10x_StdPeriph_Driver\src\stm32f10x_spi.o
                0x08003776                SPI_I2S_SendData
 .text.SPI_I2S_ReceiveData
                0x0800377a        0x6 Libraries\STM32F10x_StdPeriph_Driver\src\stm32f10x_spi.o
                0x0800377a                SPI_I2S_ReceiveData
 .text.SPI_BiDirectionalLineConfig
                0x08003780       0x1e Libraries\STM32F10x_StdPeriph_Driver\src\stm32f10x_spi.o
                0x08003780                SPI_BiDirectionalLineConfig
 .text.SPI_I2S_GetFlagStatus
                0x0800379e        0xc Libraries\STM32F10x_StdPeriph_Driver\src\stm32f10x_spi.o
                0x0800379e                SPI_I2S_GetFlagStatus
 *fill*         0x080037aa        0x2 00
 .text.RCC_PLLConfig
                0x080037ac       0x18 Libraries\STM32F10x_StdPeriph_Driver\src\stm32f10x_rcc.o
                0x080037ac                RCC_PLLConfig
 .text.RCC_PLLCmd
                0x080037c4        0xc Libraries\STM32F10x_StdPeriph_Driver\src\stm32f10x_rcc.o
                0x080037c4                RCC_PLLCmd
 .text.RCC_SYSCLKConfig
                0x080037d0       0x14 Libraries\STM32F10x_StdPeriph_Driver\src\stm32f10x_rcc.o
                0x080037d0                RCC_SYSCLKConfig
 .text.RCC_HCLKConfig
                0x080037e4       0x14 Libraries\STM32F10x_StdPeriph_Driver\src\stm32f10x_rcc.o
                0x080037e4                RCC_HCLKConfig
 .text.RCC_PCLK1Config
                0x080037f8       0x14 Libraries\STM32F10x_StdPeriph_Driver\src\stm32f10x_rcc.o
                0x080037f8                RCC_PCLK1Config
 .text.RCC_PCLK2Config
                0x0800380c       0x14 Libraries\STM32F10x_StdPeriph_Driver\src\stm32f10x_rcc.o
                0x0800380c                RCC_PCLK2Config
 .text.RCC_ADCCLKConfig
                0x08003820       0x14 Libraries\STM32F10x_StdPeriph_Driver\src\stm32f10x_rcc.o
                0x08003820                RCC_ADCCLKConfig
 .text.RCC_GetClocksFreq
                0x08003834       0x98 Libraries\STM32F10x_StdPeriph_Driver\src\stm32f10x_rcc.o
                0x08003834                RCC_GetClocksFreq
 .text.RCC_AHBPeriphClockCmd
                0x080038cc       0x18 Libraries\STM32F10x_StdPeriph_Driver\src\stm32f10x_rcc.o
                0x080038cc                RCC_AHBPeriphClockCmd
 .text.RCC_APB2PeriphClockCmd
                0x080038e4       0x18 Libraries\STM32F10x_StdPeriph_Driver\src\stm32f10x_rcc.o
                0x080038e4                RCC_APB2PeriphClockCmd
 .text.RCC_APB1PeriphClockCmd
                0x080038fc       0x18 Libraries\STM32F10x_StdPeriph_Driver\src\stm32f10x_rcc.o
                0x080038fc                RCC_APB1PeriphClockCmd
 .text.RCC_APB1PeriphResetCmd
                0x08003914       0x18 Libraries\STM32F10x_StdPeriph_Driver\src\stm32f10x_rcc.o
                0x08003914                RCC_APB1PeriphResetCmd
 .text.RCC_GetFlagStatus
                0x0800392c       0x28 Libraries\STM32F10x_StdPeriph_Driver\src\stm32f10x_rcc.o
                0x0800392c                RCC_GetFlagStatus
 .text.I2C_DeInit
                0x08003954       0x34 Libraries\STM32F10x_StdPeriph_Driver\src\stm32f10x_i2c.o
                0x08003954                I2C_DeInit
 .text.I2C_Init
                0x08003988       0xd8 Libraries\STM32F10x_StdPeriph_Driver\src\stm32f10x_i2c.o
                0x08003988                I2C_Init
 .text.I2C_Cmd  0x08003a60       0x1a Libraries\STM32F10x_StdPeriph_Driver\src\stm32f10x_i2c.o
                0x08003a60                I2C_Cmd
 .text.I2C_GenerateSTART
                0x08003a7a       0x1a Libraries\STM32F10x_StdPeriph_Driver\src\stm32f10x_i2c.o
                0x08003a7a                I2C_GenerateSTART
 .text.I2C_GenerateSTOP
                0x08003a94       0x1a Libraries\STM32F10x_StdPeriph_Driver\src\stm32f10x_i2c.o
                0x08003a94                I2C_GenerateSTOP
 .text.I2C_AcknowledgeConfig
                0x08003aae       0x1a Libraries\STM32F10x_StdPeriph_Driver\src\stm32f10x_i2c.o
                0x08003aae                I2C_AcknowledgeConfig
 .text.I2C_GeneralCallCmd
                0x08003ac8       0x1a Libraries\STM32F10x_StdPeriph_Driver\src\stm32f10x_i2c.o
                0x08003ac8                I2C_GeneralCallCmd
 .text.I2C_ITConfig
                0x08003ae2       0x16 Libraries\STM32F10x_StdPeriph_Driver\src\stm32f10x_i2c.o
                0x08003ae2                I2C_ITConfig
 .text.I2C_SendData
                0x08003af8        0x4 Libraries\STM32F10x_StdPeriph_Driver\src\stm32f10x_i2c.o
                0x08003af8                I2C_SendData
 .text.I2C_ReceiveData
                0x08003afc        0x6 Libraries\STM32F10x_StdPeriph_Driver\src\stm32f10x_i2c.o
                0x08003afc                I2C_ReceiveData
 .text.I2C_Send7bitAddress
                0x08003b02       0x10 Libraries\STM32F10x_StdPeriph_Driver\src\stm32f10x_i2c.o
                0x08003b02                I2C_Send7bitAddress
 .text.I2C_CheckEvent
                0x08003b12       0x1a Libraries\STM32F10x_StdPeriph_Driver\src\stm32f10x_i2c.o
                0x08003b12                I2C_CheckEvent
 .text.I2C_GetFlagStatus
                0x08003b2c       0x34 Libraries\STM32F10x_StdPeriph_Driver\src\stm32f10x_i2c.o
                0x08003b2c                I2C_GetFlagStatus
 .text.I2C_GetITStatus
                0x08003b60       0x1c Libraries\STM32F10x_StdPeriph_Driver\src\stm32f10x_i2c.o
                0x08003b60                I2C_GetITStatus
 .text.GPIO_Init
                0x08003b7c       0x9e Libraries\STM32F10x_StdPeriph_Driver\src\stm32f10x_gpio.o
                0x08003b7c                GPIO_Init
 .text.GPIO_SetBits
                0x08003c1a        0x4 Libraries\STM32F10x_StdPeriph_Driver\src\stm32f10x_gpio.o
                0x08003c1a                GPIO_SetBits
 .text.GPIO_ResetBits
                0x08003c1e        0x4 Libraries\STM32F10x_StdPeriph_Driver\src\stm32f10x_gpio.o
                0x08003c1e                GPIO_ResetBits
 *fill*         0x08003c22        0x2 00
 .text.GPIO_PinRemapConfig
                0x08003c24       0x68 Libraries\STM32F10x_StdPeriph_Driver\src\stm32f10x_gpio.o
                0x08003c24                GPIO_PinRemapConfig
 .text.GPIO_EXTILineConfig
                0x08003c8c       0x34 Libraries\STM32F10x_StdPeriph_Driver\src\stm32f10x_gpio.o
                0x08003c8c                GPIO_EXTILineConfig
 .text.FLASH_SetLatency
                0x08003cc0       0x14 Libraries\STM32F10x_StdPeriph_Driver\src\stm32f10x_flash.o
                0x08003cc0                FLASH_SetLatency
 .text.FLASH_Unlock
                0x08003cd4       0x18 Libraries\STM32F10x_StdPeriph_Driver\src\stm32f10x_flash.o
                0x08003cd4                FLASH_Unlock
 .text.FLASH_Lock
                0x08003cec       0x10 Libraries\STM32F10x_StdPeriph_Driver\src\stm32f10x_flash.o
                0x08003cec                FLASH_Lock
 .text.FLASH_GetUserOptionByte
                0x08003cfc        0xc Libraries\STM32F10x_StdPeriph_Driver\src\stm32f10x_flash.o
                0x08003cfc                FLASH_GetUserOptionByte
 .text.FLASH_GetWriteProtectionOptionByte
                0x08003d08        0xc Libraries\STM32F10x_StdPeriph_Driver\src\stm32f10x_flash.o
                0x08003d08                FLASH_GetWriteProtectionOptionByte
 .text.FLASH_GetReadOutProtectionStatus
                0x08003d14       0x10 Libraries\STM32F10x_StdPeriph_Driver\src\stm32f10x_flash.o
                0x08003d14                FLASH_GetReadOutProtectionStatus
 .text.FLASH_ClearFlag
                0x08003d24        0xc Libraries\STM32F10x_StdPeriph_Driver\src\stm32f10x_flash.o
                0x08003d24                FLASH_ClearFlag
 .text.FLASH_GetBank1Status
                0x08003d30       0x30 Libraries\STM32F10x_StdPeriph_Driver\src\stm32f10x_flash.o
                0x08003d30                FLASH_GetBank1Status
 .text.FLASH_WaitForLastOperation
                0x08003d60       0x20 Libraries\STM32F10x_StdPeriph_Driver\src\stm32f10x_flash.o
                0x08003d60                FLASH_WaitForLastOperation
 .text.FLASH_UserOptionByteConfig
                0x08003d80       0x5c Libraries\STM32F10x_StdPeriph_Driver\src\stm32f10x_flash.o
                0x08003d80                FLASH_UserOptionByteConfig
 .text.FLASH_ProgramOptionByteData
                0x08003ddc       0x4c Libraries\STM32F10x_StdPeriph_Driver\src\stm32f10x_flash.o
                0x08003ddc                FLASH_ProgramOptionByteData
 .text.FLASH_ProgramHalfWord
                0x08003e28       0x38 Libraries\STM32F10x_StdPeriph_Driver\src\stm32f10x_flash.o
                0x08003e28                FLASH_ProgramHalfWord
 .text.FLASH_EraseOptionBytes
                0x08003e60       0x94 Libraries\STM32F10x_StdPeriph_Driver\src\stm32f10x_flash.o
                0x08003e60                FLASH_EraseOptionBytes
 .text.FLASH_ErasePage
                0x08003ef4       0x40 Libraries\STM32F10x_StdPeriph_Driver\src\stm32f10x_flash.o
                0x08003ef4                FLASH_ErasePage
 .text.EXTI_Init
                0x08003f34       0x7c Libraries\STM32F10x_StdPeriph_Driver\src\stm32f10x_exti.o
                0x08003f34                EXTI_Init
 .text.EXTI_ClearITPendingBit
                0x08003fb0        0xc Libraries\STM32F10x_StdPeriph_Driver\src\stm32f10x_exti.o
                0x08003fb0                EXTI_ClearITPendingBit
 .text.DMA_DeInit
                0x08003fbc      0x100 Libraries\STM32F10x_StdPeriph_Driver\src\stm32f10x_dma.o
                0x08003fbc                DMA_DeInit
 .text.DMA_Init
                0x080040bc       0x40 Libraries\STM32F10x_StdPeriph_Driver\src\stm32f10x_dma.o
                0x080040bc                DMA_Init
 .text.DMA_Cmd  0x080040fc       0x18 Libraries\STM32F10x_StdPeriph_Driver\src\stm32f10x_dma.o
                0x080040fc                DMA_Cmd
 .text.DMA_ITConfig
                0x08004114       0x12 Libraries\STM32F10x_StdPeriph_Driver\src\stm32f10x_dma.o
                0x08004114                DMA_ITConfig
 *fill*         0x08004126        0x2 00
 .text.DMA_ClearITPendingBit
                0x08004128       0x18 Libraries\STM32F10x_StdPeriph_Driver\src\stm32f10x_dma.o
                0x08004128                DMA_ClearITPendingBit
 .text.NVIC_PriorityGroupConfig
                0x08004140       0x14 Libraries\STM32F10x_StdPeriph_Driver\src\misc.o
                0x08004140                NVIC_PriorityGroupConfig
 .text.NVIC_Init
                0x08004154       0x64 Libraries\STM32F10x_StdPeriph_Driver\src\misc.o
                0x08004154                NVIC_Init
 .text.Reset_Handler
                0x080041b8       0x48 Libraries\CMSIS\CM3\DeviceSupport\ST\STM32F10x\startup\TrueSTUDIO\startup_stm32f10x_md.o
                0x080041b8                Reset_Handler
 .text.Default_Handler
                0x08004200        0x2 Libraries\CMSIS\CM3\DeviceSupport\ST\STM32F10x\startup\TrueSTUDIO\startup_stm32f10x_md.o
                0x08004200                EXTI2_IRQHandler
                0x08004200                TIM1_CC_IRQHandler
                0x08004200                PVD_IRQHandler
                0x08004200                EXTI3_IRQHandler
                0x08004200                EXTI0_IRQHandler
                0x08004200                I2C2_EV_IRQHandler
                0x08004200                ADC1_2_IRQHandler
                0x08004200                SPI1_IRQHandler
                0x08004200                TAMPER_IRQHandler
                0x08004200                USART3_IRQHandler
                0x08004200                RTC_IRQHandler
                0x08004200                DMA1_Channel7_IRQHandler
                0x08004200                CAN1_RX1_IRQHandler
                0x08004200                TIM4_IRQHandler
                0x08004200                DMA1_Channel6_IRQHandler
                0x08004200                RCC_IRQHandler
                0x08004200                TIM1_TRG_COM_IRQHandler
                0x08004200                DMA1_Channel1_IRQHandler
                0x08004200                Default_Handler
                0x08004200                EXTI9_5_IRQHandler
                0x08004200                SPI2_IRQHandler
                0x08004200                DMA1_Channel5_IRQHandler
                0x08004200                EXTI4_IRQHandler
                0x08004200                USB_LP_CAN1_RX0_IRQHandler
                0x08004200                USB_HP_CAN1_TX_IRQHandler
                0x08004200                DMA1_Channel3_IRQHandler
                0x08004200                TIM1_UP_IRQHandler
                0x08004200                WWDG_IRQHandler
                0x08004200                TIM1_BRK_IRQHandler
                0x08004200                EXTI1_IRQHandler
                0x08004200                RTCAlarm_IRQHandler
                0x08004200                USART2_IRQHandler
                0x08004200                I2C2_ER_IRQHandler
                0x08004200                DMA1_Channel2_IRQHandler
                0x08004200                CAN1_SCE_IRQHandler
                0x08004200                FLASH_IRQHandler
                0x08004200                USBWakeUp_IRQHandler
 *fill*         0x08004202        0x2 00
 .text.__libc_init_array
                0x08004204       0x48 c:/program files (x86)/atollic/truestudio for stmicroelectronics stm32 lite 2.3.0/armtools/bin/../lib/gcc/arm-atollic-eabi/4.5.1/../../../../arm-atollic-eabi/lib/thumb/thumb2\libc.a(lib_a-init.o)
                0x08004204                __libc_init_array
 .text.memcpy   0x0800424c       0x16 c:/program files (x86)/atollic/truestudio for stmicroelectronics stm32 lite 2.3.0/armtools/bin/../lib/gcc/arm-atollic-eabi/4.5.1/../../../../arm-atollic-eabi/lib/thumb/thumb2\libc.a(lib_a-memcpy.o)
                0x0800424c                memcpy
 *fill*         0x08004262        0x2 00
 .text.snprintf
                0x08004264       0x68 c:/program files (x86)/atollic/truestudio for stmicroelectronics stm32 lite 2.3.0/armtools/bin/../lib/gcc/arm-atollic-eabi/4.5.1/../../../../arm-atollic-eabi/lib/thumb/thumb2\libc.a(lib_a-snprintf.o)
                0x08004264                snprintf
 .text.sscanf   0x080042cc       0x54 c:/program files (x86)/atollic/truestudio for stmicroelectronics stm32 lite 2.3.0/armtools/bin/../lib/gcc/arm-atollic-eabi/4.5.1/../../../../arm-atollic-eabi/lib/thumb/thumb2\libc.a(lib_a-sscanf.o)
                0x080042cc                sscanf
 .text.__seofread
                0x08004320        0x4 c:/program files (x86)/atollic/truestudio for stmicroelectronics stm32 lite 2.3.0/armtools/bin/../lib/gcc/arm-atollic-eabi/4.5.1/../../../../arm-atollic-eabi/lib/thumb/thumb2\libc.a(lib_a-stdio.o)
                0x08004320                __seofread
 .text.strlen   0x08004324       0x10 c:/program files (x86)/atollic/truestudio for stmicroelectronics stm32 lite 2.3.0/armtools/bin/../lib/gcc/arm-atollic-eabi/4.5.1/../../../../arm-atollic-eabi/lib/thumb/thumb2\libc.a(lib_a-strlen.o)
                0x08004324                strlen
 .text._svfprintf_r
                0x08004334     0x10f8 c:/program files (x86)/atollic/truestudio for stmicroelectronics stm32 lite 2.3.0/armtools/bin/../lib/gcc/arm-atollic-eabi/4.5.1/../../../../arm-atollic-eabi/lib/thumb/thumb2\libc.a(lib_a-svfprintf.o)
                0x08004334                _svfprintf_r
 .text.__ssvfscanf_r
                0x0800542c      0xbd8 c:/program files (x86)/atollic/truestudio for stmicroelectronics stm32 lite 2.3.0/armtools/bin/../lib/gcc/arm-atollic-eabi/4.5.1/../../../../arm-atollic-eabi/lib/thumb/thumb2\libc.a(lib_a-svfscanf.o)
                0x0800542c                __ssvfscanf_r
 .text.quorem   0x08006004      0x124 c:/program files (x86)/atollic/truestudio for stmicroelectronics stm32 lite 2.3.0/armtools/bin/../lib/gcc/arm-atollic-eabi/4.5.1/../../../../arm-atollic-eabi/lib/thumb/thumb2\libc.a(lib_a-dtoa.o)
 .text._dtoa_r  0x08006128      0xc08 c:/program files (x86)/atollic/truestudio for stmicroelectronics stm32 lite 2.3.0/armtools/bin/../lib/gcc/arm-atollic-eabi/4.5.1/../../../../arm-atollic-eabi/lib/thumb/thumb2\libc.a(lib_a-dtoa.o)
                0x08006128                _dtoa_r
 .text.__sfp_lock_acquire
                0x08006d30        0x2 c:/program files (x86)/atollic/truestudio for stmicroelectronics stm32 lite 2.3.0/armtools/bin/../lib/gcc/arm-atollic-eabi/4.5.1/../../../../arm-atollic-eabi/lib/thumb/thumb2\libc.a(lib_a-findfp.o)
                0x08006d30                __sfp_lock_acquire
 .text.__sfp_lock_release
                0x08006d32        0x2 c:/program files (x86)/atollic/truestudio for stmicroelectronics stm32 lite 2.3.0/armtools/bin/../lib/gcc/arm-atollic-eabi/4.5.1/../../../../arm-atollic-eabi/lib/thumb/thumb2\libc.a(lib_a-findfp.o)
                0x08006d32                __sfp_lock_release
 .text.iswspace
                0x08006d34       0x1c c:/program files (x86)/atollic/truestudio for stmicroelectronics stm32 lite 2.3.0/armtools/bin/../lib/gcc/arm-atollic-eabi/4.5.1/../../../../arm-atollic-eabi/lib/thumb/thumb2\libc.a(lib_a-iswspace.o)
                0x08006d34                iswspace
 .text.__locale_charset
                0x08006d50        0x8 c:/program files (x86)/atollic/truestudio for stmicroelectronics stm32 lite 2.3.0/armtools/bin/../lib/gcc/arm-atollic-eabi/4.5.1/../../../../arm-atollic-eabi/lib/thumb/thumb2\libc.a(lib_a-locale.o)
                0x08006d50                __locale_charset
 .text.__locale_mb_cur_max
                0x08006d58        0xc c:/program files (x86)/atollic/truestudio for stmicroelectronics stm32 lite 2.3.0/armtools/bin/../lib/gcc/arm-atollic-eabi/4.5.1/../../../../arm-atollic-eabi/lib/thumb/thumb2\libc.a(lib_a-locale.o)
                0x08006d58                __locale_mb_cur_max
 .text._localeconv_r
                0x08006d64        0x8 c:/program files (x86)/atollic/truestudio for stmicroelectronics stm32 lite 2.3.0/armtools/bin/../lib/gcc/arm-atollic-eabi/4.5.1/../../../../arm-atollic-eabi/lib/thumb/thumb2\libc.a(lib_a-locale.o)
                0x08006d64                _localeconv_r
 .text.malloc   0x08006d6c       0x10 c:/program files (x86)/atollic/truestudio for stmicroelectronics stm32 lite 2.3.0/armtools/bin/../lib/gcc/arm-atollic-eabi/4.5.1/../../../../arm-atollic-eabi/lib/thumb/thumb2\libc.a(lib_a-malloc.o)
                0x08006d6c                malloc
 .text._malloc_r
                0x08006d7c      0x408 c:/program files (x86)/atollic/truestudio for stmicroelectronics stm32 lite 2.3.0/armtools/bin/../lib/gcc/arm-atollic-eabi/4.5.1/../../../../arm-atollic-eabi/lib/thumb/thumb2\libc.a(lib_a-mallocr.o)
                0x08006d7c                _malloc_r
 .text._mbrtowc_r
                0x08007184       0x54 c:/program files (x86)/atollic/truestudio for stmicroelectronics stm32 lite 2.3.0/armtools/bin/../lib/gcc/arm-atollic-eabi/4.5.1/../../../../arm-atollic-eabi/lib/thumb/thumb2\libc.a(lib_a-mbrtowc.o)
                0x08007184                _mbrtowc_r
 .text.__ascii_mbtowc
                0x080071d8       0x24 c:/program files (x86)/atollic/truestudio for stmicroelectronics stm32 lite 2.3.0/armtools/bin/../lib/gcc/arm-atollic-eabi/4.5.1/../../../../arm-atollic-eabi/lib/thumb/thumb2\libc.a(lib_a-mbtowc_r.o)
                0x080071d8                __ascii_mbtowc
 .text.memchr   0x080071fc       0x1e c:/program files (x86)/atollic/truestudio for stmicroelectronics stm32 lite 2.3.0/armtools/bin/../lib/gcc/arm-atollic-eabi/4.5.1/../../../../arm-atollic-eabi/lib/thumb/thumb2\libc.a(lib_a-memchr.o)
                0x080071fc                memchr
 .text.memset   0x0800721a       0x12 c:/program files (x86)/atollic/truestudio for stmicroelectronics stm32 lite 2.3.0/armtools/bin/../lib/gcc/arm-atollic-eabi/4.5.1/../../../../arm-atollic-eabi/lib/thumb/thumb2\libc.a(lib_a-memset.o)
                0x0800721a                memset
 .text.__malloc_lock
                0x0800722c        0x2 c:/program files (x86)/atollic/truestudio for stmicroelectronics stm32 lite 2.3.0/armtools/bin/../lib/gcc/arm-atollic-eabi/4.5.1/../../../../arm-atollic-eabi/lib/thumb/thumb2\libc.a(lib_a-mlock.o)
                0x0800722c                __malloc_lock
 .text.__malloc_unlock
                0x0800722e        0x2 c:/program files (x86)/atollic/truestudio for stmicroelectronics stm32 lite 2.3.0/armtools/bin/../lib/gcc/arm-atollic-eabi/4.5.1/../../../../arm-atollic-eabi/lib/thumb/thumb2\libc.a(lib_a-mlock.o)
                0x0800722e                __malloc_unlock
 .text._Balloc  0x08007230       0x62 c:/program files (x86)/atollic/truestudio for stmicroelectronics stm32 lite 2.3.0/armtools/bin/../lib/gcc/arm-atollic-eabi/4.5.1/../../../../arm-atollic-eabi/lib/thumb/thumb2\libc.a(lib_a-mprec.o)
                0x08007230                _Balloc
 .text._Bfree   0x08007292       0x2e c:/program files (x86)/atollic/truestudio for stmicroelectronics stm32 lite 2.3.0/armtools/bin/../lib/gcc/arm-atollic-eabi/4.5.1/../../../../arm-atollic-eabi/lib/thumb/thumb2\libc.a(lib_a-mprec.o)
                0x08007292                _Bfree
 .text.__multadd
                0x080072c0       0x7c c:/program files (x86)/atollic/truestudio for stmicroelectronics stm32 lite 2.3.0/armtools/bin/../lib/gcc/arm-atollic-eabi/4.5.1/../../../../arm-atollic-eabi/lib/thumb/thumb2\libc.a(lib_a-mprec.o)
                0x080072c0                __multadd
 .text.__s2b    0x0800733c       0x7c c:/program files (x86)/atollic/truestudio for stmicroelectronics stm32 lite 2.3.0/armtools/bin/../lib/gcc/arm-atollic-eabi/4.5.1/../../../../arm-atollic-eabi/lib/thumb/thumb2\libc.a(lib_a-mprec.o)
                0x0800733c                __s2b
 .text.__hi0bits
                0x080073b8       0x40 c:/program files (x86)/atollic/truestudio for stmicroelectronics stm32 lite 2.3.0/armtools/bin/../lib/gcc/arm-atollic-eabi/4.5.1/../../../../arm-atollic-eabi/lib/thumb/thumb2\libc.a(lib_a-mprec.o)
                0x080073b8                __hi0bits
 .text.__lo0bits
                0x080073f8       0x64 c:/program files (x86)/atollic/truestudio for stmicroelectronics stm32 lite 2.3.0/armtools/bin/../lib/gcc/arm-atollic-eabi/4.5.1/../../../../arm-atollic-eabi/lib/thumb/thumb2\libc.a(lib_a-mprec.o)
                0x080073f8                __lo0bits
 .text.__i2b    0x0800745c       0x12 c:/program files (x86)/atollic/truestudio for stmicroelectronics stm32 lite 2.3.0/armtools/bin/../lib/gcc/arm-atollic-eabi/4.5.1/../../../../arm-atollic-eabi/lib/thumb/thumb2\libc.a(lib_a-mprec.o)
                0x0800745c                __i2b
 .text.__multiply
                0x0800746e      0x124 c:/program files (x86)/atollic/truestudio for stmicroelectronics stm32 lite 2.3.0/armtools/bin/../lib/gcc/arm-atollic-eabi/4.5.1/../../../../arm-atollic-eabi/lib/thumb/thumb2\libc.a(lib_a-mprec.o)
                0x0800746e                __multiply
 *fill*         0x08007592        0x2 00
 .text.__pow5mult
                0x08007594       0xa4 c:/program files (x86)/atollic/truestudio for stmicroelectronics stm32 lite 2.3.0/armtools/bin/../lib/gcc/arm-atollic-eabi/4.5.1/../../../../arm-atollic-eabi/lib/thumb/thumb2\libc.a(lib_a-mprec.o)
                0x08007594                __pow5mult
 .text.__lshift
                0x08007638       0x98 c:/program files (x86)/atollic/truestudio for stmicroelectronics stm32 lite 2.3.0/armtools/bin/../lib/gcc/arm-atollic-eabi/4.5.1/../../../../arm-atollic-eabi/lib/thumb/thumb2\libc.a(lib_a-mprec.o)
                0x08007638                __lshift
 .text.__mcmp   0x080076d0       0x3a c:/program files (x86)/atollic/truestudio for stmicroelectronics stm32 lite 2.3.0/armtools/bin/../lib/gcc/arm-atollic-eabi/4.5.1/../../../../arm-atollic-eabi/lib/thumb/thumb2\libc.a(lib_a-mprec.o)
                0x080076d0                __mcmp
 .text.__mdiff  0x0800770a       0xc6 c:/program files (x86)/atollic/truestudio for stmicroelectronics stm32 lite 2.3.0/armtools/bin/../lib/gcc/arm-atollic-eabi/4.5.1/../../../../arm-atollic-eabi/lib/thumb/thumb2\libc.a(lib_a-mprec.o)
                0x0800770a                __mdiff
 .text.__ulp    0x080077d0       0x40 c:/program files (x86)/atollic/truestudio for stmicroelectronics stm32 lite 2.3.0/armtools/bin/../lib/gcc/arm-atollic-eabi/4.5.1/../../../../arm-atollic-eabi/lib/thumb/thumb2\libc.a(lib_a-mprec.o)
                0x080077d0                __ulp
 .text.__b2d    0x08007810       0xa4 c:/program files (x86)/atollic/truestudio for stmicroelectronics stm32 lite 2.3.0/armtools/bin/../lib/gcc/arm-atollic-eabi/4.5.1/../../../../arm-atollic-eabi/lib/thumb/thumb2\libc.a(lib_a-mprec.o)
                0x08007810                __b2d
 .text.__d2b    0x080078b4       0xbc c:/program files (x86)/atollic/truestudio for stmicroelectronics stm32 lite 2.3.0/armtools/bin/../lib/gcc/arm-atollic-eabi/4.5.1/../../../../arm-atollic-eabi/lib/thumb/thumb2\libc.a(lib_a-mprec.o)
                0x080078b4                __d2b
 .text.__ratio  0x08007970       0x46 c:/program files (x86)/atollic/truestudio for stmicroelectronics stm32 lite 2.3.0/armtools/bin/../lib/gcc/arm-atollic-eabi/4.5.1/../../../../arm-atollic-eabi/lib/thumb/thumb2\libc.a(lib_a-mprec.o)
                0x08007970                __ratio
 .text.__copybits
                0x080079b6       0x32 c:/program files (x86)/atollic/truestudio for stmicroelectronics stm32 lite 2.3.0/armtools/bin/../lib/gcc/arm-atollic-eabi/4.5.1/../../../../arm-atollic-eabi/lib/thumb/thumb2\libc.a(lib_a-mprec.o)
                0x080079b6                __copybits
 .text.__any_on
                0x080079e8       0x4a c:/program files (x86)/atollic/truestudio for stmicroelectronics stm32 lite 2.3.0/armtools/bin/../lib/gcc/arm-atollic-eabi/4.5.1/../../../../arm-atollic-eabi/lib/thumb/thumb2\libc.a(lib_a-mprec.o)
                0x080079e8                __any_on
 *fill*         0x08007a32        0x2 00
 .text._sbrk_r  0x08007a34       0x24 c:/program files (x86)/atollic/truestudio for stmicroelectronics stm32 lite 2.3.0/armtools/bin/../lib/gcc/arm-atollic-eabi/4.5.1/../../../../arm-atollic-eabi/lib/thumb/thumb2\libc.a(lib_a-sbrkr.o)
                0x08007a34                _sbrk_r
 .text.__sccl   0x08007a58       0x64 c:/program files (x86)/atollic/truestudio for stmicroelectronics stm32 lite 2.3.0/armtools/bin/../lib/gcc/arm-atollic-eabi/4.5.1/../../../../arm-atollic-eabi/lib/thumb/thumb2\libc.a(lib_a-sccl.o)
                0x08007a58                __sccl
 .text.nanf     0x08007abc        0x8 c:/program files (x86)/atollic/truestudio for stmicroelectronics stm32 lite 2.3.0/armtools/bin/../lib/gcc/arm-atollic-eabi/4.5.1/../../../../arm-atollic-eabi/lib/thumb/thumb2\libc.a(lib_a-sf_nan.o)
                0x08007abc                nanf
 .text.__fpclassifyd
                0x08007ac4       0x64 c:/program files (x86)/atollic/truestudio for stmicroelectronics stm32 lite 2.3.0/armtools/bin/../lib/gcc/arm-atollic-eabi/4.5.1/../../../../arm-atollic-eabi/lib/thumb/thumb2\libc.a(lib_a-s_fpclassify.o)
                0x08007ac4                __fpclassifyd
 .text.sprintf  0x08007b28       0x48 c:/program files (x86)/atollic/truestudio for stmicroelectronics stm32 lite 2.3.0/armtools/bin/../lib/gcc/arm-atollic-eabi/4.5.1/../../../../arm-atollic-eabi/lib/thumb/thumb2\libc.a(lib_a-sprintf.o)
                0x08007b28                sprintf
 .text.match    0x08007b70       0x2c c:/program files (x86)/atollic/truestudio for stmicroelectronics stm32 lite 2.3.0/armtools/bin/../lib/gcc/arm-atollic-eabi/4.5.1/../../../../arm-atollic-eabi/lib/thumb/thumb2\libc.a(lib_a-strtod.o)
 *fill*         0x08007b9c        0x4 00
 .text._strtod_r
                0x08007ba0      0xbe0 c:/program files (x86)/atollic/truestudio for stmicroelectronics stm32 lite 2.3.0/armtools/bin/../lib/gcc/arm-atollic-eabi/4.5.1/../../../../arm-atollic-eabi/lib/thumb/thumb2\libc.a(lib_a-strtod.o)
                0x08007ba0                _strtod_r
 .text._strtoll_r
                0x08008780      0x16c c:/program files (x86)/atollic/truestudio for stmicroelectronics stm32 lite 2.3.0/armtools/bin/../lib/gcc/arm-atollic-eabi/4.5.1/../../../../arm-atollic-eabi/lib/thumb/thumb2\libc.a(lib_a-strtoll_r.o)
                0x08008780                _strtoll_r
 .text._strtol_r
                0x080088ec      0x124 c:/program files (x86)/atollic/truestudio for stmicroelectronics stm32 lite 2.3.0/armtools/bin/../lib/gcc/arm-atollic-eabi/4.5.1/../../../../arm-atollic-eabi/lib/thumb/thumb2\libc.a(lib_a-strtol.o)
                0x080088ec                _strtol_r
 .text._strtoull_r
                0x08008a10      0x154 c:/program files (x86)/atollic/truestudio for stmicroelectronics stm32 lite 2.3.0/armtools/bin/../lib/gcc/arm-atollic-eabi/4.5.1/../../../../arm-atollic-eabi/lib/thumb/thumb2\libc.a(lib_a-strtoull_r.o)
                0x08008a10                _strtoull_r
 .text._strtoul_r
                0x08008b64       0xfc c:/program files (x86)/atollic/truestudio for stmicroelectronics stm32 lite 2.3.0/armtools/bin/../lib/gcc/arm-atollic-eabi/4.5.1/../../../../arm-atollic-eabi/lib/thumb/thumb2\libc.a(lib_a-strtoul.o)
                0x08008b64                _strtoul_r
 .text.__ssprint_r
                0x08008c60       0xf6 c:/program files (x86)/atollic/truestudio for stmicroelectronics stm32 lite 2.3.0/armtools/bin/../lib/gcc/arm-atollic-eabi/4.5.1/../../../../arm-atollic-eabi/lib/thumb/thumb2\libc.a(lib_a-svfiprintf.o)
                0x08008c60                __ssprint_r
 .text._sungetc_r
                0x08008d56       0x7a c:/program files (x86)/atollic/truestudio for stmicroelectronics stm32 lite 2.3.0/armtools/bin/../lib/gcc/arm-atollic-eabi/4.5.1/../../../../arm-atollic-eabi/lib/thumb/thumb2\libc.a(lib_a-svfiscanf.o)
                0x08008d56                _sungetc_r
 .text.__ssrefill_r
                0x08008dd0       0x3a c:/program files (x86)/atollic/truestudio for stmicroelectronics stm32 lite 2.3.0/armtools/bin/../lib/gcc/arm-atollic-eabi/4.5.1/../../../../arm-atollic-eabi/lib/thumb/thumb2\libc.a(lib_a-svfiscanf.o)
                0x08008dd0                __ssrefill_r
 .text._sfread_r
                0x08008e0a       0x70 c:/program files (x86)/atollic/truestudio for stmicroelectronics stm32 lite 2.3.0/armtools/bin/../lib/gcc/arm-atollic-eabi/4.5.1/../../../../arm-atollic-eabi/lib/thumb/thumb2\libc.a(lib_a-svfiscanf.o)
                0x08008e0a                _sfread_r
 *fill*         0x08008e7a        0x2 00
 .text._sbrk    0x08008e7c       0x34 c:/program files (x86)/atollic/truestudio for stmicroelectronics stm32 lite 2.3.0/armtools/bin/../lib/gcc/arm-atollic-eabi/4.5.1/../../../../arm-atollic-eabi/lib/thumb/thumb2\libc.a(lib_a-syscalls.o)
                0x08008e7c                _sbrk
 .text.__submore
                0x08008eb0       0x7e c:/program files (x86)/atollic/truestudio for stmicroelectronics stm32 lite 2.3.0/armtools/bin/../lib/gcc/arm-atollic-eabi/4.5.1/../../../../arm-atollic-eabi/lib/thumb/thumb2\libc.a(lib_a-ungetc.o)
                0x08008eb0                __submore
 .text._calloc_r
                0x08008f2e       0x58 c:/program files (x86)/atollic/truestudio for stmicroelectronics stm32 lite 2.3.0/armtools/bin/../lib/gcc/arm-atollic-eabi/4.5.1/../../../../arm-atollic-eabi/lib/thumb/thumb2\libc.a(lib_a-callocr.o)
                0x08008f2e                _calloc_r
 *fill*         0x08008f86        0x2 00
 .text._malloc_trim_r
                0x08008f88       0x94 c:/program files (x86)/atollic/truestudio for stmicroelectronics stm32 lite 2.3.0/armtools/bin/../lib/gcc/arm-atollic-eabi/4.5.1/../../../../arm-atollic-eabi/lib/thumb/thumb2\libc.a(lib_a-freer.o)
                0x08008f88                _malloc_trim_r
 .text._free_r  0x0800901c      0x180 c:/program files (x86)/atollic/truestudio for stmicroelectronics stm32 lite 2.3.0/armtools/bin/../lib/gcc/arm-atollic-eabi/4.5.1/../../../../arm-atollic-eabi/lib/thumb/thumb2\libc.a(lib_a-freer.o)
                0x0800901c                _free_r
 .text.rshift   0x0800919c       0x6c c:/program files (x86)/atollic/truestudio for stmicroelectronics stm32 lite 2.3.0/armtools/bin/../lib/gcc/arm-atollic-eabi/4.5.1/../../../../arm-atollic-eabi/lib/thumb/thumb2\libc.a(lib_a-gdtoa-gethex.o)
 .text.htinit.clone.0
                0x08009208       0x1c c:/program files (x86)/atollic/truestudio for stmicroelectronics stm32 lite 2.3.0/armtools/bin/../lib/gcc/arm-atollic-eabi/4.5.1/../../../../arm-atollic-eabi/lib/thumb/thumb2\libc.a(lib_a-gdtoa-gethex.o)
 .text.__hexdig_init
                0x08009224       0x2c c:/program files (x86)/atollic/truestudio for stmicroelectronics stm32 lite 2.3.0/armtools/bin/../lib/gcc/arm-atollic-eabi/4.5.1/../../../../arm-atollic-eabi/lib/thumb/thumb2\libc.a(lib_a-gdtoa-gethex.o)
                0x08009224                __hexdig_init
 .text.__gethex
                0x08009250      0x460 c:/program files (x86)/atollic/truestudio for stmicroelectronics stm32 lite 2.3.0/armtools/bin/../lib/gcc/arm-atollic-eabi/4.5.1/../../../../arm-atollic-eabi/lib/thumb/thumb2\libc.a(lib_a-gdtoa-gethex.o)
                0x08009250                __gethex
 .text.L_shift  0x080096b0       0x34 c:/program files (x86)/atollic/truestudio for stmicroelectronics stm32 lite 2.3.0/armtools/bin/../lib/gcc/arm-atollic-eabi/4.5.1/../../../../arm-atollic-eabi/lib/thumb/thumb2\libc.a(lib_a-gdtoa-hexnan.o)
 .text.__hexnan
                0x080096e4      0x11c c:/program files (x86)/atollic/truestudio for stmicroelectronics stm32 lite 2.3.0/armtools/bin/../lib/gcc/arm-atollic-eabi/4.5.1/../../../../arm-atollic-eabi/lib/thumb/thumb2\libc.a(lib_a-gdtoa-hexnan.o)
                0x080096e4                __hexnan
 .text.memmove  0x08009800       0x34 c:/program files (x86)/atollic/truestudio for stmicroelectronics stm32 lite 2.3.0/armtools/bin/../lib/gcc/arm-atollic-eabi/4.5.1/../../../../arm-atollic-eabi/lib/thumb/thumb2\libc.a(lib_a-memmove.o)
                0x08009800                memmove
 .text._realloc_r
                0x08009834      0x2f8 c:/program files (x86)/atollic/truestudio for stmicroelectronics stm32 lite 2.3.0/armtools/bin/../lib/gcc/arm-atollic-eabi/4.5.1/../../../../arm-atollic-eabi/lib/thumb/thumb2\libc.a(lib_a-reallocr.o)
                0x08009834                _realloc_r
 .text.strncmp  0x08009b2c       0x2a c:/program files (x86)/atollic/truestudio for stmicroelectronics stm32 lite 2.3.0/armtools/bin/../lib/gcc/arm-atollic-eabi/4.5.1/../../../../arm-atollic-eabi/lib/thumb/thumb2\libc.a(lib_a-strncmp.o)
                0x08009b2c                strncmp
 *(.rodata)
 *(.rodata*)
 .rodata.str1.1
                0x08009b56      0x16c src\uart_queue.o
 .rodata.str1.1
                0x08009cc2        0x8 src\uart_functions.o
 .rodata.str1.1
                0x08009cca       0x4d src\stm32f10x_it.o
 *fill*         0x08009d17        0x1 00
 .rodata.SPI_SELECT.3643
                0x08009d18        0x6 src\spi_functions.o
 .rodata.str1.1
                0x08009d1e       0x18 src\measurements.o
 .rodata.str1.1
                0x08009d36       0x47 src\collector.o
                                 0x9e (size before relaxing)
 .rodata.str1.1
                0x08009d7d       0x34 c:/program files (x86)/atollic/truestudio for stmicroelectronics stm32 lite 2.3.0/armtools/bin/../lib/gcc/arm-atollic-eabi/4.5.1/../../../../arm-atollic-eabi/lib/thumb/thumb2\libc.a(lib_a-svfprintf.o)
 .rodata.zeroes.3939
                0x08009db1       0x10 c:/program files (x86)/atollic/truestudio for stmicroelectronics stm32 lite 2.3.0/armtools/bin/../lib/gcc/arm-atollic-eabi/4.5.1/../../../../arm-atollic-eabi/lib/thumb/thumb2\libc.a(lib_a-svfprintf.o)
 .rodata.blanks.3938
                0x08009dc1       0x10 c:/program files (x86)/atollic/truestudio for stmicroelectronics stm32 lite 2.3.0/armtools/bin/../lib/gcc/arm-atollic-eabi/4.5.1/../../../../arm-atollic-eabi/lib/thumb/thumb2\libc.a(lib_a-svfprintf.o)
 .rodata.str1.1
                0x08009dd1        0x5 c:/program files (x86)/atollic/truestudio for stmicroelectronics stm32 lite 2.3.0/armtools/bin/../lib/gcc/arm-atollic-eabi/4.5.1/../../../../arm-atollic-eabi/lib/thumb/thumb2\libc.a(lib_a-svfscanf.o)
 .rodata.basefix.3859
                0x08009dd6       0x22 c:/program files (x86)/atollic/truestudio for stmicroelectronics stm32 lite 2.3.0/armtools/bin/../lib/gcc/arm-atollic-eabi/4.5.1/../../../../arm-atollic-eabi/lib/thumb/thumb2\libc.a(lib_a-svfscanf.o)
 .rodata._ctype_
                0x08009df8      0x101 c:/program files (x86)/atollic/truestudio for stmicroelectronics stm32 lite 2.3.0/armtools/bin/../lib/gcc/arm-atollic-eabi/4.5.1/../../../../arm-atollic-eabi/lib/thumb/thumb2\libc.a(lib_a-ctype_.o)
                0x08009df8                _ctype_
 .rodata.str1.1
                0x08009ef9        0xd c:/program files (x86)/atollic/truestudio for stmicroelectronics stm32 lite 2.3.0/armtools/bin/../lib/gcc/arm-atollic-eabi/4.5.1/../../../../arm-atollic-eabi/lib/thumb/thumb2\libc.a(lib_a-dtoa.o)
                                  0xf (size before relaxing)
 *fill*         0x08009f06        0x2 00
 .rodata.__sf_fake_stdin
                0x08009f08       0x20 c:/program files (x86)/atollic/truestudio for stmicroelectronics stm32 lite 2.3.0/armtools/bin/../lib/gcc/arm-atollic-eabi/4.5.1/../../../../arm-atollic-eabi/lib/thumb/thumb2\libc.a(lib_a-findfp.o)
                0x08009f08                __sf_fake_stdin
 .rodata.__sf_fake_stdout
                0x08009f28       0x20 c:/program files (x86)/atollic/truestudio for stmicroelectronics stm32 lite 2.3.0/armtools/bin/../lib/gcc/arm-atollic-eabi/4.5.1/../../../../arm-atollic-eabi/lib/thumb/thumb2\libc.a(lib_a-findfp.o)
                0x08009f28                __sf_fake_stdout
 .rodata.__sf_fake_stderr
                0x08009f48       0x20 c:/program files (x86)/atollic/truestudio for stmicroelectronics stm32 lite 2.3.0/armtools/bin/../lib/gcc/arm-atollic-eabi/4.5.1/../../../../arm-atollic-eabi/lib/thumb/thumb2\libc.a(lib_a-findfp.o)
                0x08009f48                __sf_fake_stderr
 .rodata.str1.1
                0x08009f68        0x2 c:/program files (x86)/atollic/truestudio for stmicroelectronics stm32 lite 2.3.0/armtools/bin/../lib/gcc/arm-atollic-eabi/4.5.1/../../../../arm-atollic-eabi/lib/thumb/thumb2\libc.a(lib_a-impure.o)
 .rodata.str1.1
                0x08009f6a        0x8 c:/program files (x86)/atollic/truestudio for stmicroelectronics stm32 lite 2.3.0/armtools/bin/../lib/gcc/arm-atollic-eabi/4.5.1/../../../../arm-atollic-eabi/lib/thumb/thumb2\libc.a(lib_a-locale.o)
                                  0xb (size before relaxing)
 .rodata.str1.1
                0x00000000        0x1 c:/program files (x86)/atollic/truestudio for stmicroelectronics stm32 lite 2.3.0/armtools/bin/../lib/gcc/arm-atollic-eabi/4.5.1/../../../../arm-atollic-eabi/lib/thumb/thumb2\libc.a(lib_a-mbrtowc.o)
 *fill*         0x08009f72        0x2 00
 .rodata.p05.2464
                0x08009f74        0xc c:/program files (x86)/atollic/truestudio for stmicroelectronics stm32 lite 2.3.0/armtools/bin/../lib/gcc/arm-atollic-eabi/4.5.1/../../../../arm-atollic-eabi/lib/thumb/thumb2\libc.a(lib_a-mprec.o)
 .rodata.__mprec_tens
                0x08009f80       0xc8 c:/program files (x86)/atollic/truestudio for stmicroelectronics stm32 lite 2.3.0/armtools/bin/../lib/gcc/arm-atollic-eabi/4.5.1/../../../../arm-atollic-eabi/lib/thumb/thumb2\libc.a(lib_a-mprec.o)
                0x08009f80                __mprec_tens
 .rodata.__mprec_bigtens
                0x0800a048       0x28 c:/program files (x86)/atollic/truestudio for stmicroelectronics stm32 lite 2.3.0/armtools/bin/../lib/gcc/arm-atollic-eabi/4.5.1/../../../../arm-atollic-eabi/lib/thumb/thumb2\libc.a(lib_a-mprec.o)
                0x0800a048                __mprec_bigtens
 .rodata.str1.1
                0x00000000        0x8 c:/program files (x86)/atollic/truestudio for stmicroelectronics stm32 lite 2.3.0/armtools/bin/../lib/gcc/arm-atollic-eabi/4.5.1/../../../../arm-atollic-eabi/lib/thumb/thumb2\libc.a(lib_a-strtod.o)
                                  0xc (size before relaxing)
 .rodata.tinytens
                0x0800a070       0x28 c:/program files (x86)/atollic/truestudio for stmicroelectronics stm32 lite 2.3.0/armtools/bin/../lib/gcc/arm-atollic-eabi/4.5.1/../../../../arm-atollic-eabi/lib/thumb/thumb2\libc.a(lib_a-strtod.o)
 .rodata.str1.1
                0x0800a098        0xb c:/program files (x86)/atollic/truestudio for stmicroelectronics stm32 lite 2.3.0/armtools/bin/../lib/gcc/arm-atollic-eabi/4.5.1/../../../../arm-atollic-eabi/lib/thumb/thumb2\libc.a(lib_a-gdtoa-gethex.o)
                                 0x19 (size before relaxing)
 *(.glue_7)
 .glue_7        0x00000000        0x0 linker stubs
 *(.glue_7t)
 .glue_7t       0x00000000        0x0 linker stubs
 *(.eh_frame)
 *(.init)
 *fill*         0x0800a0a3        0x1 00
 .init          0x0800a0a4        0x4 c:/program files (x86)/atollic/truestudio for stmicroelectronics stm32 lite 2.3.0/armtools/bin/../lib/gcc/arm-atollic-eabi/4.5.1/thumb/thumb2/crti.o
                0x0800a0a4                _init
 .init          0x0800a0a8        0x8 c:/program files (x86)/atollic/truestudio for stmicroelectronics stm32 lite 2.3.0/armtools/bin/../lib/gcc/arm-atollic-eabi/4.5.1/thumb/thumb2/crtn.o
 *(.fini)
 .fini          0x0800a0b0        0x4 c:/program files (x86)/atollic/truestudio for stmicroelectronics stm32 lite 2.3.0/armtools/bin/../lib/gcc/arm-atollic-eabi/4.5.1/thumb/thumb2/crti.o
                0x0800a0b0                _fini
 .fini          0x0800a0b4        0x8 c:/program files (x86)/atollic/truestudio for stmicroelectronics stm32 lite 2.3.0/armtools/bin/../lib/gcc/arm-atollic-eabi/4.5.1/thumb/thumb2/crtn.o
                0x0800a0bc                . = ALIGN (0x4)
                0x0800a0bc                _etext = .

.vfp11_veneer   0x0800a0bc        0x0
 .vfp11_veneer  0x00000000        0x0 linker stubs

.v4_bx          0x0800a0bc        0x0
 .v4_bx         0x00000000        0x0 linker stubs

.ARM.extab
 *(.ARM.extab* .gnu.linkonce.armextab.*)

.ARM            0x0800a0bc        0x8
                0x0800a0bc                __exidx_start = .
 *(.ARM.exidx*)
 .ARM.exidx     0x0800a0bc        0x8 c:/program files (x86)/atollic/truestudio for stmicroelectronics stm32 lite 2.3.0/armtools/bin/../lib/gcc/arm-atollic-eabi/4.5.1/thumb/thumb2\libgcc.a(_divdi3.o)
 .ARM.exidx     0x0800a0c4        0x0 c:/program files (x86)/atollic/truestudio for stmicroelectronics stm32 lite 2.3.0/armtools/bin/../lib/gcc/arm-atollic-eabi/4.5.1/thumb/thumb2\libgcc.a(_udivdi3.o)
                                  0x8 (size before relaxing)
                0x0800a0c4                __exidx_end = .

.preinit_array  0x0800a0c4        0x0
                0x0800a0c4                PROVIDE (__preinit_array_start, .)
 *(.preinit_array*)
                0x0800a0c4                PROVIDE (__preinit_array_end, .)

.init_array     0x0800a0c4        0x4
                0x0800a0c4                PROVIDE (__init_array_start, .)
 *(SORT(.init_array.*))
 *(.init_array*)
 .init_array    0x0800a0c4        0x4 c:/program files (x86)/atollic/truestudio for stmicroelectronics stm32 lite 2.3.0/armtools/bin/../lib/gcc/arm-atollic-eabi/4.5.1/thumb/thumb2/crtbegin.o
                0x0800a0c8                PROVIDE (__init_array_end, .)

.fini_array     0x0800a0c8        0x4
                0x0800a0c8                PROVIDE (__fini_array_start, .)
 *(.fini_array*)
 .fini_array    0x0800a0c8        0x4 c:/program files (x86)/atollic/truestudio for stmicroelectronics stm32 lite 2.3.0/armtools/bin/../lib/gcc/arm-atollic-eabi/4.5.1/thumb/thumb2/crtbegin.o
 *(SORT(.fini_array.*))
                0x0800a0cc                PROVIDE (__fini_array_end, .)
                0x0800a0cc                _sidata = .

.data           0x20000000      0x5c0 load address 0x0800a0cc
                0x20000000                . = ALIGN (0x4)
                0x20000000                _sdata = .
 *(.data)
 *(.data*)
 .data.topo_txs
                0x20000000        0xa src\node_functions.o
                0x20000000                topo_txs
 .data.LedRedRate
                0x2000000a        0x2 src\node_functions.o
                0x2000000a                LedRedRate
 .data.LedBlueRate
                0x2000000c        0x2 src\node_functions.o
                0x2000000c                LedBlueRate
 .data.LedGreenRate
                0x2000000e        0x2 src\node_functions.o
                0x2000000e                LedGreenRate
 .data.UID      0x20000010        0x4 src\main.o
                0x20000010                UID
 .data.CALIB_VALUES
                0x20000014        0x4 src\main.o
                0x20000014                CALIB_VALUES
 .data.ID       0x20000018        0x1 src\main.o
                0x20000018                ID
 .data.not_interrupted
                0x20000019        0x1 src\main.o
                0x20000019                not_interrupted
 .data.TYPE     0x2000001a        0x1 src\main.o
                0x2000001a                TYPE
 .data.ADCPrescTable
                0x2000001b        0x4 Libraries\STM32F10x_StdPeriph_Driver\src\stm32f10x_rcc.o
 .data.APBAHBPrescTable
                0x2000001f       0x10 Libraries\STM32F10x_StdPeriph_Driver\src\stm32f10x_rcc.o
 *fill*         0x2000002f        0x1 00
 .data.__ctype_ptr__
                0x20000030        0x4 c:/program files (x86)/atollic/truestudio for stmicroelectronics stm32 lite 2.3.0/armtools/bin/../lib/gcc/arm-atollic-eabi/4.5.1/../../../../arm-atollic-eabi/lib/thumb/thumb2\libc.a(lib_a-ctype_.o)
                0x20000030                __ctype_ptr__
 .data.impure_data
                0x20000034       0xf0 c:/program files (x86)/atollic/truestudio for stmicroelectronics stm32 lite 2.3.0/armtools/bin/../lib/gcc/arm-atollic-eabi/4.5.1/../../../../arm-atollic-eabi/lib/thumb/thumb2\libc.a(lib_a-impure.o)
 .data._impure_ptr
                0x20000124        0x4 c:/program files (x86)/atollic/truestudio for stmicroelectronics stm32 lite 2.3.0/armtools/bin/../lib/gcc/arm-atollic-eabi/4.5.1/../../../../arm-atollic-eabi/lib/thumb/thumb2\libc.a(lib_a-impure.o)
                0x20000124                _impure_ptr
 .data.lconv    0x20000128       0x38 c:/program files (x86)/atollic/truestudio for stmicroelectronics stm32 lite 2.3.0/armtools/bin/../lib/gcc/arm-atollic-eabi/4.5.1/../../../../arm-atollic-eabi/lib/thumb/thumb2\libc.a(lib_a-locale.o)
 .data.lc_ctype_charset
                0x20000160       0x20 c:/program files (x86)/atollic/truestudio for stmicroelectronics stm32 lite 2.3.0/armtools/bin/../lib/gcc/arm-atollic-eabi/4.5.1/../../../../arm-atollic-eabi/lib/thumb/thumb2\libc.a(lib_a-locale.o)
 .data.__mb_cur_max
                0x20000180        0x4 c:/program files (x86)/atollic/truestudio for stmicroelectronics stm32 lite 2.3.0/armtools/bin/../lib/gcc/arm-atollic-eabi/4.5.1/../../../../arm-atollic-eabi/lib/thumb/thumb2\libc.a(lib_a-locale.o)
                0x20000180                __mb_cur_max
 .data.__malloc_av_
                0x20000184      0x408 c:/program files (x86)/atollic/truestudio for stmicroelectronics stm32 lite 2.3.0/armtools/bin/../lib/gcc/arm-atollic-eabi/4.5.1/../../../../arm-atollic-eabi/lib/thumb/thumb2\libc.a(lib_a-mallocr.o)
                0x20000184                __malloc_av_
 .data.__malloc_trim_threshold
                0x2000058c        0x4 c:/program files (x86)/atollic/truestudio for stmicroelectronics stm32 lite 2.3.0/armtools/bin/../lib/gcc/arm-atollic-eabi/4.5.1/../../../../arm-atollic-eabi/lib/thumb/thumb2\libc.a(lib_a-mallocr.o)
                0x2000058c                __malloc_trim_threshold
 .data.__malloc_sbrk_base
                0x20000590        0x4 c:/program files (x86)/atollic/truestudio for stmicroelectronics stm32 lite 2.3.0/armtools/bin/../lib/gcc/arm-atollic-eabi/4.5.1/../../../../arm-atollic-eabi/lib/thumb/thumb2\libc.a(lib_a-mallocr.o)
                0x20000590                __malloc_sbrk_base
 .data.__mbtowc
                0x20000594        0x4 c:/program files (x86)/atollic/truestudio for stmicroelectronics stm32 lite 2.3.0/armtools/bin/../lib/gcc/arm-atollic-eabi/4.5.1/../../../../arm-atollic-eabi/lib/thumb/thumb2\libc.a(lib_a-mbtowc_r.o)
                0x20000594                __mbtowc
 .data.fpinan.2456
                0x20000598       0x14 c:/program files (x86)/atollic/truestudio for stmicroelectronics stm32 lite 2.3.0/armtools/bin/../lib/gcc/arm-atollic-eabi/4.5.1/../../../../arm-atollic-eabi/lib/thumb/thumb2\libc.a(lib_a-strtod.o)
 .data.fpi.2420
                0x200005ac       0x14 c:/program files (x86)/atollic/truestudio for stmicroelectronics stm32 lite 2.3.0/armtools/bin/../lib/gcc/arm-atollic-eabi/4.5.1/../../../../arm-atollic-eabi/lib/thumb/thumb2\libc.a(lib_a-strtod.o)
                0x200005c0                . = ALIGN (0x4)
                0x200005c0                _edata = .

.jcr            0x200005c0        0x0 load address 0x0800a68c
 .jcr           0x200005c0        0x0 c:/program files (x86)/atollic/truestudio for stmicroelectronics stm32 lite 2.3.0/armtools/bin/../lib/gcc/arm-atollic-eabi/4.5.1/thumb/thumb2/crtbegin.o
                0x200005c0                . = ALIGN (0x4)

.bss            0x200005c0     0x198c load address 0x0800a68c
                0x200005c0                _sbss = .
                0x200005c0                __bss_start__ = _sbss
 *(.bss)
 .bss           0x200005c0        0x1 c:/program files (x86)/atollic/truestudio for stmicroelectronics stm32 lite 2.3.0/armtools/bin/../lib/gcc/arm-atollic-eabi/4.5.1/thumb/thumb2/crtbegin.o
 *(.bss*)
 *fill*         0x200005c1        0x3 00
 .bss.current_output
                0x200005c4       0x44 src\uart_queue.o
 .bss.TxBuffer.4845
                0x20000608       0x20 src\uart_queue.o
 .bss.current_line
                0x20000628       0x44 src\uart_functions.o
 .bss.Tx_Idx2   0x2000066c        0x1 src\stm32f10x_it.o
                0x2000066c                Tx_Idx2
 *fill*         0x2000066d        0x1 00
 .bss.capture.4731
                0x2000066e        0x2 src\stm32f10x_it.o
 .bss.capture.4727
                0x20000670        0x2 src\stm32f10x_it.o
 .bss.splitter_is_probing
                0x20000672        0x1 src\stm32f10x_it.o
                0x20000672                splitter_is_probing
 .bss.Rx_Idx2   0x20000673        0x1 src\stm32f10x_it.o
                0x20000673                Rx_Idx2
 .bss.angle_to_send.3647
                0x20000674        0x2 src\spi_functions.o
 .bss.sensor_angle_invert.3646
                0x20000676        0x2 src\spi_functions.o
 .bss.RxIdx.3644
                0x20000678        0x1 src\spi_functions.o
 *fill*         0x20000679        0x1 00
 .bss.sensor_angle.3645
                0x2000067a        0x2 src\spi_functions.o
 .bss.GPIO_InitStructure.3648
                0x2000067c        0x4 src\spi_functions.o
 .bss.counter.3706
                0x20000680        0x2 src\node_functions.o
 .bss.start_value.3739
                0x20000682        0x2 src\node_functions.o
 .bss.initialized
                0x20000684        0x1 src\main.o
                0x20000684                initialized
 .bss.next_splitter_ID
                0x20000685        0x1 src\main.o
                0x20000685                next_splitter_ID
 .bss.topo_counter
                0x20000686        0x1 src\main.o
                0x20000686                topo_counter
 .bss.i2c_error_code
                0x20000687        0x1 src\main.o
                0x20000687                i2c_error_code
 .bss.topology_error
                0x20000688      0x200 src\main.o
                0x20000688                topology_error
 .bss.n_sensors
                0x20000888        0x1 src\main.o
                0x20000888                n_sensors
 .bss.next_splitter_completed
                0x20000889        0x1 src\main.o
                0x20000889                next_splitter_completed
 .bss.in_debug  0x2000088a        0x1 src\main.o
                0x2000088a                in_debug
 *fill*         0x2000088b        0x1 00
 .bss.Timeout.3669
                0x2000088c        0x2 src\i2c_functions.o
 *fill*         0x2000088e        0x2 00
 .bss.Timeout.3696
                0x20000890        0x4 src\i2c_functions.o
 .bss.old_topo_counter
                0x20000894        0x1 src\collector.o
 .bss.collector_state
                0x20000895        0x1 src\collector.o
                0x20000895                collector_state
 *fill*         0x20000896        0x2 00
 .bss.iteration_counter
                0x20000898        0x4 src\collector.o
 .bss.collector_target
                0x2000089c        0x4 src\collector.o
 .bss.new_counter
                0x200008a0        0x4 src\collector.o
 .bss.__malloc_max_total_mem
                0x200008a4        0x4 c:/program files (x86)/atollic/truestudio for stmicroelectronics stm32 lite 2.3.0/armtools/bin/../lib/gcc/arm-atollic-eabi/4.5.1/../../../../arm-atollic-eabi/lib/thumb/thumb2\libc.a(lib_a-mallocr.o)
                0x200008a4                __malloc_max_total_mem
 .bss.__malloc_max_sbrked_mem
                0x200008a8        0x4 c:/program files (x86)/atollic/truestudio for stmicroelectronics stm32 lite 2.3.0/armtools/bin/../lib/gcc/arm-atollic-eabi/4.5.1/../../../../arm-atollic-eabi/lib/thumb/thumb2\libc.a(lib_a-mallocr.o)
                0x200008a8                __malloc_max_sbrked_mem
 .bss.__malloc_top_pad
                0x200008ac        0x4 c:/program files (x86)/atollic/truestudio for stmicroelectronics stm32 lite 2.3.0/armtools/bin/../lib/gcc/arm-atollic-eabi/4.5.1/../../../../arm-atollic-eabi/lib/thumb/thumb2\libc.a(lib_a-mallocr.o)
                0x200008ac                __malloc_top_pad
 .bss.__malloc_current_mallinfo
                0x200008b0       0x28 c:/program files (x86)/atollic/truestudio for stmicroelectronics stm32 lite 2.3.0/armtools/bin/../lib/gcc/arm-atollic-eabi/4.5.1/../../../../arm-atollic-eabi/lib/thumb/thumb2\libc.a(lib_a-mallocr.o)
                0x200008b0                __malloc_current_mallinfo
 .bss.heap_end.2323
                0x200008d8        0x4 c:/program files (x86)/atollic/truestudio for stmicroelectronics stm32 lite 2.3.0/armtools/bin/../lib/gcc/arm-atollic-eabi/4.5.1/../../../../arm-atollic-eabi/lib/thumb/thumb2\libc.a(lib_a-syscalls.o)
 *(COMMON)
 COMMON         0x200008dc     0x1110 src\uart_queue.o
                0x200008dc                uart_output_queue
                0x20001164                uart_input_queue
 COMMON         0x200019ec       0x30 src\uart_functions.o
                0x200019ec                init_val1
                0x200019f0                DMA_InitStructure
 COMMON         0x20001a1c        0x8 src\node_functions.o
                0x20001a1c                TimingDelay
                0x20001a20                NVIC_InitStructure
 COMMON         0x20001a24       0x14 src\measurements.o
                0x20001a24                measurements
 COMMON         0x20001a38      0x3ff src\main.o
                0x20001a38                Buffer_Rx2
                0x20001b38                topology
                0x20001d38                Buffer_Tx2
 *fill*         0x20001e37        0x1 00
 COMMON         0x20001e38       0x10 src\i2c_functions.o
                0x20001e38                I2C_InitStructure
 COMMON         0x20001e48        0x4 c:/program files (x86)/atollic/truestudio for stmicroelectronics stm32 lite 2.3.0/armtools/bin/../lib/gcc/arm-atollic-eabi/4.5.1/../../../../arm-atollic-eabi/lib/thumb/thumb2\libc.a(lib_a-reent.o)
                0x20001e48                errno
 COMMON         0x20001e4c      0x100 c:/program files (x86)/atollic/truestudio for stmicroelectronics stm32 lite 2.3.0/armtools/bin/../lib/gcc/arm-atollic-eabi/4.5.1/../../../../arm-atollic-eabi/lib/thumb/thumb2\libc.a(lib_a-gdtoa-gethex.o)
                0x20001e4c                __hexdig
                0x20001f4c                . = ALIGN (0x4)
                0x20001f4c                _ebss = .
                0x20001f4c                __bss_end__ = _ebss

._user_heap_stack
                0x20001f4c       0x80 load address 0x0800a68c
                0x20001f4c                . = ALIGN (0x4)
                0x20001f4c                PROVIDE (end, .)
                0x20001f4c                PROVIDE (_end, .)
                0x20001f4c                . = (. + _Min_Heap_Size)
                0x20001fcc                . = (. + _Min_Stack_Size)
 *fill*         0x20001f4c       0x80 00
                0x20001fcc                . = ALIGN (0x4)

.memory_b1_text
 *(.mb1text)
 *(.mb1text*)
 *(.mb1rodata)
 *(.mb1rodata*)

/DISCARD/
 libc.a(*)
 libm.a(*)
 libgcc.a(*)

.ARM.attributes
                0x00000000       0x25
 *(.ARM.attributes)
 .ARM.attributes
                0x00000000       0x19 c:/program files (x86)/atollic/truestudio for stmicroelectronics stm32 lite 2.3.0/armtools/bin/../lib/gcc/arm-atollic-eabi/4.5.1/thumb/thumb2/crti.o
 .ARM.attributes
                0x00000019       0x29 c:/program files (x86)/atollic/truestudio for stmicroelectronics stm32 lite 2.3.0/armtools/bin/../lib/gcc/arm-atollic-eabi/4.5.1/thumb/thumb2/crtbegin.o
 .ARM.attributes
                0x00000042       0x31 src\uart_queue.o
 .ARM.attributes
                0x00000073       0x31 src\uart_functions.o
 .ARM.attributes
                0x000000a4       0x31 src\system_stm32f10x.o
 .ARM.attributes
                0x000000d5       0x31 src\stm32f10x_it.o
 .ARM.attributes
                0x00000106       0x31 src\spi_functions.o
 .ARM.attributes
                0x00000137       0x31 src\node_functions.o
 .ARM.attributes
                0x00000168       0x31 src\measurements.o
 .ARM.attributes
                0x00000199       0x31 src\main.o
 .ARM.attributes
                0x000001ca       0x31 src\i2c_functions.o
 .ARM.attributes
                0x000001fb       0x31 src\collector.o
 .ARM.attributes
                0x0000022c       0x31 Libraries\STM32F10x_StdPeriph_Driver\src\stm32f10x_wwdg.o
 .ARM.attributes
                0x0000025d       0x31 Libraries\STM32F10x_StdPeriph_Driver\src\stm32f10x_usart.o
 .ARM.attributes
                0x0000028e       0x31 Libraries\STM32F10x_StdPeriph_Driver\src\stm32f10x_tim.o
 .ARM.attributes
                0x000002bf       0x31 Libraries\STM32F10x_StdPeriph_Driver\src\stm32f10x_spi.o
 .ARM.attributes
                0x000002f0       0x31 Libraries\STM32F10x_StdPeriph_Driver\src\stm32f10x_sdio.o
 .ARM.attributes
                0x00000321       0x31 Libraries\STM32F10x_StdPeriph_Driver\src\stm32f10x_rtc.o
 .ARM.attributes
                0x00000352       0x31 Libraries\STM32F10x_StdPeriph_Driver\src\stm32f10x_rcc.o
 .ARM.attributes
                0x00000383       0x31 Libraries\STM32F10x_StdPeriph_Driver\src\stm32f10x_pwr.o
 .ARM.attributes
                0x000003b4       0x31 Libraries\STM32F10x_StdPeriph_Driver\src\stm32f10x_iwdg.o
 .ARM.attributes
                0x000003e5       0x31 Libraries\STM32F10x_StdPeriph_Driver\src\stm32f10x_i2c.o
 .ARM.attributes
                0x00000416       0x31 Libraries\STM32F10x_StdPeriph_Driver\src\stm32f10x_gpio.o
 .ARM.attributes
                0x00000447       0x31 Libraries\STM32F10x_StdPeriph_Driver\src\stm32f10x_fsmc.o
 .ARM.attributes
                0x00000478       0x31 Libraries\STM32F10x_StdPeriph_Driver\src\stm32f10x_flash.o
 .ARM.attributes
                0x000004a9       0x31 Libraries\STM32F10x_StdPeriph_Driver\src\stm32f10x_exti.o
 .ARM.attributes
                0x000004da       0x31 Libraries\STM32F10x_StdPeriph_Driver\src\stm32f10x_dma.o
 .ARM.attributes
                0x0000050b       0x31 Libraries\STM32F10x_StdPeriph_Driver\src\stm32f10x_dbgmcu.o
 .ARM.attributes
                0x0000053c       0x31 Libraries\STM32F10x_StdPeriph_Driver\src\stm32f10x_dac.o
 .ARM.attributes
                0x0000056d       0x31 Libraries\STM32F10x_StdPeriph_Driver\src\stm32f10x_crc.o
 .ARM.attributes
                0x0000059e       0x31 Libraries\STM32F10x_StdPeriph_Driver\src\stm32f10x_cec.o
 .ARM.attributes
                0x000005cf       0x31 Libraries\STM32F10x_StdPeriph_Driver\src\stm32f10x_can.o
 .ARM.attributes
                0x00000600       0x31 Libraries\STM32F10x_StdPeriph_Driver\src\stm32f10x_bkp.o
 .ARM.attributes
                0x00000631       0x31 Libraries\STM32F10x_StdPeriph_Driver\src\stm32f10x_adc.o
 .ARM.attributes
                0x00000662       0x31 Libraries\STM32F10x_StdPeriph_Driver\src\misc.o
 .ARM.attributes
                0x00000693       0x21 Libraries\CMSIS\CM3\DeviceSupport\ST\STM32F10x\startup\TrueSTUDIO\startup_stm32f10x_md.o
 .ARM.attributes
                0x000006b4       0x31 Libraries\CMSIS\CM3\CoreSupport\core_cm3.o
 .ARM.attributes
                0x000006e5       0x29 c:/program files (x86)/atollic/truestudio for stmicroelectronics stm32 lite 2.3.0/armtools/bin/../lib/gcc/arm-atollic-eabi/4.5.1/../../../../arm-atollic-eabi/lib/thumb/thumb2\libc.a(lib_a-init.o)
 .ARM.attributes
                0x0000070e       0x29 c:/program files (x86)/atollic/truestudio for stmicroelectronics stm32 lite 2.3.0/armtools/bin/../lib/gcc/arm-atollic-eabi/4.5.1/../../../../arm-atollic-eabi/lib/thumb/thumb2\libc.a(lib_a-memcpy.o)
 .ARM.attributes
                0x00000737       0x29 c:/program files (x86)/atollic/truestudio for stmicroelectronics stm32 lite 2.3.0/armtools/bin/../lib/gcc/arm-atollic-eabi/4.5.1/../../../../arm-atollic-eabi/lib/thumb/thumb2\libc.a(lib_a-snprintf.o)
 .ARM.attributes
                0x00000760       0x29 c:/program files (x86)/atollic/truestudio for stmicroelectronics stm32 lite 2.3.0/armtools/bin/../lib/gcc/arm-atollic-eabi/4.5.1/../../../../arm-atollic-eabi/lib/thumb/thumb2\libc.a(lib_a-sscanf.o)
 .ARM.attributes
                0x00000789       0x29 c:/program files (x86)/atollic/truestudio for stmicroelectronics stm32 lite 2.3.0/armtools/bin/../lib/gcc/arm-atollic-eabi/4.5.1/../../../../arm-atollic-eabi/lib/thumb/thumb2\libc.a(lib_a-stdio.o)
 .ARM.attributes
                0x000007b2       0x29 c:/program files (x86)/atollic/truestudio for stmicroelectronics stm32 lite 2.3.0/armtools/bin/../lib/gcc/arm-atollic-eabi/4.5.1/../../../../arm-atollic-eabi/lib/thumb/thumb2\libc.a(lib_a-strlen.o)
 .ARM.attributes
                0x000007db       0x29 c:/program files (x86)/atollic/truestudio for stmicroelectronics stm32 lite 2.3.0/armtools/bin/../lib/gcc/arm-atollic-eabi/4.5.1/../../../../arm-atollic-eabi/lib/thumb/thumb2\libc.a(lib_a-strncpy.o)
 .ARM.attributes
                0x00000804       0x29 c:/program files (x86)/atollic/truestudio for stmicroelectronics stm32 lite 2.3.0/armtools/bin/../lib/gcc/arm-atollic-eabi/4.5.1/../../../../arm-atollic-eabi/lib/thumb/thumb2\libc.a(lib_a-svfprintf.o)
 .ARM.attributes
                0x0000082d       0x29 c:/program files (x86)/atollic/truestudio for stmicroelectronics stm32 lite 2.3.0/armtools/bin/../lib/gcc/arm-atollic-eabi/4.5.1/../../../../arm-atollic-eabi/lib/thumb/thumb2\libc.a(lib_a-svfscanf.o)
 .ARM.attributes
                0x00000856       0x29 c:/program files (x86)/atollic/truestudio for stmicroelectronics stm32 lite 2.3.0/armtools/bin/../lib/gcc/arm-atollic-eabi/4.5.1/../../../../arm-atollic-eabi/lib/thumb/thumb2\libc.a(lib_a-writer.o)
 .ARM.attributes
                0x0000087f       0x29 c:/program files (x86)/atollic/truestudio for stmicroelectronics stm32 lite 2.3.0/armtools/bin/../lib/gcc/arm-atollic-eabi/4.5.1/../../../../arm-atollic-eabi/lib/thumb/thumb2\libc.a(lib_a-closer.o)
 .ARM.attributes
                0x000008a8       0x29 c:/program files (x86)/atollic/truestudio for stmicroelectronics stm32 lite 2.3.0/armtools/bin/../lib/gcc/arm-atollic-eabi/4.5.1/../../../../arm-atollic-eabi/lib/thumb/thumb2\libc.a(lib_a-ctype_.o)
 .ARM.attributes
                0x000008d1       0x29 c:/program files (x86)/atollic/truestudio for stmicroelectronics stm32 lite 2.3.0/armtools/bin/../lib/gcc/arm-atollic-eabi/4.5.1/../../../../arm-atollic-eabi/lib/thumb/thumb2\libc.a(lib_a-dtoa.o)
 .ARM.attributes
                0x000008fa       0x29 c:/program files (x86)/atollic/truestudio for stmicroelectronics stm32 lite 2.3.0/armtools/bin/../lib/gcc/arm-atollic-eabi/4.5.1/../../../../arm-atollic-eabi/lib/thumb/thumb2\libc.a(lib_a-findfp.o)
 .ARM.attributes
                0x00000923       0x29 c:/program files (x86)/atollic/truestudio for stmicroelectronics stm32 lite 2.3.0/armtools/bin/../lib/gcc/arm-atollic-eabi/4.5.1/../../../../arm-atollic-eabi/lib/thumb/thumb2\libc.a(lib_a-fwalk.o)
 .ARM.attributes
                0x0000094c       0x29 c:/program files (x86)/atollic/truestudio for stmicroelectronics stm32 lite 2.3.0/armtools/bin/../lib/gcc/arm-atollic-eabi/4.5.1/../../../../arm-atollic-eabi/lib/thumb/thumb2\libc.a(lib_a-impure.o)
 .ARM.attributes
                0x00000975       0x29 c:/program files (x86)/atollic/truestudio for stmicroelectronics stm32 lite 2.3.0/armtools/bin/../lib/gcc/arm-atollic-eabi/4.5.1/../../../../arm-atollic-eabi/lib/thumb/thumb2\libc.a(lib_a-iswspace.o)
 .ARM.attributes
                0x0000099e       0x29 c:/program files (x86)/atollic/truestudio for stmicroelectronics stm32 lite 2.3.0/armtools/bin/../lib/gcc/arm-atollic-eabi/4.5.1/../../../../arm-atollic-eabi/lib/thumb/thumb2\libc.a(lib_a-locale.o)
 .ARM.attributes
                0x000009c7       0x29 c:/program files (x86)/atollic/truestudio for stmicroelectronics stm32 lite 2.3.0/armtools/bin/../lib/gcc/arm-atollic-eabi/4.5.1/../../../../arm-atollic-eabi/lib/thumb/thumb2\libc.a(lib_a-lseekr.o)
 .ARM.attributes
                0x000009f0       0x29 c:/program files (x86)/atollic/truestudio for stmicroelectronics stm32 lite 2.3.0/armtools/bin/../lib/gcc/arm-atollic-eabi/4.5.1/../../../../arm-atollic-eabi/lib/thumb/thumb2\libc.a(lib_a-malloc.o)
 .ARM.attributes
                0x00000a19       0x29 c:/program files (x86)/atollic/truestudio for stmicroelectronics stm32 lite 2.3.0/armtools/bin/../lib/gcc/arm-atollic-eabi/4.5.1/../../../../arm-atollic-eabi/lib/thumb/thumb2\libc.a(lib_a-mallocr.o)
 .ARM.attributes
                0x00000a42       0x29 c:/program files (x86)/atollic/truestudio for stmicroelectronics stm32 lite 2.3.0/armtools/bin/../lib/gcc/arm-atollic-eabi/4.5.1/../../../../arm-atollic-eabi/lib/thumb/thumb2\libc.a(lib_a-mbrtowc.o)
 .ARM.attributes
                0x00000a6b       0x29 c:/program files (x86)/atollic/truestudio for stmicroelectronics stm32 lite 2.3.0/armtools/bin/../lib/gcc/arm-atollic-eabi/4.5.1/../../../../arm-atollic-eabi/lib/thumb/thumb2\libc.a(lib_a-mbtowc_r.o)
 .ARM.attributes
                0x00000a94       0x29 c:/program files (x86)/atollic/truestudio for stmicroelectronics stm32 lite 2.3.0/armtools/bin/../lib/gcc/arm-atollic-eabi/4.5.1/../../../../arm-atollic-eabi/lib/thumb/thumb2\libc.a(lib_a-memchr.o)
 .ARM.attributes
                0x00000abd       0x29 c:/program files (x86)/atollic/truestudio for stmicroelectronics stm32 lite 2.3.0/armtools/bin/../lib/gcc/arm-atollic-eabi/4.5.1/../../../../arm-atollic-eabi/lib/thumb/thumb2\libc.a(lib_a-memset.o)
 .ARM.attributes
                0x00000ae6       0x29 c:/program files (x86)/atollic/truestudio for stmicroelectronics stm32 lite 2.3.0/armtools/bin/../lib/gcc/arm-atollic-eabi/4.5.1/../../../../arm-atollic-eabi/lib/thumb/thumb2\libc.a(lib_a-mlock.o)
 .ARM.attributes
                0x00000b0f       0x29 c:/program files (x86)/atollic/truestudio for stmicroelectronics stm32 lite 2.3.0/armtools/bin/../lib/gcc/arm-atollic-eabi/4.5.1/../../../../arm-atollic-eabi/lib/thumb/thumb2\libc.a(lib_a-mprec.o)
 .ARM.attributes
                0x00000b38       0x29 c:/program files (x86)/atollic/truestudio for stmicroelectronics stm32 lite 2.3.0/armtools/bin/../lib/gcc/arm-atollic-eabi/4.5.1/../../../../arm-atollic-eabi/lib/thumb/thumb2\libc.a(lib_a-readr.o)
 .ARM.attributes
                0x00000b61       0x29 c:/program files (x86)/atollic/truestudio for stmicroelectronics stm32 lite 2.3.0/armtools/bin/../lib/gcc/arm-atollic-eabi/4.5.1/../../../../arm-atollic-eabi/lib/thumb/thumb2\libc.a(lib_a-reent.o)
 .ARM.attributes
                0x00000b8a       0x29 c:/program files (x86)/atollic/truestudio for stmicroelectronics stm32 lite 2.3.0/armtools/bin/../lib/gcc/arm-atollic-eabi/4.5.1/../../../../arm-atollic-eabi/lib/thumb/thumb2\libc.a(lib_a-sbrkr.o)
 .ARM.attributes
                0x00000bb3       0x29 c:/program files (x86)/atollic/truestudio for stmicroelectronics stm32 lite 2.3.0/armtools/bin/../lib/gcc/arm-atollic-eabi/4.5.1/../../../../arm-atollic-eabi/lib/thumb/thumb2\libc.a(lib_a-sccl.o)
 .ARM.attributes
                0x00000bdc       0x29 c:/program files (x86)/atollic/truestudio for stmicroelectronics stm32 lite 2.3.0/armtools/bin/../lib/gcc/arm-atollic-eabi/4.5.1/../../../../arm-atollic-eabi/lib/thumb/thumb2\libc.a(lib_a-sf_nan.o)
 .ARM.attributes
                0x00000c05       0x29 c:/program files (x86)/atollic/truestudio for stmicroelectronics stm32 lite 2.3.0/armtools/bin/../lib/gcc/arm-atollic-eabi/4.5.1/../../../../arm-atollic-eabi/lib/thumb/thumb2\libc.a(lib_a-s_fpclassify.o)
 .ARM.attributes
                0x00000c2e       0x29 c:/program files (x86)/atollic/truestudio for stmicroelectronics stm32 lite 2.3.0/armtools/bin/../lib/gcc/arm-atollic-eabi/4.5.1/../../../../arm-atollic-eabi/lib/thumb/thumb2\libc.a(lib_a-sprintf.o)
 .ARM.attributes
                0x00000c57       0x29 c:/program files (x86)/atollic/truestudio for stmicroelectronics stm32 lite 2.3.0/armtools/bin/../lib/gcc/arm-atollic-eabi/4.5.1/../../../../arm-atollic-eabi/lib/thumb/thumb2\libc.a(lib_a-strcmp.o)
 .ARM.attributes
                0x00000c80       0x29 c:/program files (x86)/atollic/truestudio for stmicroelectronics stm32 lite 2.3.0/armtools/bin/../lib/gcc/arm-atollic-eabi/4.5.1/../../../../arm-atollic-eabi/lib/thumb/thumb2\libc.a(lib_a-strtod.o)
 .ARM.attributes
                0x00000ca9       0x29 c:/program files (x86)/atollic/truestudio for stmicroelectronics stm32 lite 2.3.0/armtools/bin/../lib/gcc/arm-atollic-eabi/4.5.1/../../../../arm-atollic-eabi/lib/thumb/thumb2\libc.a(lib_a-strtoll_r.o)
 .ARM.attributes
                0x00000cd2       0x29 c:/program files (x86)/atollic/truestudio for stmicroelectronics stm32 lite 2.3.0/armtools/bin/../lib/gcc/arm-atollic-eabi/4.5.1/../../../../arm-atollic-eabi/lib/thumb/thumb2\libc.a(lib_a-strtol.o)
 .ARM.attributes
                0x00000cfb       0x29 c:/program files (x86)/atollic/truestudio for stmicroelectronics stm32 lite 2.3.0/armtools/bin/../lib/gcc/arm-atollic-eabi/4.5.1/../../../../arm-atollic-eabi/lib/thumb/thumb2\libc.a(lib_a-strtoull_r.o)
 .ARM.attributes
                0x00000d24       0x29 c:/program files (x86)/atollic/truestudio for stmicroelectronics stm32 lite 2.3.0/armtools/bin/../lib/gcc/arm-atollic-eabi/4.5.1/../../../../arm-atollic-eabi/lib/thumb/thumb2\libc.a(lib_a-strtoul.o)
 .ARM.attributes
                0x00000d4d       0x29 c:/program files (x86)/atollic/truestudio for stmicroelectronics stm32 lite 2.3.0/armtools/bin/../lib/gcc/arm-atollic-eabi/4.5.1/../../../../arm-atollic-eabi/lib/thumb/thumb2\libc.a(lib_a-svfiprintf.o)
 .ARM.attributes
                0x00000d76       0x29 c:/program files (x86)/atollic/truestudio for stmicroelectronics stm32 lite 2.3.0/armtools/bin/../lib/gcc/arm-atollic-eabi/4.5.1/../../../../arm-atollic-eabi/lib/thumb/thumb2\libc.a(lib_a-svfiscanf.o)
 .ARM.attributes
                0x00000d9f       0x29 c:/program files (x86)/atollic/truestudio for stmicroelectronics stm32 lite 2.3.0/armtools/bin/../lib/gcc/arm-atollic-eabi/4.5.1/../../../../arm-atollic-eabi/lib/thumb/thumb2\libc.a(lib_a-syscalls.o)
 .ARM.attributes
                0x00000dc8       0x29 c:/program files (x86)/atollic/truestudio for stmicroelectronics stm32 lite 2.3.0/armtools/bin/../lib/gcc/arm-atollic-eabi/4.5.1/../../../../arm-atollic-eabi/lib/thumb/thumb2\libc.a(lib_a-ungetc.o)
 .ARM.attributes