Archive member included because of file (symbol)

c:/program files (x86)/atollic/truestudio for stmicroelectronics stm32 lite 2.3.0/armtools/bin/../lib/gcc/arm-atollic-eabi/4.5.1/../../../../arm-atollic-eabi/lib/thumb/thumb2\libc.a(lib_a-init.o)
                              Libraries\CMSIS\CM3\DeviceSupport\ST\STM32F10x\startup\TrueSTUDIO\startup_stm32f10x_md.o (__libc_init_array)
c:/program files (x86)/atollic/truestudio for stmicroelectronics stm32 lite 2.3.0/armtools/bin/../lib/gcc/arm-atollic-eabi/4.5.1/../../../../arm-atollic-eabi/lib/thumb/thumb2\libc.a(lib_a-memcpy.o)
                              src\uart_queue.o (memcpy)
c:/program files (x86)/atollic/truestudio for stmicroelectronics stm32 lite 2.3.0/armtools/bin/../lib/gcc/arm-atollic-eabi/4.5.1/../../../../arm-atollic-eabi/lib/thumb/thumb2\libc.a(lib_a-snprintf.o)
                              src\uart_queue.o (snprintf)
c:/program files (x86)/atollic/truestudio for stmicroelectronics stm32 lite 2.3.0/armtools/bin/../lib/gcc/arm-atollic-eabi/4.5.1/../../../../arm-atollic-eabi/lib/thumb/thumb2\libc.a(lib_a-sscanf.o)
                              src\uart_queue.o (sscanf)
c:/program files (x86)/atollic/truestudio for stmicroelectronics stm32 lite 2.3.0/armtools/bin/../lib/gcc/arm-atollic-eabi/4.5.1/../../../../arm-atollic-eabi/lib/thumb/thumb2\libc.a(lib_a-stdio.o)
                              c:/program files (x86)/atollic/truestudio for stmicroelectronics stm32 lite 2.3.0/armtools/bin/../lib/gcc/arm-atollic-eabi/4.5.1/../../../../arm-atollic-eabi/lib/thumb/thumb2\libc.a(lib_a-sscanf.o) (__seofread)
c:/program files (x86)/atollic/truestudio for stmicroelectronics stm32 lite 2.3.0/armtools/bin/../lib/gcc/arm-atollic-eabi/4.5.1/../../../../arm-atollic-eabi/lib/thumb/thumb2\libc.a(lib_a-strlen.o)
                              src\uart_queue.o (strlen)
c:/program files (x86)/atollic/truestudio for stmicroelectronics stm32 lite 2.3.0/armtools/bin/../lib/gcc/arm-atollic-eabi/4.5.1/../../../../arm-atollic-eabi/lib/thumb/thumb2\libc.a(lib_a-strncpy.o)
                              src\uart_queue.o (strncpy)
c:/program files (x86)/atollic/truestudio for stmicroelectronics stm32 lite 2.3.0/armtools/bin/../lib/gcc/arm-atollic-eabi/4.5.1/../../../../arm-atollic-eabi/lib/thumb/thumb2\libc.a(lib_a-svfprintf.o)
                              c:/program files (x86)/atollic/truestudio for stmicroelectronics stm32 lite 2.3.0/armtools/bin/../lib/gcc/arm-atollic-eabi/4.5.1/../../../../arm-atollic-eabi/lib/thumb/thumb2\libc.a(lib_a-snprintf.o) (_svfprintf_r)
c:/program files (x86)/atollic/truestudio for stmicroelectronics stm32 lite 2.3.0/armtools/bin/../lib/gcc/arm-atollic-eabi/4.5.1/../../../../arm-atollic-eabi/lib/thumb/thumb2\libc.a(lib_a-svfscanf.o)
                              c:/program files (x86)/atollic/truestudio for stmicroelectronics stm32 lite 2.3.0/armtools/bin/../lib/gcc/arm-atollic-eabi/4.5.1/../../../../arm-atollic-eabi/lib/thumb/thumb2\libc.a(lib_a-sscanf.o) (__ssvfscanf_r)
c:/program files (x86)/atollic/truestudio for stmicroelectronics stm32 lite 2.3.0/armtools/bin/../lib/gcc/arm-atollic-eabi/4.5.1/../../../../arm-atollic-eabi/lib/thumb/thumb2\libc.a(lib_a-writer.o)
                              c:/program files (x86)/atollic/truestudio for stmicroelectronics stm32 lite 2.3.0/armtools/bin/../lib/gcc/arm-atollic-eabi/4.5.1/../../../../arm-atollic-eabi/lib/thumb/thumb2\libc.a(lib_a-stdio.o) (_write_r)
c:/program files (x86)/atollic/truestudio for stmicroelectronics stm32 lite 2.3.0/armtools/bin/../lib/gcc/arm-atollic-eabi/4.5.1/../../../../arm-atollic-eabi/lib/thumb/thumb2\libc.a(lib_a-closer.o)
                              c:/program files (x86)/atollic/truestudio for stmicroelectronics stm32 lite 2.3.0/armtools/bin/../lib/gcc/arm-atollic-eabi/4.5.1/../../../../arm-atollic-eabi/lib/thumb/thumb2\libc.a(lib_a-stdio.o) (_close_r)
c:/program files (x86)/atollic/truestudio for stmicroelectronics stm32 lite 2.3.0/armtools/bin/../lib/gcc/arm-atollic-eabi/4.5.1/../../../../arm-atollic-eabi/lib/thumb/thumb2\libc.a(lib_a-ctype_.o)
                              c:/program files (x86)/atollic/truestudio for stmicroelectronics stm32 lite 2.3.0/armtools/bin/../lib/gcc/arm-atollic-eabi/4.5.1/../../../../arm-atollic-eabi/lib/thumb/thumb2\libc.a(lib_a-svfscanf.o) (__ctype_ptr__)
c:/program files (x86)/atollic/truestudio for stmicroelectronics stm32 lite 2.3.0/armtools/bin/../lib/gcc/arm-atollic-eabi/4.5.1/../../../../arm-atollic-eabi/lib/thumb/thumb2\libc.a(lib_a-dtoa.o)
                              c:/program files (x86)/atollic/truestudio for stmicroelectronics stm32 lite 2.3.0/armtools/bin/../lib/gcc/arm-atollic-eabi/4.5.1/../../../../arm-atollic-eabi/lib/thumb/thumb2\libc.a(lib_a-svfprintf.o) (_dtoa_r)
c:/program files (x86)/atollic/truestudio for stmicroelectronics stm32 lite 2.3.0/armtools/bin/../lib/gcc/arm-atollic-eabi/4.5.1/../../../../arm-atollic-eabi/lib/thumb/thumb2\libc.a(lib_a-findfp.o)
[...]
Memory Configuration

Name             Origin             Length             Attributes
FLASH            0x08000000         0x0000f000         xr
FLASH_B1         0x0800ea60         0x00001000         rw
RAM              0x20000000         0x00002800         xrw
MEMORY_B1        0x60000000         0x00000000         xr
*default*        0x00000000         0xffffffff

Linker script and memory map

LOAD c:/program files (x86)/atollic/truestudio for stmicroelectronics stm32 lite 2.3.0/armtools/bin/../lib/gcc/arm-atollic-eabi/4.5.1/thumb/thumb2/crti.o
LOAD c:/program files (x86)/atollic/truestudio for stmicroelectronics stm32 lite 2.3.0/armtools/bin/../lib/gcc/arm-atollic-eabi/4.5.1/thumb/thumb2/crtbegin.o
LOAD src\uart_queue.o
LOAD src\uart_functions.o
LOAD src\system_stm32f10x.o
LOAD src\stm32f10x_it.o
LOAD src\spi_functions.o
LOAD src\node_functions.o
LOAD src\measurements.o
LOAD src\main.o
LOAD src\i2c_functions.o
LOAD src\collector.o
LOAD Libraries\STM32F10x_StdPeriph_Driver\src\stm32f10x_wwdg.o
LOAD Libraries\STM32F10x_StdPeriph_Driver\src\stm32f10x_usart.o
LOAD Libraries\STM32F10x_StdPeriph_Driver\src\stm32f10x_tim.o
LOAD Libraries\STM32F10x_StdPeriph_Driver\src\stm32f10x_spi.o
LOAD Libraries\STM32F10x_StdPeriph_Driver\src\stm32f10x_sdio.o
LOAD Libraries\STM32F10x_StdPeriph_Driver\src\stm32f10x_rtc.o
LOAD Libraries\STM32F10x_StdPeriph_Driver\src\stm32f10x_rcc.o
LOAD Libraries\STM32F10x_StdPeriph_Driver\src\stm32f10x_pwr.o
LOAD Libraries\STM32F10x_StdPeriph_Driver\src\stm32f10x_iwdg.o
LOAD Libraries\STM32F10x_StdPeriph_Driver\src\stm32f10x_i2c.o
LOAD Libraries\STM32F10x_StdPeriph_Driver\src\stm32f10x_gpio.o
LOAD Libraries\STM32F10x_StdPeriph_Driver\src\stm32f10x_fsmc.o
LOAD Libraries\STM32F10x_StdPeriph_Driver\src\stm32f10x_flash.o
LOAD Libraries\STM32F10x_StdPeriph_Driver\src\stm32f10x_exti.o
LOAD Libraries\STM32F10x_StdPeriph_Driver\src\stm32f10x_dma.o
LOAD Libraries\STM32F10x_StdPeriph_Driver\src\stm32f10x_dbgmcu.o
LOAD Libraries\STM32F10x_StdPeriph_Driver\src\stm32f10x_dac.o
LOAD Libraries\STM32F10x_StdPeriph_Driver\src\stm32f10x_crc.o
LOAD Libraries\STM32F10x_StdPeriph_Driver\src\stm32f10x_cec.o
LOAD Libraries\STM32F10x_StdPeriph_Driver\src\stm32f10x_can.o
LOAD Libraries\STM32F10x_StdPeriph_Driver\src\stm32f10x_bkp.o
LOAD Libraries\STM32F10x_StdPeriph_Driver\src\stm32f10x_adc.o
LOAD Libraries\STM32F10x_StdPeriph_Driver\src\misc.o
LOAD Libraries\CMSIS\CM3\DeviceSupport\ST\STM32F10x\startup\TrueSTUDIO\startup_stm32f10x_md.o
LOAD Libraries\CMSIS\CM3\CoreSupport\core_cm3.o
LOAD c:/program files (x86)/atollic/truestudio for stmicroelectronics stm32 lite 2.3.0/armtools/bin/../lib/gcc/arm-atollic-eabi/4.5.1/../../../../arm-atollic-eabi/lib/thumb/thumb2\libm.a
                0x00001000                malloc_getpagesize_P = 0x1000
START GROUP
LOAD c:/program files (x86)/atollic/truestudio for stmicroelectronics stm32 lite 2.3.0/armtools/bin/../lib/gcc/arm-atollic-eabi/4.5.1/thumb/thumb2\libgcc.a
LOAD c:/program files (x86)/atollic/truestudio for stmicroelectronics stm32 lite 2.3.0/armtools/bin/../lib/gcc/arm-atollic-eabi/4.5.1/../../../../arm-atollic-eabi/lib/thumb/thumb2\libc.a
END GROUP
LOAD c:/program files (x86)/atollic/truestudio for stmicroelectronics stm32 lite 2.3.0/armtools/bin/../lib/gcc/arm-atollic-eabi/4.5.1/thumb/thumb2/crtend.o
LOAD c:/program files (x86)/atollic/truestudio for stmicroelectronics stm32 lite 2.3.0/armtools/bin/../lib/gcc/arm-atollic-eabi/4.5.1/thumb/thumb2/crtn.o
                0x20002800                _estack = 0x20002800
                0x00000000                _Min_Heap_Size = 0x0
                0x00000080                _Min_Stack_Size = 0x80

.flash_data_sect
 *(.flash_data_sect)

.isr_vector     0x08000000      0x10c
                0x08000000                . = ALIGN (0x4)
 *(.isr_vector)
 .isr_vector    0x08000000      0x10c Libraries\CMSIS\CM3\DeviceSupport\ST\STM32F10x\startup\TrueSTUDIO\startup_stm32f10x_md.o
                0x08000000                g_pfnVectors
                0x0800010c                . = ALIGN (0x4)

.text           0x08000110     0xd66c
                0x08000110                . = ALIGN (0x4)
 *(.text)
 .text          0x08000110       0x30 c:/program files (x86)/atollic/truestudio for stmicroelectronics stm32 lite 2.3.0/armtools/bin/../lib/gcc/arm-atollic-eabi/4.5.1/thumb/thumb2/crtbegin.o
 .text          0x08000140      0x278 c:/program files (x86)/atollic/truestudio for stmicroelectronics stm32 lite 2.3.0/armtools/bin/../lib/gcc/arm-atollic-eabi/4.5.1/thumb/thumb2\libgcc.a(_udivsi3.o)
                0x08000140                __aeabi_uidiv
                0x08000140                __udivsi3
                0x0800039c                __aeabi_uidivmod
 .text          0x080003b8      0x2b0 c:/program files (x86)/atollic/truestudio for stmicroelectronics stm32 lite 2.3.0/armtools/bin/../lib/gcc/arm-atollic-eabi/4.5.1/thumb/thumb2\libgcc.a(_divsi3.o)
                0x080003b8                __divsi3
                0x080003b8                __aeabi_idiv
                0x0800064c                __aeabi_idivmod
 .text          0x08000668        0x4 c:/program files (x86)/atollic/truestudio for stmicroelectronics stm32 lite 2.3.0/armtools/bin/../lib/gcc/arm-atollic-eabi/4.5.1/thumb/thumb2\libgcc.a(_dvmd_tls.o)
                0x08000668                __aeabi_idiv0
                0x08000668                __aeabi_ldiv0
 .text          0x0800066c      0x370 c:/program files (x86)/atollic/truestudio for stmicroelectronics stm32 lite 2.3.0/armtools/bin/../lib/gcc/arm-atollic-eabi/4.5.1/thumb/thumb2\libgcc.a(_arm_addsubdf3.o)
                0x0800066c                __aeabi_drsub
                0x08000674                __aeabi_dsub
                0x08000674                __subdf3
                0x08000678                __aeabi_dadd
                0x08000678                __adddf3
                0x080008f0                __floatunsidf
                0x080008f0                __aeabi_ui2d
                0x08000910                __floatsidf
                0x08000910                __aeabi_i2d
                0x08000934                __aeabi_f2d
                0x08000934                __extendsfdf2
                0x08000970                __floatundidf
                0x08000970                __aeabi_ul2d
                0x08000980                __floatdidf
                0x08000980                __aeabi_l2d
 .text          0x080009dc      0x424 c:/program files (x86)/atollic/truestudio for stmicroelectronics stm32 lite 2.3.0/armtools/bin/../lib/gcc/arm-atollic-eabi/4.5.1/thumb/thumb2\libgcc.a(_arm_muldivdf3.o)
                0x080009dc                __aeabi_dmul
                0x080009dc                __muldf3
                0x08000c30                __divdf3
                0x08000c30                __aeabi_ddiv
 .text          0x08000e00      0x110 c:/program files (x86)/atollic/truestudio for stmicroelectronics stm32 lite 2.3.0/armtools/bin/../lib/gcc/arm-atollic-eabi/4.5.1/thumb/thumb2\libgcc.a(_arm_cmpdf2.o)
                0x08000e00                __gtdf2
                0x08000e00                __gedf2
                0x08000e08                __ltdf2
                0x08000e08                __ledf2
                0x08000e10                __nedf2
                0x08000e10                __eqdf2
                0x08000e10                __cmpdf2
                0x08000e8c                __aeabi_cdrcmple
                0x08000e9c                __aeabi_cdcmpeq
                0x08000e9c                __aeabi_cdcmple
                0x08000eac                __aeabi_dcmpeq
                0x08000ec0                __aeabi_dcmplt
                0x08000ed4                __aeabi_dcmple
                0x08000ee8                __aeabi_dcmpge
                0x08000efc                __aeabi_dcmpgt
 .text          0x08000f10       0x50 c:/program files (x86)/atollic/truestudio for stmicroelectronics stm32 lite 2.3.0/armtools/bin/../lib/gcc/arm-atollic-eabi/4.5.1/thumb/thumb2\libgcc.a(_arm_fixdfsi.o)
                0x08000f10                __aeabi_d2iz
                0x08000f10                __fixdfsi
 .text          0x08000f60       0x40 c:/program files (x86)/atollic/truestudio for stmicroelectronics stm32 lite 2.3.0/armtools/bin/../lib/gcc/arm-atollic-eabi/4.5.1/thumb/thumb2\libgcc.a(_arm_fixunsdfsi.o)
                0x08000f60                __aeabi_d2uiz
                0x08000f60                __fixunsdfsi
 .text          0x08000fa0       0xa0 c:/program files (x86)/atollic/truestudio for stmicroelectronics stm32 lite 2.3.0/armtools/bin/../lib/gcc/arm-atollic-eabi/4.5.1/thumb/thumb2\libgcc.a(_arm_truncdfsf2.o)
                0x08000fa0                __truncdfsf2
                0x08000fa0                __aeabi_d2f
 .text          0x08001040       0x2c c:/program files (x86)/atollic/truestudio for stmicroelectronics stm32 lite 2.3.0/armtools/bin/../lib/gcc/arm-atollic-eabi/4.5.1/thumb/thumb2\libgcc.a(_aeabi_uldivmod.o)
                0x08001040                __aeabi_uldivmod
 .text          0x0800106c       0x60 c:/program files (x86)/atollic/truestudio for stmicroelectronics stm32 lite 2.3.0/armtools/bin/../lib/gcc/arm-atollic-eabi/4.5.1/thumb/thumb2\libgcc.a(bpabi.o)
                0x0800106c                __gnu_ldivmod_helper
                0x0800109c                __gnu_uldivmod_helper
 .text          0x080010cc      0x364 c:/program files (x86)/atollic/truestudio for stmicroelectronics stm32 lite 2.3.0/armtools/bin/../lib/gcc/arm-atollic-eabi/4.5.1/thumb/thumb2\libgcc.a(_divdi3.o)
                0x080010cc                __divdi3
 .text          0x08001430      0x314 c:/program files (x86)/atollic/truestudio for stmicroelectronics stm32 lite 2.3.0/armtools/bin/../lib/gcc/arm-atollic-eabi/4.5.1/thumb/thumb2\libgcc.a(_udivdi3.o)
                0x08001430                __udivdi3
 *(.text*)
 .text.__enable_irq
                0x08001744        0xc src\uart_queue.o
 .text.__disable_irq
                0x08001750        0xc src\uart_queue.o
 .text.uart_queue_initialize
                0x0800175c       0x88 src\uart_queue.o
                0x0800175c                uart_queue_initialize
 .text.uart_queue_is_empty
                0x080017e4       0x28 src\uart_queue.o
                0x080017e4                uart_queue_is_empty
 .text.uart_queue_length
                0x0800180c       0x48 src\uart_queue.o
                0x0800180c                uart_queue_length
 .text.uart_queue_pop_line
                0x08001854       0x9c src\uart_queue.o
                0x08001854                uart_queue_pop_line
 .text.uart_queue_push_line
                0x080018f0       0x94 src\uart_queue.o
                0x080018f0                uart_queue_push_line
 .text.process_uart_output
                0x08001984       0x58 src\uart_queue.o
                0x08001984                process_uart_output
 .text.uart_output_interrupt
                0x080019dc       0x44 src\uart_queue.o
                0x080019dc                uart_output_interrupt
 .text.process_uart_input
                0x08001a20      0x658 src\uart_queue.o
                0x08001a20                process_uart_input
 .text.uart_config
                0x08002078      0x204 src\uart_functions.o
                0x08002078                uart_config
 .text.send_uart_dma
                0x0800227c       0xa0 src\uart_functions.o
                0x0800227c                send_uart_dma
 .text.receive_uart
                0x0800231c       0xd8 src\uart_functions.o
                0x0800231c                receive_uart
 .text.SystemInit
                0x080023f4       0xb8 src\system_stm32f10x.o
                0x080023f4                SystemInit
 .text.SetSysClock
                0x080024ac        0xc src\system_stm32f10x.o
 .text.clock_init
                0x080024b8       0x5c src\system_stm32f10x.o
                0x080024b8                clock_init
 .text.NMI_Handler
                0x08002514        0xc src\stm32f10x_it.o
                0x08002514                NMI_Handler
 .text.HardFault_Handler
                0x08002520        0x8 src\stm32f10x_it.o
                0x08002520                HardFault_Handler
 .text.MemManage_Handler
                0x08002528        0x8 src\stm32f10x_it.o
                0x08002528                MemManage_Handler
 .text.BusFault_Handler
                0x08002530        0x8 src\stm32f10x_it.o
                0x08002530                BusFault_Handler
 .text.UsageFault_Handler
                0x08002538        0x8 src\stm32f10x_it.o
                0x08002538                UsageFault_Handler
 .text.SVC_Handler
                0x08002540        0xc src\stm32f10x_it.o
                0x08002540                SVC_Handler
 .text.DebugMon_Handler
                0x0800254c        0xc src\stm32f10x_it.o
                0x0800254c                DebugMon_Handler
 .text.PendSV_Handler
                0x08002558        0xc src\stm32f10x_it.o
                0x08002558                PendSV_Handler
 .text.SysTick_Handler
                0x08002564       0x30 src\stm32f10x_it.o
                0x08002564                SysTick_Handler
 .text.DMA1_Channel4_IRQHandler
                0x08002594       0x14 src\stm32f10x_it.o
                0x08002594                DMA1_Channel4_IRQHandler
 .text.USART1_IRQHandler
                0x080025a8       0x14 src\stm32f10x_it.o
                0x080025a8                USART1_IRQHandler
 .text.EXTI15_10_IRQHandler
                0x080025bc      0x2d4 src\stm32f10x_it.o
                0x080025bc                EXTI15_10_IRQHandler
 .text.I2C1_EV_IRQHandler
                0x08002890      0x570 src\stm32f10x_it.o
                0x08002890                I2C1_EV_IRQHandler
 .text.TIM3_IRQHandler
                0x08002e00      0x14c src\stm32f10x_it.o
                0x08002e00                TIM3_IRQHandler
 .text.TIM2_IRQHandler
                0x08002f4c       0x98 src\stm32f10x_it.o
                0x08002f4c                TIM2_IRQHandler
 .text.I2C1_ER_IRQHandler
                0x08002fe4       0xd4 src\stm32f10x_it.o
                0x08002fe4                I2C1_ER_IRQHandler
 .text.spi_config
                0x080030b8       0xcc src\spi_functions.o
                0x080030b8                spi_config
 .text.read_spi
                0x08003184      0x2b4 src\spi_functions.o
                0x08003184                read_spi
 .text.__enable_irq
                0x08003438        0xc src\node_functions.o
 .text.__disable_irq
                0x08003444        0xc src\node_functions.o
 .text.calibrate_angles
                0x08003450       0x94 src\node_functions.o
                0x08003450                calibrate_angles
 .text.set_leds
                0x080034e4      0x280 src\node_functions.o
                0x080034e4                set_leds
 .text.set_type
                0x08003764       0x60 src\node_functions.o
                0x08003764                set_type
 .text.topo_config
                0x080037c4      0x180 src\node_functions.o
                0x080037c4                topo_config
 .text.send_topo
                0x08003944       0x34 src\node_functions.o
                0x08003944                send_topo
 .text.restart_slaves
                0x08003978       0x2c src\node_functions.o
                0x08003978                restart_slaves
 .text.led_config
                0x080039a4      0x1e4 src\node_functions.o
                0x080039a4                led_config
 .text.waiter_config
                0x08003b88       0x54 src\node_functions.o
                0x08003b88                waiter_config
 .text.wait_ms  0x08003bdc       0x58 src\node_functions.o
                0x08003bdc                wait_ms
 .text.wait     0x08003c34       0x58 src\node_functions.o
                0x08003c34                wait
 .text.is_splitter
                0x08003c8c       0x2c src\node_functions.o
                0x08003c8c                is_splitter
 .text.is_joint
                0x08003cb8       0x2c src\node_functions.o
                0x08003cb8                is_joint
 .text.__enable_irq
                0x08003ce4        0xc src\measurements.o
 .text.__disable_irq
                0x08003cf0        0xc src\measurements.o
 .text.initialize_measurements
                0x08003cfc       0x8c src\measurements.o
                0x08003cfc                initialize_measurements
 .text.collect_joint_measurements
                0x08003d88      0x118 src\measurements.o
                0x08003d88                collect_joint_measurements
 .text.pack_joint_measurements_for_i2c
                0x08003ea0       0x5c src\measurements.o
                0x08003ea0                pack_joint_measurements_for_i2c
 .text.create_joint_message
                0x08003efc       0x5c src\measurements.o
                0x08003efc                create_joint_message
 .text.main     0x08003f58      0x11c src\main.o
                0x08003f58                main
 .text.__enable_irq
                0x08004074        0xc src\i2c_functions.o
 .text.__disable_irq
                0x08004080        0xc src\i2c_functions.o
 .text.NVIC_EnableIRQ
                0x0800408c       0x38 src\i2c_functions.o
 .text.NVIC_SetPriority
                0x080040c4       0x5c src\i2c_functions.o
 .text.i2c_config
                0x08004120      0x170 src\i2c_functions.o
                0x08004120                i2c_config
 .text.send_i2c
                0x08004290      0x290 src\i2c_functions.o
                0x08004290                send_i2c
 .text.receive_i2c
                0x08004520      0x314 src\i2c_functions.o
                0x08004520                receive_i2c
 .text.clear_busy_i2c
                0x08004834       0xac src\i2c_functions.o
                0x08004834                clear_busy_i2c
 .text.run_collector_state_machine
                0x080048e0      0x940 src\collector.o
                0x080048e0                run_collector_state_machine
 .text.USART_Init
                0x08005220      0x1c0 Libraries\STM32F10x_StdPeriph_Driver\src\stm32f10x_usart.o
                0x08005220                USART_Init
 .text.USART_Cmd
                0x080053e0       0x40 Libraries\STM32F10x_StdPeriph_Driver\src\stm32f10x_usart.o
                0x080053e0                USART_Cmd
 .text.USART_ITConfig
                0x08005420       0xa8 Libraries\STM32F10x_StdPeriph_Driver\src\stm32f10x_usart.o
                0x08005420                USART_ITConfig
 .text.USART_DMACmd
                0x080054c8       0x4c Libraries\STM32F10x_StdPeriph_Driver\src\stm32f10x_usart.o
                0x080054c8                USART_DMACmd
 .text.USART_ReceiveData
                0x08005514       0x24 Libraries\STM32F10x_StdPeriph_Driver\src\stm32f10x_usart.o
                0x08005514                USART_ReceiveData
 .text.USART_GetITStatus
                0x08005538       0xcc Libraries\STM32F10x_StdPeriph_Driver\src\stm32f10x_usart.o
                0x08005538                USART_GetITStatus
 .text.TIM_TimeBaseInit
                0x08005604      0x120 Libraries\STM32F10x_StdPeriph_Driver\src\stm32f10x_tim.o
                0x08005604                TIM_TimeBaseInit
 .text.TIM_OC1Init
                0x08005724      0x134 Libraries\STM32F10x_StdPeriph_Driver\src\stm32f10x_tim.o
                0x08005724                TIM_OC1Init
 .text.TIM_OC2Init
                0x08005858      0x134 Libraries\STM32F10x_StdPeriph_Driver\src\stm32f10x_tim.o
                0x08005858                TIM_OC2Init
 .text.TIM_Cmd  0x0800598c       0x40 Libraries\STM32F10x_StdPeriph_Driver\src\stm32f10x_tim.o
                0x0800598c                TIM_Cmd
 .text.TIM_ITConfig
                0x080059cc       0x4c Libraries\STM32F10x_StdPeriph_Driver\src\stm32f10x_tim.o
                0x080059cc                TIM_ITConfig
 .text.TIM_OC1PreloadConfig
                0x08005a18       0x3c Libraries\STM32F10x_StdPeriph_Driver\src\stm32f10x_tim.o
                0x08005a18                TIM_OC1PreloadConfig
 .text.TIM_OC2PreloadConfig
                0x08005a54       0x40 Libraries\STM32F10x_StdPeriph_Driver\src\stm32f10x_tim.o
                0x08005a54                TIM_OC2PreloadConfig
 .text.TIM_SetCompare1
                0x08005a94       0x1c Libraries\STM32F10x_StdPeriph_Driver\src\stm32f10x_tim.o
                0x08005a94                TIM_SetCompare1
 .text.TIM_SetCompare2
                0x08005ab0       0x1c Libraries\STM32F10x_StdPeriph_Driver\src\stm32f10x_tim.o
                0x08005ab0                TIM_SetCompare2
 .text.TIM_GetCapture1
                0x08005acc       0x1c Libraries\STM32F10x_StdPeriph_Driver\src\stm32f10x_tim.o
                0x08005acc                TIM_GetCapture1
 .text.TIM_GetCapture2
                0x08005ae8       0x1c Libraries\STM32F10x_StdPeriph_Driver\src\stm32f10x_tim.o
                0x08005ae8                TIM_GetCapture2
 .text.TIM_GetCounter
                0x08005b04       0x1c Libraries\STM32F10x_StdPeriph_Driver\src\stm32f10x_tim.o
                0x08005b04                TIM_GetCounter
 .text.TIM_GetITStatus
                0x08005b20       0x64 Libraries\STM32F10x_StdPeriph_Driver\src\stm32f10x_tim.o
                0x08005b20                TIM_GetITStatus
 .text.TIM_ClearITPendingBit
                0x08005b84       0x24 Libraries\STM32F10x_StdPeriph_Driver\src\stm32f10x_tim.o
                0x08005b84                TIM_ClearITPendingBit
 .text.SPI_Init
                0x08005ba8       0x98 Libraries\STM32F10x_StdPeriph_Driver\src\stm32f10x_spi.o
                0x08005ba8                SPI_Init
 .text.SPI_Cmd  0x08005c40       0x40 Libraries\STM32F10x_StdPeriph_Driver\src\stm32f10x_spi.o
                0x08005c40                SPI_Cmd
 .text.SPI_I2S_SendData
                0x08005c80       0x1c Libraries\STM32F10x_StdPeriph_Driver\src\stm32f10x_spi.o
                0x08005c80                SPI_I2S_SendData
 .text.SPI_I2S_ReceiveData
                0x08005c9c       0x1c Libraries\STM32F10x_StdPeriph_Driver\src\stm32f10x_spi.o
                0x08005c9c                SPI_I2S_ReceiveData
 .text.SPI_BiDirectionalLineConfig
                0x08005cb8       0x40 Libraries\STM32F10x_StdPeriph_Driver\src\stm32f10x_spi.o
                0x08005cb8                SPI_BiDirectionalLineConfig
 .text.SPI_I2S_GetFlagStatus
                0x08005cf8       0x40 Libraries\STM32F10x_StdPeriph_Driver\src\stm32f10x_spi.o
                0x08005cf8                SPI_I2S_GetFlagStatus
 .text.RCC_PLLConfig
                0x08005d38       0x4c Libraries\STM32F10x_StdPeriph_Driver\src\stm32f10x_rcc.o
                0x08005d38                RCC_PLLConfig
 .text.RCC_PLLCmd
                0x08005d84       0x20 Libraries\STM32F10x_StdPeriph_Driver\src\stm32f10x_rcc.o
                0x08005d84                RCC_PLLCmd
 .text.RCC_SYSCLKConfig
                0x08005da4       0x44 Libraries\STM32F10x_StdPeriph_Driver\src\stm32f10x_rcc.o
                0x08005da4                RCC_SYSCLKConfig
 .text.RCC_HCLKConfig
                0x08005de8       0x44 Libraries\STM32F10x_StdPeriph_Driver\src\stm32f10x_rcc.o
                0x08005de8                RCC_HCLKConfig
 .text.RCC_PCLK1Config
                0x08005e2c       0x44 Libraries\STM32F10x_StdPeriph_Driver\src\stm32f10x_rcc.o
                0x08005e2c                RCC_PCLK1Config
 .text.RCC_PCLK2Config
                0x08005e70       0x48 Libraries\STM32F10x_StdPeriph_Driver\src\stm32f10x_rcc.o
                0x08005e70                RCC_PCLK2Config
 .text.RCC_ADCCLKConfig
                0x08005eb8       0x44 Libraries\STM32F10x_StdPeriph_Driver\src\stm32f10x_rcc.o
                0x08005eb8                RCC_ADCCLKConfig
 .text.RCC_GetClocksFreq
                0x08005efc      0x1d4 Libraries\STM32F10x_StdPeriph_Driver\src\stm32f10x_rcc.o
                0x08005efc                RCC_GetClocksFreq
 .text.RCC_AHBPeriphClockCmd
                0x080060d0       0x5c Libraries\STM32F10x_StdPeriph_Driver\src\stm32f10x_rcc.o
                0x080060d0                RCC_AHBPeriphClockCmd
 .text.RCC_APB2PeriphClockCmd
                0x0800612c       0x5c Libraries\STM32F10x_StdPeriph_Driver\src\stm32f10x_rcc.o
                0x0800612c                RCC_APB2PeriphClockCmd
 .text.RCC_APB1PeriphClockCmd
                0x08006188       0x5c Libraries\STM32F10x_StdPeriph_Driver\src\stm32f10x_rcc.o
                0x08006188                RCC_APB1PeriphClockCmd
 .text.RCC_APB1PeriphResetCmd
                0x080061e4       0x5c Libraries\STM32F10x_StdPeriph_Driver\src\stm32f10x_rcc.o
                0x080061e4                RCC_APB1PeriphResetCmd
 .text.RCC_GetFlagStatus
                0x08006240       0x90 Libraries\STM32F10x_StdPeriph_Driver\src\stm32f10x_rcc.o
                0x08006240                RCC_GetFlagStatus
 .text.I2C_DeInit
                0x080062d0       0x50 Libraries\STM32F10x_StdPeriph_Driver\src\stm32f10x_i2c.o
                0x080062d0                I2C_DeInit
 .text.I2C_Init
                0x08006320      0x1b8 Libraries\STM32F10x_StdPeriph_Driver\src\stm32f10x_i2c.o
                0x08006320                I2C_Init
 .text.I2C_Cmd  0x080064d8       0x40 Libraries\STM32F10x_StdPeriph_Driver\src\stm32f10x_i2c.o
                0x080064d8                I2C_Cmd
 .text.I2C_GenerateSTART
                0x08006518       0x40 Libraries\STM32F10x_StdPeriph_Driver\src\stm32f10x_i2c.o
                0x08006518                I2C_GenerateSTART
 .text.I2C_GenerateSTOP
                0x08006558       0x40 Libraries\STM32F10x_StdPeriph_Driver\src\stm32f10x_i2c.o
                0x08006558                I2C_GenerateSTOP
 .text.I2C_AcknowledgeConfig
                0x08006598       0x40 Libraries\STM32F10x_StdPeriph_Driver\src\stm32f10x_i2c.o
                0x08006598                I2C_AcknowledgeConfig
 .text.I2C_GeneralCallCmd
                0x080065d8       0x40 Libraries\STM32F10x_StdPeriph_Driver\src\stm32f10x_i2c.o
                0x080065d8                I2C_GeneralCallCmd
 .text.I2C_ITConfig
                0x08006618       0x4c Libraries\STM32F10x_StdPeriph_Driver\src\stm32f10x_i2c.o
                0x08006618                I2C_ITConfig
 .text.I2C_SendData
                0x08006664       0x20 Libraries\STM32F10x_StdPeriph_Driver\src\stm32f10x_i2c.o
                0x08006664                I2C_SendData
 .text.I2C_ReceiveData
                0x08006684       0x1c Libraries\STM32F10x_StdPeriph_Driver\src\stm32f10x_i2c.o
                0x08006684                I2C_ReceiveData
 .text.I2C_Send7bitAddress
                0x080066a0       0x3c Libraries\STM32F10x_StdPeriph_Driver\src\stm32f10x_i2c.o
                0x080066a0                I2C_Send7bitAddress
 .text.I2C_CheckEvent
                0x080066dc       0x70 Libraries\STM32F10x_StdPeriph_Driver\src\stm32f10x_i2c.o
                0x080066dc                I2C_CheckEvent
 .text.I2C_GetFlagStatus
                0x0800674c       0x7c Libraries\STM32F10x_StdPeriph_Driver\src\stm32f10x_i2c.o
                0x0800674c                I2C_GetFlagStatus
 .text.I2C_GetITStatus
                0x080067c8       0x68 Libraries\STM32F10x_StdPeriph_Driver\src\stm32f10x_i2c.o
                0x080067c8                I2C_GetITStatus
 .text.GPIO_Init
                0x08006830      0x1c0 Libraries\STM32F10x_StdPeriph_Driver\src\stm32f10x_gpio.o
                0x08006830                GPIO_Init
 .text.GPIO_SetBits
                0x080069f0       0x1c Libraries\STM32F10x_StdPeriph_Driver\src\stm32f10x_gpio.o
                0x080069f0                GPIO_SetBits
 .text.GPIO_ResetBits
                0x08006a0c       0x1c Libraries\STM32F10x_StdPeriph_Driver\src\stm32f10x_gpio.o
                0x08006a0c                GPIO_ResetBits
 .text.GPIO_PinRemapConfig
                0x08006a28      0x124 Libraries\STM32F10x_StdPeriph_Driver\src\stm32f10x_gpio.o
                0x08006a28                GPIO_PinRemapConfig
 .text.GPIO_EXTILineConfig
                0x08006b4c       0xb4 Libraries\STM32F10x_StdPeriph_Driver\src\stm32f10x_gpio.o
                0x08006b4c                GPIO_EXTILineConfig
 .text.FLASH_SetLatency
                0x08006c00       0x44 Libraries\STM32F10x_StdPeriph_Driver\src\stm32f10x_flash.o
                0x08006c00                FLASH_SetLatency
 .text.FLASH_Unlock
                0x08006c44       0x30 Libraries\STM32F10x_StdPeriph_Driver\src\stm32f10x_flash.o
                0x08006c44                FLASH_Unlock
 .text.FLASH_Lock
                0x08006c74       0x24 Libraries\STM32F10x_StdPeriph_Driver\src\stm32f10x_flash.o
                0x08006c74                FLASH_Lock
 .text.FLASH_ErasePage
                0x08006c98       0x94 Libraries\STM32F10x_StdPeriph_Driver\src\stm32f10x_flash.o
                0x08006c98                FLASH_ErasePage
 .text.FLASH_EraseOptionBytes
                0x08006d2c      0x140 Libraries\STM32F10x_StdPeriph_Driver\src\stm32f10x_flash.o
                0x08006d2c                FLASH_EraseOptionBytes
 .text.FLASH_ProgramHalfWord
                0x08006e6c       0x78 Libraries\STM32F10x_StdPeriph_Driver\src\stm32f10x_flash.o
                0x08006e6c                FLASH_ProgramHalfWord
 .text.FLASH_ProgramOptionByteData
                0x08006ee4       0xa4 Libraries\STM32F10x_StdPeriph_Driver\src\stm32f10x_flash.o
                0x08006ee4                FLASH_ProgramOptionByteData
 .text.FLASH_UserOptionByteConfig
                0x08006f88       0xc4 Libraries\STM32F10x_StdPeriph_Driver\src\stm32f10x_flash.o
                0x08006f88                FLASH_UserOptionByteConfig
 .text.FLASH_GetUserOptionByte
                0x0800704c       0x1c Libraries\STM32F10x_StdPeriph_Driver\src\stm32f10x_flash.o
                0x0800704c                FLASH_GetUserOptionByte
 .text.FLASH_GetWriteProtectionOptionByte
                0x08007068       0x18 Libraries\STM32F10x_StdPeriph_Driver\src\stm32f10x_flash.o
                0x08007068                FLASH_GetWriteProtectionOptionByte
 .text.FLASH_GetReadOutProtectionStatus
                0x08007080       0x3c Libraries\STM32F10x_StdPeriph_Driver\src\stm32f10x_flash.o
                0x08007080                FLASH_GetReadOutProtectionStatus
 .text.FLASH_ClearFlag
                0x080070bc       0x20 Libraries\STM32F10x_StdPeriph_Driver\src\stm32f10x_flash.o
                0x080070bc                FLASH_ClearFlag
 .text.FLASH_GetBank1Status
                0x080070dc       0x70 Libraries\STM32F10x_StdPeriph_Driver\src\stm32f10x_flash.o
                0x080070dc                FLASH_GetBank1Status
 .text.FLASH_WaitForLastOperation
                0x0800714c       0x4c Libraries\STM32F10x_StdPeriph_Driver\src\stm32f10x_flash.o
                0x0800714c                FLASH_WaitForLastOperation
 .text.EXTI_Init
                0x08007198      0x158 Libraries\STM32F10x_StdPeriph_Driver\src\stm32f10x_exti.o
                0x08007198                EXTI_Init
 .text.EXTI_ClearITPendingBit
                0x080072f0       0x20 Libraries\STM32F10x_StdPeriph_Driver\src\stm32f10x_exti.o
                0x080072f0                EXTI_ClearITPendingBit
 .text.DMA_DeInit
                0x08007310      0x224 Libraries\STM32F10x_StdPeriph_Driver\src\stm32f10x_dma.o
                0x08007310                DMA_DeInit
 .text.DMA_Init
                0x08007534       0x84 Libraries\STM32F10x_StdPeriph_Driver\src\stm32f10x_dma.o
                0x08007534                DMA_Init
 .text.DMA_Cmd  0x080075b8       0x3c Libraries\STM32F10x_StdPeriph_Driver\src\stm32f10x_dma.o
                0x080075b8                DMA_Cmd
 .text.DMA_ITConfig
                0x080075f4       0x40 Libraries\STM32F10x_StdPeriph_Driver\src\stm32f10x_dma.o
                0x080075f4                DMA_ITConfig
 .text.DMA_ClearITPendingBit
                0x08007634       0x38 Libraries\STM32F10x_StdPeriph_Driver\src\stm32f10x_dma.o
                0x08007634                DMA_ClearITPendingBit
 .text.DBGMCU_Config
                0x0800766c       0x5c Libraries\STM32F10x_StdPeriph_Driver\src\stm32f10x_dbgmcu.o
                0x0800766c                DBGMCU_Config
 .text.NVIC_PriorityGroupConfig
                0x080076c8       0x28 Libraries\STM32F10x_StdPeriph_Driver\src\misc.o
                0x080076c8                NVIC_PriorityGroupConfig
 .text.NVIC_Init
                0x080076f0       0xec Libraries\STM32F10x_StdPeriph_Driver\src\misc.o
                0x080076f0                NVIC_Init
 .text.Reset_Handler
                0x080077dc       0x48 Libraries\CMSIS\CM3\DeviceSupport\ST\STM32F10x\startup\TrueSTUDIO\startup_stm32f10x_md.o
                0x080077dc                Reset_Handler
 .text.Default_Handler
                0x08007824        0x2 Libraries\CMSIS\CM3\DeviceSupport\ST\STM32F10x\startup\TrueSTUDIO\startup_stm32f10x_md.o
                0x08007824                EXTI2_IRQHandler
                0x08007824                TIM1_CC_IRQHandler
                0x08007824                PVD_IRQHandler
                0x08007824                EXTI3_IRQHandler
                0x08007824                EXTI0_IRQHandler
                0x08007824                I2C2_EV_IRQHandler
                0x08007824                ADC1_2_IRQHandler
                0x08007824                SPI1_IRQHandler
                0x08007824                TAMPER_IRQHandler
                0x08007824                USART3_IRQHandler
                0x08007824                RTC_IRQHandler
                0x08007824                DMA1_Channel7_IRQHandler
                0x08007824                CAN1_RX1_IRQHandler
                0x08007824                TIM4_IRQHandler
                0x08007824                DMA1_Channel6_IRQHandler
                0x08007824                RCC_IRQHandler
                0x08007824                TIM1_TRG_COM_IRQHandler
                0x08007824                DMA1_Channel1_IRQHandler
                0x08007824                Default_Handler
                0x08007824                EXTI9_5_IRQHandler
                0x08007824                SPI2_IRQHandler
                0x08007824                DMA1_Channel5_IRQHandler
                0x08007824                EXTI4_IRQHandler
                0x08007824                USB_LP_CAN1_RX0_IRQHandler
                0x08007824                USB_HP_CAN1_TX_IRQHandler
                0x08007824                DMA1_Channel3_IRQHandler
                0x08007824                TIM1_UP_IRQHandler
                0x08007824                WWDG_IRQHandler
                0x08007824                TIM1_BRK_IRQHandler
                0x08007824                EXTI1_IRQHandler
                0x08007824                RTCAlarm_IRQHandler
                0x08007824                USART2_IRQHandler
                0x08007824                I2C2_ER_IRQHandler
                0x08007824                DMA1_Channel2_IRQHandler
                0x08007824                CAN1_SCE_IRQHandler
                0x08007824                FLASH_IRQHandler
                0x08007824                USBWakeUp_IRQHandler
 *fill*         0x08007826        0x2 00
 .text.__libc_init_array
                0x08007828       0x48 c:/program files (x86)/atollic/truestudio for stmicroelectronics stm32 lite 2.3.0/armtools/bin/../lib/gcc/arm-atollic-eabi/4.5.1/../../../../arm-atollic-eabi/lib/thumb/thumb2\libc.a(lib_a-init.o)
                0x08007828                __libc_init_array
 .text.memcpy   0x08007870       0x16 c:/program files (x86)/atollic/truestudio for stmicroelectronics stm32 lite 2.3.0/armtools/bin/../lib/gcc/arm-atollic-eabi/4.5.1/../../../../arm-atollic-eabi/lib/thumb/thumb2\libc.a(lib_a-memcpy.o)
                0x08007870                memcpy
 *fill*         0x08007886        0x2 00
 .text.snprintf
                0x08007888       0x68 c:/program files (x86)/atollic/truestudio for stmicroelectronics stm32 lite 2.3.0/armtools/bin/../lib/gcc/arm-atollic-eabi/4.5.1/../../../../arm-atollic-eabi/lib/thumb/thumb2\libc.a(lib_a-snprintf.o)
                0x08007888                snprintf
 .text.sscanf   0x080078f0       0x54 c:/program files (x86)/atollic/truestudio for stmicroelectronics stm32 lite 2.3.0/armtools/bin/../lib/gcc/arm-atollic-eabi/4.5.1/../../../../arm-atollic-eabi/lib/thumb/thumb2\libc.a(lib_a-sscanf.o)
                0x080078f0                sscanf
 .text.__seofread
                0x08007944        0x4 c:/program files (x86)/atollic/truestudio for stmicroelectronics stm32 lite 2.3.0/armtools/bin/../lib/gcc/arm-atollic-eabi/4.5.1/../../../../arm-atollic-eabi/lib/thumb/thumb2\libc.a(lib_a-stdio.o)
                0x08007944                __seofread
 .text.strlen   0x08007948       0x10 c:/program files (x86)/atollic/truestudio for stmicroelectronics stm32 lite 2.3.0/armtools/bin/../lib/gcc/arm-atollic-eabi/4.5.1/../../../../arm-atollic-eabi/lib/thumb/thumb2\libc.a(lib_a-strlen.o)
                0x08007948                strlen
 .text._svfprintf_r
                0x08007958     0x10f8 c:/program files (x86)/atollic/truestudio for stmicroelectronics stm32 lite 2.3.0/armtools/bin/../lib/gcc/arm-atollic-eabi/4.5.1/../../../../arm-atollic-eabi/lib/thumb/thumb2\libc.a(lib_a-svfprintf.o)
                0x08007958                _svfprintf_r
 .text.__ssvfscanf_r
                0x08008a50      0xbd8 c:/program files (x86)/atollic/truestudio for stmicroelectronics stm32 lite 2.3.0/armtools/bin/../lib/gcc/arm-atollic-eabi/4.5.1/../../../../arm-atollic-eabi/lib/thumb/thumb2\libc.a(lib_a-svfscanf.o)
                0x08008a50                __ssvfscanf_r
 .text.quorem   0x08009628      0x124 c:/program files (x86)/atollic/truestudio for stmicroelectronics stm32 lite 2.3.0/armtools/bin/../lib/gcc/arm-atollic-eabi/4.5.1/../../../../arm-atollic-eabi/lib/thumb/thumb2\libc.a(lib_a-dtoa.o)
 *fill*         0x0800974c        0x4 00
 .text._dtoa_r  0x08009750      0xc08 c:/program files (x86)/atollic/truestudio for stmicroelectronics stm32 lite 2.3.0/armtools/bin/../lib/gcc/arm-atollic-eabi/4.5.1/../../../../arm-atollic-eabi/lib/thumb/thumb2\libc.a(lib_a-dtoa.o)
                0x08009750                _dtoa_r
 .text.__sfp_lock_acquire
                0x0800a358        0x2 c:/program files (x86)/atollic/truestudio for stmicroelectronics stm32 lite 2.3.0/armtools/bin/../lib/gcc/arm-atollic-eabi/4.5.1/../../../../arm-atollic-eabi/lib/thumb/thumb2\libc.a(lib_a-findfp.o)
                0x0800a358                __sfp_lock_acquire
 .text.__sfp_lock_release
                0x0800a35a        0x2 c:/program files (x86)/atollic/truestudio for stmicroelectronics stm32 lite 2.3.0/armtools/bin/../lib/gcc/arm-atollic-eabi/4.5.1/../../../../arm-atollic-eabi/lib/thumb/thumb2\libc.a(lib_a-findfp.o)
                0x0800a35a                __sfp_lock_release
 .text.iswspace
                0x0800a35c       0x1c c:/program files (x86)/atollic/truestudio for stmicroelectronics stm32 lite 2.3.0/armtools/bin/../lib/gcc/arm-atollic-eabi/4.5.1/../../../../arm-atollic-eabi/lib/thumb/thumb2\libc.a(lib_a-iswspace.o)
                0x0800a35c                iswspace
 .text.__locale_charset
                0x0800a378        0x8 c:/program files (x86)/atollic/truestudio for stmicroelectronics stm32 lite 2.3.0/armtools/bin/../lib/gcc/arm-atollic-eabi/4.5.1/../../../../arm-atollic-eabi/lib/thumb/thumb2\libc.a(lib_a-locale.o)
                0x0800a378                __locale_charset
 .text.__locale_mb_cur_max
                0x0800a380        0xc c:/program files (x86)/atollic/truestudio for stmicroelectronics stm32 lite 2.3.0/armtools/bin/../lib/gcc/arm-atollic-eabi/4.5.1/../../../../arm-atollic-eabi/lib/thumb/thumb2\libc.a(lib_a-locale.o)
                0x0800a380                __locale_mb_cur_max
 .text._localeconv_r
                0x0800a38c        0x8 c:/program files (x86)/atollic/truestudio for stmicroelectronics stm32 lite 2.3.0/armtools/bin/../lib/gcc/arm-atollic-eabi/4.5.1/../../../../arm-atollic-eabi/lib/thumb/thumb2\libc.a(lib_a-locale.o)
                0x0800a38c                _localeconv_r
 .text.malloc   0x0800a394       0x10 c:/program files (x86)/atollic/truestudio for stmicroelectronics stm32 lite 2.3.0/armtools/bin/../lib/gcc/arm-atollic-eabi/4.5.1/../../../../arm-atollic-eabi/lib/thumb/thumb2\libc.a(lib_a-malloc.o)
                0x0800a394                malloc
 .text._malloc_r
                0x0800a3a4      0x408 c:/program files (x86)/atollic/truestudio for stmicroelectronics stm32 lite 2.3.0/armtools/bin/../lib/gcc/arm-atollic-eabi/4.5.1/../../../../arm-atollic-eabi/lib/thumb/thumb2\libc.a(lib_a-mallocr.o)
                0x0800a3a4                _malloc_r
 .text._mbrtowc_r
                0x0800a7ac       0x54 c:/program files (x86)/atollic/truestudio for stmicroelectronics stm32 lite 2.3.0/armtools/bin/../lib/gcc/arm-atollic-eabi/4.5.1/../../../../arm-atollic-eabi/lib/thumb/thumb2\libc.a(lib_a-mbrtowc.o)
                0x0800a7ac                _mbrtowc_r
 .text.__ascii_mbtowc
                0x0800a800       0x24 c:/program files (x86)/atollic/truestudio for stmicroelectronics stm32 lite 2.3.0/armtools/bin/../lib/gcc/arm-atollic-eabi/4.5.1/../../../../arm-atollic-eabi/lib/thumb/thumb2\libc.a(lib_a-mbtowc_r.o)
                0x0800a800                __ascii_mbtowc
 .text.memchr   0x0800a824       0x1e c:/program files (x86)/atollic/truestudio for stmicroelectronics stm32 lite 2.3.0/armtools/bin/../lib/gcc/arm-atollic-eabi/4.5.1/../../../../arm-atollic-eabi/lib/thumb/thumb2\libc.a(lib_a-memchr.o)
                0x0800a824                memchr
 .text.memset   0x0800a842       0x12 c:/program files (x86)/atollic/truestudio for stmicroelectronics stm32 lite 2.3.0/armtools/bin/../lib/gcc/arm-atollic-eabi/4.5.1/../../../../arm-atollic-eabi/lib/thumb/thumb2\libc.a(lib_a-memset.o)
                0x0800a842                memset
 .text.__malloc_lock
                0x0800a854        0x2 c:/program files (x86)/atollic/truestudio for stmicroelectronics stm32 lite 2.3.0/armtools/bin/../lib/gcc/arm-atollic-eabi/4.5.1/../../../../arm-atollic-eabi/lib/thumb/thumb2\libc.a(lib_a-mlock.o)
                0x0800a854                __malloc_lock
 .text.__malloc_unlock
                0x0800a856        0x2 c:/program files (x86)/atollic/truestudio for stmicroelectronics stm32 lite 2.3.0/armtools/bin/../lib/gcc/arm-atollic-eabi/4.5.1/../../../../arm-atollic-eabi/lib/thumb/thumb2\libc.a(lib_a-mlock.o)
                0x0800a856                __malloc_unlock
 .text._Balloc  0x0800a858       0x62 c:/program files (x86)/atollic/truestudio for stmicroelectronics stm32 lite 2.3.0/armtools/bin/../lib/gcc/arm-atollic-eabi/4.5.1/../../../../arm-atollic-eabi/lib/thumb/thumb2\libc.a(lib_a-mprec.o)
                0x0800a858                _Balloc
 .text._Bfree   0x0800a8ba       0x2e c:/program files (x86)/atollic/truestudio for stmicroelectronics stm32 lite 2.3.0/armtools/bin/../lib/gcc/arm-atollic-eabi/4.5.1/../../../../arm-atollic-eabi/lib/thumb/thumb2\libc.a(lib_a-mprec.o)
                0x0800a8ba                _Bfree
 .text.__multadd
                0x0800a8e8       0x7c c:/program files (x86)/atollic/truestudio for stmicroelectronics stm32 lite 2.3.0/armtools/bin/../lib/gcc/arm-atollic-eabi/4.5.1/../../../../arm-atollic-eabi/lib/thumb/thumb2\libc.a(lib_a-mprec.o)
                0x0800a8e8                __multadd
 .text.__s2b    0x0800a964       0x7c c:/program files (x86)/atollic/truestudio for stmicroelectronics stm32 lite 2.3.0/armtools/bin/../lib/gcc/arm-atollic-eabi/4.5.1/../../../../arm-atollic-eabi/lib/thumb/thumb2\libc.a(lib_a-mprec.o)
                0x0800a964                __s2b
 .text.__hi0bits
                0x0800a9e0       0x40 c:/program files (x86)/atollic/truestudio for stmicroelectronics stm32 lite 2.3.0/armtools/bin/../lib/gcc/arm-atollic-eabi/4.5.1/../../../../arm-atollic-eabi/lib/thumb/thumb2\libc.a(lib_a-mprec.o)
                0x0800a9e0                __hi0bits
 .text.__lo0bits
                0x0800aa20       0x64 c:/program files (x86)/atollic/truestudio for stmicroelectronics stm32 lite 2.3.0/armtools/bin/../lib/gcc/arm-atollic-eabi/4.5.1/../../../../arm-atollic-eabi/lib/thumb/thumb2\libc.a(lib_a-mprec.o)
                0x0800aa20                __lo0bits
 .text.__i2b    0x0800aa84       0x12 c:/program files (x86)/atollic/truestudio for stmicroelectronics stm32 lite 2.3.0/armtools/bin/../lib/gcc/arm-atollic-eabi/4.5.1/../../../../arm-atollic-eabi/lib/thumb/thumb2\libc.a(lib_a-mprec.o)
                0x0800aa84                __i2b
 .text.__multiply
                0x0800aa96      0x124 c:/program files (x86)/atollic/truestudio for stmicroelectronics stm32 lite 2.3.0/armtools/bin/../lib/gcc/arm-atollic-eabi/4.5.1/../../../../arm-atollic-eabi/lib/thumb/thumb2\libc.a(lib_a-mprec.o)
                0x0800aa96                __multiply
 *fill*         0x0800abba        0x2 00
 .text.__pow5mult
                0x0800abbc       0xa4 c:/program files (x86)/atollic/truestudio for stmicroelectronics stm32 lite 2.3.0/armtools/bin/../lib/gcc/arm-atollic-eabi/4.5.1/../../../../arm-atollic-eabi/lib/thumb/thumb2\libc.a(lib_a-mprec.o)
                0x0800abbc                __pow5mult
 .text.__lshift
                0x0800ac60       0x98 c:/program files (x86)/atollic/truestudio for stmicroelectronics stm32 lite 2.3.0/armtools/bin/../lib/gcc/arm-atollic-eabi/4.5.1/../../../../arm-atollic-eabi/lib/thumb/thumb2\libc.a(lib_a-mprec.o)
                0x0800ac60                __lshift
 .text.__mcmp   0x0800acf8       0x3a c:/program files (x86)/atollic/truestudio for stmicroelectronics stm32 lite 2.3.0/armtools/bin/../lib/gcc/arm-atollic-eabi/4.5.1/../../../../arm-atollic-eabi/lib/thumb/thumb2\libc.a(lib_a-mprec.o)
                0x0800acf8                __mcmp
 .text.__mdiff  0x0800ad32       0xc6 c:/program files (x86)/atollic/truestudio for stmicroelectronics stm32 lite 2.3.0/armtools/bin/../lib/gcc/arm-atollic-eabi/4.5.1/../../../../arm-atollic-eabi/lib/thumb/thumb2\libc.a(lib_a-mprec.o)
                0x0800ad32                __mdiff
 .text.__ulp    0x0800adf8       0x40 c:/program files (x86)/atollic/truestudio for stmicroelectronics stm32 lite 2.3.0/armtools/bin/../lib/gcc/arm-atollic-eabi/4.5.1/../../../../arm-atollic-eabi/lib/thumb/thumb2\libc.a(lib_a-mprec.o)
                0x0800adf8                __ulp
 .text.__b2d    0x0800ae38       0xa4 c:/program files (x86)/atollic/truestudio for stmicroelectronics stm32 lite 2.3.0/armtools/bin/../lib/gcc/arm-atollic-eabi/4.5.1/../../../../arm-atollic-eabi/lib/thumb/thumb2\libc.a(lib_a-mprec.o)
                0x0800ae38                __b2d
 .text.__d2b    0x0800aedc       0xbc c:/program files (x86)/atollic/truestudio for stmicroelectronics stm32 lite 2.3.0/armtools/bin/../lib/gcc/arm-atollic-eabi/4.5.1/../../../../arm-atollic-eabi/lib/thumb/thumb2\libc.a(lib_a-mprec.o)
                0x0800aedc                __d2b
 .text.__ratio  0x0800af98       0x46 c:/program files (x86)/atollic/truestudio for stmicroelectronics stm32 lite 2.3.0/armtools/bin/../lib/gcc/arm-atollic-eabi/4.5.1/../../../../arm-atollic-eabi/lib/thumb/thumb2\libc.a(lib_a-mprec.o)
                0x0800af98                __ratio
 .text.__copybits
                0x0800afde       0x32 c:/program files (x86)/atollic/truestudio for stmicroelectronics stm32 lite 2.3.0/armtools/bin/../lib/gcc/arm-atollic-eabi/4.5.1/../../../../arm-atollic-eabi/lib/thumb/thumb2\libc.a(lib_a-mprec.o)
                0x0800afde                __copybits
 .text.__any_on
                0x0800b010       0x4a c:/program files (x86)/atollic/truestudio for stmicroelectronics stm32 lite 2.3.0/armtools/bin/../lib/gcc/arm-atollic-eabi/4.5.1/../../../../arm-atollic-eabi/lib/thumb/thumb2\libc.a(lib_a-mprec.o)
                0x0800b010                __any_on
 *fill*         0x0800b05a        0x2 00
 .text._sbrk_r  0x0800b05c       0x24 c:/program files (x86)/atollic/truestudio for stmicroelectronics stm32 lite 2.3.0/armtools/bin/../lib/gcc/arm-atollic-eabi/4.5.1/../../../../arm-atollic-eabi/lib/thumb/thumb2\libc.a(lib_a-sbrkr.o)
                0x0800b05c                _sbrk_r
 .text.__sccl   0x0800b080       0x64 c:/program files (x86)/atollic/truestudio for stmicroelectronics stm32 lite 2.3.0/armtools/bin/../lib/gcc/arm-atollic-eabi/4.5.1/../../../../arm-atollic-eabi/lib/thumb/thumb2\libc.a(lib_a-sccl.o)
                0x0800b080                __sccl
 .text.nanf     0x0800b0e4        0x8 c:/program files (x86)/atollic/truestudio for stmicroelectronics stm32 lite 2.3.0/armtools/bin/../lib/gcc/arm-atollic-eabi/4.5.1/../../../../arm-atollic-eabi/lib/thumb/thumb2\libc.a(lib_a-sf_nan.o)
                0x0800b0e4                nanf
 .text.__fpclassifyd
                0x0800b0ec       0x64 c:/program files (x86)/atollic/truestudio for stmicroelectronics stm32 lite 2.3.0/armtools/bin/../lib/gcc/arm-atollic-eabi/4.5.1/../../../../arm-atollic-eabi/lib/thumb/thumb2\libc.a(lib_a-s_fpclassify.o)
                0x0800b0ec                __fpclassifyd
 .text.sprintf  0x0800b150       0x48 c:/program files (x86)/atollic/truestudio for stmicroelectronics stm32 lite 2.3.0/armtools/bin/../lib/gcc/arm-atollic-eabi/4.5.1/../../../../arm-atollic-eabi/lib/thumb/thumb2\libc.a(lib_a-sprintf.o)
                0x0800b150                sprintf
 .text.match    0x0800b198       0x2c c:/program files (x86)/atollic/truestudio for stmicroelectronics stm32 lite 2.3.0/armtools/bin/../lib/gcc/arm-atollic-eabi/4.5.1/../../../../arm-atollic-eabi/lib/thumb/thumb2\libc.a(lib_a-strtod.o)
 *fill*         0x0800b1c4        0x4 00
 .text._strtod_r
                0x0800b1c8      0xbe0 c:/program files (x86)/atollic/truestudio for stmicroelectronics stm32 lite 2.3.0/armtools/bin/../lib/gcc/arm-atollic-eabi/4.5.1/../../../../arm-atollic-eabi/lib/thumb/thumb2\libc.a(lib_a-strtod.o)
                0x0800b1c8                _strtod_r
 .text._strtoll_r
                0x0800bda8      0x16c c:/program files (x86)/atollic/truestudio for stmicroelectronics stm32 lite 2.3.0/armtools/bin/../lib/gcc/arm-atollic-eabi/4.5.1/../../../../arm-atollic-eabi/lib/thumb/thumb2\libc.a(lib_a-strtoll_r.o)
                0x0800bda8                _strtoll_r
 .text._strtol_r
                0x0800bf14      0x124 c:/program files (x86)/atollic/truestudio for stmicroelectronics stm32 lite 2.3.0/armtools/bin/../lib/gcc/arm-atollic-eabi/4.5.1/../../../../arm-atollic-eabi/lib/thumb/thumb2\libc.a(lib_a-strtol.o)
                0x0800bf14                _strtol_r
 .text._strtoull_r
                0x0800c038      0x154 c:/program files (x86)/atollic/truestudio for stmicroelectronics stm32 lite 2.3.0/armtools/bin/../lib/gcc/arm-atollic-eabi/4.5.1/../../../../arm-atollic-eabi/lib/thumb/thumb2\libc.a(lib_a-strtoull_r.o)
                0x0800c038                _strtoull_r
 .text._strtoul_r
                0x0800c18c       0xfc c:/program files (x86)/atollic/truestudio for stmicroelectronics stm32 lite 2.3.0/armtools/bin/../lib/gcc/arm-atollic-eabi/4.5.1/../../../../arm-atollic-eabi/lib/thumb/thumb2\libc.a(lib_a-strtoul.o)
                0x0800c18c                _strtoul_r
 .text.__ssprint_r
                0x0800c288       0xf6 c:/program files (x86)/atollic/truestudio for stmicroelectronics stm32 lite 2.3.0/armtools/bin/../lib/gcc/arm-atollic-eabi/4.5.1/../../../../arm-atollic-eabi/lib/thumb/thumb2\libc.a(lib_a-svfiprintf.o)
                0x0800c288                __ssprint_r
 .text._sungetc_r
                0x0800c37e       0x7a c:/program files (x86)/atollic/truestudio for stmicroelectronics stm32 lite 2.3.0/armtools/bin/../lib/gcc/arm-atollic-eabi/4.5.1/../../../../arm-atollic-eabi/lib/thumb/thumb2\libc.a(lib_a-svfiscanf.o)
                0x0800c37e                _sungetc_r
 .text.__ssrefill_r
                0x0800c3f8       0x3a c:/program files (x86)/atollic/truestudio for stmicroelectronics stm32 lite 2.3.0/armtools/bin/../lib/gcc/arm-atollic-eabi/4.5.1/../../../../arm-atollic-eabi/lib/thumb/thumb2\libc.a(lib_a-svfiscanf.o)
                0x0800c3f8                __ssrefill_r
 .text._sfread_r
                0x0800c432       0x70 c:/program files (x86)/atollic/truestudio for stmicroelectronics stm32 lite 2.3.0/armtools/bin/../lib/gcc/arm-atollic-eabi/4.5.1/../../../../arm-atollic-eabi/lib/thumb/thumb2\libc.a(lib_a-svfiscanf.o)
                0x0800c432                _sfread_r
 *fill*         0x0800c4a2        0x2 00
 .text._sbrk    0x0800c4a4       0x34 c:/program files (x86)/atollic/truestudio for stmicroelectronics stm32 lite 2.3.0/armtools/bin/../lib/gcc/arm-atollic-eabi/4.5.1/../../../../arm-atollic-eabi/lib/thumb/thumb2\libc.a(lib_a-syscalls.o)
                0x0800c4a4                _sbrk
 .text.__submore
                0x0800c4d8       0x7e c:/program files (x86)/atollic/truestudio for stmicroelectronics stm32 lite 2.3.0/armtools/bin/../lib/gcc/arm-atollic-eabi/4.5.1/../../../../arm-atollic-eabi/lib/thumb/thumb2\libc.a(lib_a-ungetc.o)
                0x0800c4d8                __submore
 .text._calloc_r
                0x0800c556       0x58 c:/program files (x86)/atollic/truestudio for stmicroelectronics stm32 lite 2.3.0/armtools/bin/../lib/gcc/arm-atollic-eabi/4.5.1/../../../../arm-atollic-eabi/lib/thumb/thumb2\libc.a(lib_a-callocr.o)
                0x0800c556                _calloc_r
 *fill*         0x0800c5ae        0x2 00
 .text._malloc_trim_r
                0x0800c5b0       0x94 c:/program files (x86)/atollic/truestudio for stmicroelectronics stm32 lite 2.3.0/armtools/bin/../lib/gcc/arm-atollic-eabi/4.5.1/../../../../arm-atollic-eabi/lib/thumb/thumb2\libc.a(lib_a-freer.o)
                0x0800c5b0                _malloc_trim_r
 .text._free_r  0x0800c644      0x180 c:/program files (x86)/atollic/truestudio for stmicroelectronics stm32 lite 2.3.0/armtools/bin/../lib/gcc/arm-atollic-eabi/4.5.1/../../../../arm-atollic-eabi/lib/thumb/thumb2\libc.a(lib_a-freer.o)
                0x0800c644                _free_r
 .text.rshift   0x0800c7c4       0x6c c:/program files (x86)/atollic/truestudio for stmicroelectronics stm32 lite 2.3.0/armtools/bin/../lib/gcc/arm-atollic-eabi/4.5.1/../../../../arm-atollic-eabi/lib/thumb/thumb2\libc.a(lib_a-gdtoa-gethex.o)
 .text.htinit.clone.0
                0x0800c830       0x1c c:/program files (x86)/atollic/truestudio for stmicroelectronics stm32 lite 2.3.0/armtools/bin/../lib/gcc/arm-atollic-eabi/4.5.1/../../../../arm-atollic-eabi/lib/thumb/thumb2\libc.a(lib_a-gdtoa-gethex.o)
 .text.__hexdig_init
                0x0800c84c       0x2c c:/program files (x86)/atollic/truestudio for stmicroelectronics stm32 lite 2.3.0/armtools/bin/../lib/gcc/arm-atollic-eabi/4.5.1/../../../../arm-atollic-eabi/lib/thumb/thumb2\libc.a(lib_a-gdtoa-gethex.o)
                0x0800c84c                __hexdig_init
 .text.__gethex
                0x0800c878      0x460 c:/program files (x86)/atollic/truestudio for stmicroelectronics stm32 lite 2.3.0/armtools/bin/../lib/gcc/arm-atollic-eabi/4.5.1/../../../../arm-atollic-eabi/lib/thumb/thumb2\libc.a(lib_a-gdtoa-gethex.o)
                0x0800c878                __gethex
 .text.L_shift  0x0800ccd8       0x34 c:/program files (x86)/atollic/truestudio for stmicroelectronics stm32 lite 2.3.0/armtools/bin/../lib/gcc/arm-atollic-eabi/4.5.1/../../../../arm-atollic-eabi/lib/thumb/thumb2\libc.a(lib_a-gdtoa-hexnan.o)
 .text.__hexnan
                0x0800cd0c      0x11c c:/program files (x86)/atollic/truestudio for stmicroelectronics stm32 lite 2.3.0/armtools/bin/../lib/gcc/arm-atollic-eabi/4.5.1/../../../../arm-atollic-eabi/lib/thumb/thumb2\libc.a(lib_a-gdtoa-hexnan.o)
                0x0800cd0c                __hexnan
 .text.memmove  0x0800ce28       0x34 c:/program files (x86)/atollic/truestudio for stmicroelectronics stm32 lite 2.3.0/armtools/bin/../lib/gcc/arm-atollic-eabi/4.5.1/../../../../arm-atollic-eabi/lib/thumb/thumb2\libc.a(lib_a-memmove.o)
                0x0800ce28                memmove
 .text._realloc_r
                0x0800ce5c      0x2f8 c:/program files (x86)/atollic/truestudio for stmicroelectronics stm32 lite 2.3.0/armtools/bin/../lib/gcc/arm-atollic-eabi/4.5.1/../../../../arm-atollic-eabi/lib/thumb/thumb2\libc.a(lib_a-reallocr.o)
                0x0800ce5c                _realloc_r
 .text.strncmp  0x0800d154       0x2a c:/program files (x86)/atollic/truestudio for stmicroelectronics stm32 lite 2.3.0/armtools/bin/../lib/gcc/arm-atollic-eabi/4.5.1/../../../../arm-atollic-eabi/lib/thumb/thumb2\libc.a(lib_a-strncmp.o)
                0x0800d154                strncmp
 *(.rodata)
 *fill*         0x0800d17e        0x2 00
 .rodata        0x0800d180      0x1ac src\uart_queue.o
 .rodata        0x0800d32c        0x8 src\uart_functions.o
 .rodata        0x0800d334       0x50 src\stm32f10x_it.o
 .rodata        0x0800d384       0x18 src\measurements.o
 .rodata        0x0800d39c       0xa0 src\collector.o
 *(.rodata*)
 .rodata.str1.1
                0x0800d43c       0x34 c:/program files (x86)/atollic/truestudio for stmicroelectronics stm32 lite 2.3.0/armtools/bin/../lib/gcc/arm-atollic-eabi/4.5.1/../../../../arm-atollic-eabi/lib/thumb/thumb2\libc.a(lib_a-svfprintf.o)
 .rodata.zeroes.3939
                0x0800d470       0x10 c:/program files (x86)/atollic/truestudio for stmicroelectronics stm32 lite 2.3.0/armtools/bin/../lib/gcc/arm-atollic-eabi/4.5.1/../../../../arm-atollic-eabi/lib/thumb/thumb2\libc.a(lib_a-svfprintf.o)
 .rodata.blanks.3938
                0x0800d480       0x10 c:/program files (x86)/atollic/truestudio for stmicroelectronics stm32 lite 2.3.0/armtools/bin/../lib/gcc/arm-atollic-eabi/4.5.1/../../../../arm-atollic-eabi/lib/thumb/thumb2\libc.a(lib_a-svfprintf.o)
 .rodata.str1.1
                0x0800d490        0x5 c:/program files (x86)/atollic/truestudio for stmicroelectronics stm32 lite 2.3.0/armtools/bin/../lib/gcc/arm-atollic-eabi/4.5.1/../../../../arm-atollic-eabi/lib/thumb/thumb2\libc.a(lib_a-svfscanf.o)
 *fill*         0x0800d495        0x1 00
 .rodata.basefix.3859
                0x0800d496       0x22 c:/program files (x86)/atollic/truestudio for stmicroelectronics stm32 lite 2.3.0/armtools/bin/../lib/gcc/arm-atollic-eabi/4.5.1/../../../../arm-atollic-eabi/lib/thumb/thumb2\libc.a(lib_a-svfscanf.o)
 .rodata._ctype_
                0x0800d4b8      0x101 c:/program files (x86)/atollic/truestudio for stmicroelectronics stm32 lite 2.3.0/armtools/bin/../lib/gcc/arm-atollic-eabi/4.5.1/../../../../arm-atollic-eabi/lib/thumb/thumb2\libc.a(lib_a-ctype_.o)
                0x0800d4b8                _ctype_
 .rodata.str1.1
                0x0800d5b9        0xd c:/program files (x86)/atollic/truestudio for stmicroelectronics stm32 lite 2.3.0/armtools/bin/../lib/gcc/arm-atollic-eabi/4.5.1/../../../../arm-atollic-eabi/lib/thumb/thumb2\libc.a(lib_a-dtoa.o)
                                  0xf (size before relaxing)
 *fill*         0x0800d5c6        0x2 00
 .rodata.__sf_fake_stdin
                0x0800d5c8       0x20 c:/program files (x86)/atollic/truestudio for stmicroelectronics stm32 lite 2.3.0/armtools/bin/../lib/gcc/arm-atollic-eabi/4.5.1/../../../../arm-atollic-eabi/lib/thumb/thumb2\libc.a(lib_a-findfp.o)
                0x0800d5c8                __sf_fake_stdin
 .rodata.__sf_fake_stdout
                0x0800d5e8       0x20 c:/program files (x86)/atollic/truestudio for stmicroelectronics stm32 lite 2.3.0/armtools/bin/../lib/gcc/arm-atollic-eabi/4.5.1/../../../../arm-atollic-eabi/lib/thumb/thumb2\libc.a(lib_a-findfp.o)
                0x0800d5e8                __sf_fake_stdout
 .rodata.__sf_fake_stderr
                0x0800d608       0x20 c:/program files (x86)/atollic/truestudio for stmicroelectronics stm32 lite 2.3.0/armtools/bin/../lib/gcc/arm-atollic-eabi/4.5.1/../../../../arm-atollic-eabi/lib/thumb/thumb2\libc.a(lib_a-findfp.o)
                0x0800d608                __sf_fake_stderr
 .rodata.str1.1
                0x0800d628        0x2 c:/program files (x86)/atollic/truestudio for stmicroelectronics stm32 lite 2.3.0/armtools/bin/../lib/gcc/arm-atollic-eabi/4.5.1/../../../../arm-atollic-eabi/lib/thumb/thumb2\libc.a(lib_a-impure.o)
 .rodata.str1.1
                0x0800d62a        0x8 c:/program files (x86)/atollic/truestudio for stmicroelectronics stm32 lite 2.3.0/armtools/bin/../lib/gcc/arm-atollic-eabi/4.5.1/../../../../arm-atollic-eabi/lib/thumb/thumb2\libc.a(lib_a-locale.o)
                                  0xb (size before relaxing)
 .rodata.str1.1
                0x00000000        0x1 c:/program files (x86)/atollic/truestudio for stmicroelectronics stm32 lite 2.3.0/armtools/bin/../lib/gcc/arm-atollic-eabi/4.5.1/../../../../arm-atollic-eabi/lib/thumb/thumb2\libc.a(lib_a-mbrtowc.o)
 *fill*         0x0800d632        0x2 00
 .rodata.p05.2464
                0x0800d634        0xc c:/program files (x86)/atollic/truestudio for stmicroelectronics stm32 lite 2.3.0/armtools/bin/../lib/gcc/arm-atollic-eabi/4.5.1/../../../../arm-atollic-eabi/lib/thumb/thumb2\libc.a(lib_a-mprec.o)
 .rodata.__mprec_tens
                0x0800d640       0xc8 c:/program files (x86)/atollic/truestudio for stmicroelectronics stm32 lite 2.3.0/armtools/bin/../lib/gcc/arm-atollic-eabi/4.5.1/../../../../arm-atollic-eabi/lib/thumb/thumb2\libc.a(lib_a-mprec.o)
                0x0800d640                __mprec_tens
 .rodata.__mprec_bigtens
                0x0800d708       0x28 c:/program files (x86)/atollic/truestudio for stmicroelectronics stm32 lite 2.3.0/armtools/bin/../lib/gcc/arm-atollic-eabi/4.5.1/../../../../arm-atollic-eabi/lib/thumb/thumb2\libc.a(lib_a-mprec.o)
                0x0800d708                __mprec_bigtens
 .rodata.str1.1
                0x00000000        0x8 c:/program files (x86)/atollic/truestudio for stmicroelectronics stm32 lite 2.3.0/armtools/bin/../lib/gcc/arm-atollic-eabi/4.5.1/../../../../arm-atollic-eabi/lib/thumb/thumb2\libc.a(lib_a-strtod.o)
                                  0xc (size before relaxing)
 .rodata.tinytens
                0x0800d730       0x28 c:/program files (x86)/atollic/truestudio for stmicroelectronics stm32 lite 2.3.0/armtools/bin/../lib/gcc/arm-atollic-eabi/4.5.1/../../../../arm-atollic-eabi/lib/thumb/thumb2\libc.a(lib_a-strtod.o)
 .rodata.str1.1
                0x0800d758        0xb c:/program files (x86)/atollic/truestudio for stmicroelectronics stm32 lite 2.3.0/armtools/bin/../lib/gcc/arm-atollic-eabi/4.5.1/../../../../arm-atollic-eabi/lib/thumb/thumb2\libc.a(lib_a-gdtoa-gethex.o)
                                 0x19 (size before relaxing)
 *(.glue_7)
 .glue_7        0x00000000        0x0 linker stubs
 *(.glue_7t)
 .glue_7t       0x00000000        0x0 linker stubs
 *(.eh_frame)
 *(.init)
 *fill*         0x0800d763        0x1 00
 .init          0x0800d764        0x4 c:/program files (x86)/atollic/truestudio for stmicroelectronics stm32 lite 2.3.0/armtools/bin/../lib/gcc/arm-atollic-eabi/4.5.1/thumb/thumb2/crti.o
                0x0800d764                _init
 .init          0x0800d768        0x8 c:/program files (x86)/atollic/truestudio for stmicroelectronics stm32 lite 2.3.0/armtools/bin/../lib/gcc/arm-atollic-eabi/4.5.1/thumb/thumb2/crtn.o
 *(.fini)
 .fini          0x0800d770        0x4 c:/program files (x86)/atollic/truestudio for stmicroelectronics stm32 lite 2.3.0/armtools/bin/../lib/gcc/arm-atollic-eabi/4.5.1/thumb/thumb2/crti.o
                0x0800d770                _fini
 .fini          0x0800d774        0x8 c:/program files (x86)/atollic/truestudio for stmicroelectronics stm32 lite 2.3.0/armtools/bin/../lib/gcc/arm-atollic-eabi/4.5.1/thumb/thumb2/crtn.o
                0x0800d77c                . = ALIGN (0x4)
                0x0800d77c                _etext = .

.vfp11_veneer   0x0800d77c        0x0
 .vfp11_veneer  0x00000000        0x0 linker stubs

.v4_bx          0x0800d77c        0x0
 .v4_bx         0x00000000        0x0 linker stubs

.ARM.extab
 *(.ARM.extab* .gnu.linkonce.armextab.*)

.ARM            0x0800d77c        0x8
                0x0800d77c                __exidx_start = .
 *(.ARM.exidx*)
 .ARM.exidx     0x0800d77c        0x8 c:/program files (x86)/atollic/truestudio for stmicroelectronics stm32 lite 2.3.0/armtools/bin/../lib/gcc/arm-atollic-eabi/4.5.1/thumb/thumb2\libgcc.a(_divdi3.o)
 .ARM.exidx     0x0800d784        0x0 c:/program files (x86)/atollic/truestudio for stmicroelectronics stm32 lite 2.3.0/armtools/bin/../lib/gcc/arm-atollic-eabi/4.5.1/thumb/thumb2\libgcc.a(_udivdi3.o)
                                  0x8 (size before relaxing)
                0x0800d784                __exidx_end = .

.preinit_array  0x0800d784        0x0
                0x0800d784                PROVIDE (__preinit_array_start, .)
 *(.preinit_array*)
                0x0800d784                PROVIDE (__preinit_array_end, .)

.init_array     0x0800d784        0x4
                0x0800d784                PROVIDE (__init_array_start, .)
 *(SORT(.init_array.*))
 *(.init_array*)
 .init_array    0x0800d784        0x4 c:/program files (x86)/atollic/truestudio for stmicroelectronics stm32 lite 2.3.0/armtools/bin/../lib/gcc/arm-atollic-eabi/4.5.1/thumb/thumb2/crtbegin.o
                0x0800d788                PROVIDE (__init_array_end, .)

.fini_array     0x0800d788        0x4
                0x0800d788                PROVIDE (__fini_array_start, .)
 *(.fini_array*)
 .fini_array    0x0800d788        0x4 c:/program files (x86)/atollic/truestudio for stmicroelectronics stm32 lite 2.3.0/armtools/bin/../lib/gcc/arm-atollic-eabi/4.5.1/thumb/thumb2/crtbegin.o
 *(SORT(.fini_array.*))
                0x0800d78c                PROVIDE (__fini_array_end, .)
                0x0800d78c                _sidata = .

.data           0x20000000      0x5cc load address 0x0800d78c
                0x20000000                . = ALIGN (0x4)
                0x20000000                _sdata = .
 *(.data)
 *(.data*)
 .data.SPI_SELECT.3645
                0x20000000        0x8 src\spi_functions.o
 .data.LedRedRate
                0x20000008        0x2 src\node_functions.o
                0x20000008                LedRedRate
 .data.LedGreenRate
                0x2000000a        0x2 src\node_functions.o
                0x2000000a                LedGreenRate
 .data.LedBlueRate
                0x2000000c        0x2 src\node_functions.o
                0x2000000c                LedBlueRate
 *fill*         0x2000000e        0x2 00
 .data.topo_txs
                0x20000010        0xc src\node_functions.o
                0x20000010                topo_txs
 .data.not_interrupted
                0x2000001c        0x1 src\main.o
                0x2000001c                not_interrupted
 .data.ID       0x2000001d        0x1 src\main.o
                0x2000001d                ID
 .data.TYPE     0x2000001e        0x1 src\main.o
                0x2000001e                TYPE
 *fill*         0x2000001f        0x1 00
 .data.UID      0x20000020        0x4 src\main.o
                0x20000020                UID
 .data.CALIB_VALUES
                0x20000024        0x4 src\main.o
                0x20000024                CALIB_VALUES
 .data.APBAHBPrescTable
                0x20000028       0x10 Libraries\STM32F10x_StdPeriph_Driver\src\stm32f10x_rcc.o
 .data.ADCPrescTable
                0x20000038        0x4 Libraries\STM32F10x_StdPeriph_Driver\src\stm32f10x_rcc.o
 .data.__ctype_ptr__
                0x2000003c        0x4 c:/program files (x86)/atollic/truestudio for stmicroelectronics stm32 lite 2.3.0/armtools/bin/../lib/gcc/arm-atollic-eabi/4.5.1/../../../../arm-atollic-eabi/lib/thumb/thumb2\libc.a(lib_a-ctype_.o)
                0x2000003c                __ctype_ptr__
 .data.impure_data
                0x20000040       0xf0 c:/program files (x86)/atollic/truestudio for stmicroelectronics stm32 lite 2.3.0/armtools/bin/../lib/gcc/arm-atollic-eabi/4.5.1/../../../../arm-atollic-eabi/lib/thumb/thumb2\libc.a(lib_a-impure.o)
 .data._impure_ptr
                0x20000130        0x4 c:/program files (x86)/atollic/truestudio for stmicroelectronics stm32 lite 2.3.0/armtools/bin/../lib/gcc/arm-atollic-eabi/4.5.1/../../../../arm-atollic-eabi/lib/thumb/thumb2\libc.a(lib_a-impure.o)
                0x20000130                _impure_ptr
 .data.lconv    0x20000134       0x38 c:/program files (x86)/atollic/truestudio for stmicroelectronics stm32 lite 2.3.0/armtools/bin/../lib/gcc/arm-atollic-eabi/4.5.1/../../../../arm-atollic-eabi/lib/thumb/thumb2\libc.a(lib_a-locale.o)
 .data.lc_ctype_charset
                0x2000016c       0x20 c:/program files (x86)/atollic/truestudio for stmicroelectronics stm32 lite 2.3.0/armtools/bin/../lib/gcc/arm-atollic-eabi/4.5.1/../../../../arm-atollic-eabi/lib/thumb/thumb2\libc.a(lib_a-locale.o)
 .data.__mb_cur_max
                0x2000018c        0x4 c:/program files (x86)/atollic/truestudio for stmicroelectronics stm32 lite 2.3.0/armtools/bin/../lib/gcc/arm-atollic-eabi/4.5.1/../../../../arm-atollic-eabi/lib/thumb/thumb2\libc.a(lib_a-locale.o)
                0x2000018c                __mb_cur_max
 .data.__malloc_av_
                0x20000190      0x408 c:/program files (x86)/atollic/truestudio for stmicroelectronics stm32 lite 2.3.0/armtools/bin/../lib/gcc/arm-atollic-eabi/4.5.1/../../../../arm-atollic-eabi/lib/thumb/thumb2\libc.a(lib_a-mallocr.o)
                0x20000190                __malloc_av_
 .data.__malloc_trim_threshold
                0x20000598        0x4 c:/program files (x86)/atollic/truestudio for stmicroelectronics stm32 lite 2.3.0/armtools/bin/../lib/gcc/arm-atollic-eabi/4.5.1/../../../../arm-atollic-eabi/lib/thumb/thumb2\libc.a(lib_a-mallocr.o)
                0x20000598                __malloc_trim_threshold
 .data.__malloc_sbrk_base
                0x2000059c        0x4 c:/program files (x86)/atollic/truestudio for stmicroelectronics stm32 lite 2.3.0/armtools/bin/../lib/gcc/arm-atollic-eabi/4.5.1/../../../../arm-atollic-eabi/lib/thumb/thumb2\libc.a(lib_a-mallocr.o)
                0x2000059c                __malloc_sbrk_base
 .data.__mbtowc
                0x200005a0        0x4 c:/program files (x86)/atollic/truestudio for stmicroelectronics stm32 lite 2.3.0/armtools/bin/../lib/gcc/arm-atollic-eabi/4.5.1/../../../../arm-atollic-eabi/lib/thumb/thumb2\libc.a(lib_a-mbtowc_r.o)
                0x200005a0                __mbtowc
 .data.fpinan.2456
                0x200005a4       0x14 c:/program files (x86)/atollic/truestudio for stmicroelectronics stm32 lite 2.3.0/armtools/bin/../lib/gcc/arm-atollic-eabi/4.5.1/../../../../arm-atollic-eabi/lib/thumb/thumb2\libc.a(lib_a-strtod.o)
 .data.fpi.2420
                0x200005b8       0x14 c:/program files (x86)/atollic/truestudio for stmicroelectronics stm32 lite 2.3.0/armtools/bin/../lib/gcc/arm-atollic-eabi/4.5.1/../../../../arm-atollic-eabi/lib/thumb/thumb2\libc.a(lib_a-strtod.o)
                0x200005cc                . = ALIGN (0x4)
                0x200005cc                _edata = .

.jcr            0x200005cc        0x0 load address 0x0800dd58
 .jcr           0x200005cc        0x0 c:/program files (x86)/atollic/truestudio for stmicroelectronics stm32 lite 2.3.0/armtools/bin/../lib/gcc/arm-atollic-eabi/4.5.1/thumb/thumb2/crtbegin.o
                0x200005cc                . = ALIGN (0x4)

.bss            0x200005cc     0x198c load address 0x0800dd58
                0x200005cc                _sbss = .
                0x200005cc                __bss_start__ = _sbss
 *(.bss)
 .bss           0x200005cc        0x1 c:/program files (x86)/atollic/truestudio for stmicroelectronics stm32 lite 2.3.0/armtools/bin/../lib/gcc/arm-atollic-eabi/4.5.1/thumb/thumb2/crtbegin.o
 *(.bss*)
 *fill*         0x200005cd        0x3 00
 .bss.current_output
                0x200005d0       0x44 src\uart_queue.o
 .bss.TxBuffer.4847
                0x20000614       0x20 src\uart_queue.o
 .bss.current_line
                0x20000634       0x44 src\uart_functions.o
 .bss.Tx_Idx2   0x20000678        0x1 src\stm32f10x_it.o
                0x20000678                Tx_Idx2
 .bss.Rx_Idx2   0x20000679        0x1 src\stm32f10x_it.o
                0x20000679                Rx_Idx2
 .bss.splitter_is_probing
                0x2000067a        0x1 src\stm32f10x_it.o
                0x2000067a                splitter_is_probing
 *fill*         0x2000067b        0x1 00
 .bss.capture.4733
                0x2000067c        0x2 src\stm32f10x_it.o
 .bss.capture.4729
                0x2000067e        0x2 src\stm32f10x_it.o
 .bss.GPIO_InitStructure.3650
                0x20000680        0x4 src\spi_functions.o
 .bss.RxIdx.3646
                0x20000684        0x1 src\spi_functions.o
 *fill*         0x20000685        0x1 00
 .bss.sensor_angle.3647
                0x20000686        0x2 src\spi_functions.o
 .bss.sensor_angle_invert.3648
                0x20000688        0x2 src\spi_functions.o
 .bss.angle_to_send.3649
                0x2000068a        0x2 src\spi_functions.o
 .bss.counter.3709
                0x2000068c        0x2 src\node_functions.o
 .bss.in_debug  0x2000068e        0x1 src\main.o
                0x2000068e                in_debug
 .bss.initialized
                0x2000068f        0x1 src\main.o
                0x2000068f                initialized
 .bss.n_sensors
                0x20000690        0x1 src\main.o
                0x20000690                n_sensors
 *fill*         0x20000691        0x3 00
 .bss.topology_error
                0x20000694      0x200 src\main.o
                0x20000694                topology_error
 .bss.topo_counter
                0x20000894        0x1 src\main.o
                0x20000894                topo_counter
 .bss.next_splitter_completed
                0x20000895        0x1 src\main.o
                0x20000895                next_splitter_completed
 .bss.next_splitter_ID
                0x20000896        0x1 src\main.o
                0x20000896                next_splitter_ID
 .bss.i2c_error_code
                0x20000897        0x1 src\main.o
                0x20000897                i2c_error_code
 .bss.Timeout.3698
                0x20000898        0x4 src\i2c_functions.o
 .bss.Timeout.3671
                0x2000089c        0x2 src\i2c_functions.o
 .bss.collector_state
                0x2000089e        0x1 src\collector.o
                0x2000089e                collector_state
 *fill*         0x2000089f        0x1 00
 .bss.collector_target
                0x200008a0        0x4 src\collector.o
 .bss.new_counter
                0x200008a4        0x4 src\collector.o
 .bss.iteration_counter
                0x200008a8        0x4 src\collector.o
 .bss.old_topo_counter
                0x200008ac        0x1 src\collector.o
 *fill*         0x200008ad        0x3 00
 .bss.__malloc_max_total_mem
                0x200008b0        0x4 c:/program files (x86)/atollic/truestudio for stmicroelectronics stm32 lite 2.3.0/armtools/bin/../lib/gcc/arm-atollic-eabi/4.5.1/../../../../arm-atollic-eabi/lib/thumb/thumb2\libc.a(lib_a-mallocr.o)
                0x200008b0                __malloc_max_total_mem
 .bss.__malloc_max_sbrked_mem
                0x200008b4        0x4 c:/program files (x86)/atollic/truestudio for stmicroelectronics stm32 lite 2.3.0/armtools/bin/../lib/gcc/arm-atollic-eabi/4.5.1/../../../../arm-atollic-eabi/lib/thumb/thumb2\libc.a(lib_a-mallocr.o)
                0x200008b4                __malloc_max_sbrked_mem
 .bss.__malloc_top_pad
                0x200008b8        0x4 c:/program files (x86)/atollic/truestudio for stmicroelectronics stm32 lite 2.3.0/armtools/bin/../lib/gcc/arm-atollic-eabi/4.5.1/../../../../arm-atollic-eabi/lib/thumb/thumb2\libc.a(lib_a-mallocr.o)
                0x200008b8                __malloc_top_pad
 .bss.__malloc_current_mallinfo
                0x200008bc       0x28 c:/program files (x86)/atollic/truestudio for stmicroelectronics stm32 lite 2.3.0/armtools/bin/../lib/gcc/arm-atollic-eabi/4.5.1/../../../../arm-atollic-eabi/lib/thumb/thumb2\libc.a(lib_a-mallocr.o)
                0x200008bc                __malloc_current_mallinfo
 .bss.heap_end.2323
                0x200008e4        0x4 c:/program files (x86)/atollic/truestudio for stmicroelectronics stm32 lite 2.3.0/armtools/bin/../lib/gcc/arm-atollic-eabi/4.5.1/../../../../arm-atollic-eabi/lib/thumb/thumb2\libc.a(lib_a-syscalls.o)
 *(COMMON)
 COMMON         0x200008e8     0x1110 src\uart_queue.o
                0x200008e8                uart_output_queue
                0x20001170                uart_input_queue
 COMMON         0x200019f8       0x30 src\uart_functions.o
                0x200019f8                init_val1
                0x200019fc                DMA_InitStructure
 COMMON         0x20001a28        0x8 src\node_functions.o
                0x20001a28                TimingDelay
                0x20001a2c                NVIC_InitStructure
 COMMON         0x20001a30       0x14 src\measurements.o
                0x20001a30                measurements
 COMMON         0x20001a44      0x3ff src\main.o
                0x20001a44                Buffer_Rx2
                0x20001b44                topology
                0x20001d44                Buffer_Tx2
 *fill*         0x20001e43        0x1 00
 COMMON         0x20001e44       0x10 src\i2c_functions.o
                0x20001e44                I2C_InitStructure
 COMMON         0x20001e54        0x4 c:/program files (x86)/atollic/truestudio for stmicroelectronics stm32 lite 2.3.0/armtools/bin/../lib/gcc/arm-atollic-eabi/4.5.1/../../../../arm-atollic-eabi/lib/thumb/thumb2\libc.a(lib_a-reent.o)
                0x20001e54                errno
 COMMON         0x20001e58      0x100 c:/program files (x86)/atollic/truestudio for stmicroelectronics stm32 lite 2.3.0/armtools/bin/../lib/gcc/arm-atollic-eabi/4.5.1/../../../../arm-atollic-eabi/lib/thumb/thumb2\libc.a(lib_a-gdtoa-gethex.o)
                0x20001e58                __hexdig
                0x20001f58                . = ALIGN (0x4)
                0x20001f58                _ebss = .
                0x20001f58                __bss_end__ = _ebss

._user_heap_stack
                0x20001f58       0x80 load address 0x0800dd58
                0x20001f58                . = ALIGN (0x4)
                0x20001f58                PROVIDE (end, .)
                0x20001f58                PROVIDE (_end, .)
                0x20001f58                . = (. + _Min_Heap_Size)
                0x20001fd8                . = (. + _Min_Stack_Size)
 *fill*         0x20001f58       0x80 00
                0x20001fd8                . = ALIGN (0x4)

.memory_b1_text
 *(.mb1text)
 *(.mb1text*)
 *(.mb1rodata)
 *(.mb1rodata*)

/DISCARD/
 libc.a(*)
 libm.a(*)
 libgcc.a(*)

.ARM.attributes
                0x00000000       0x25
 *(.ARM.attributes)
 .ARM.attributes
                0x00000000       0x19 c:/program files (x86)/atollic/truestudio for stmicroelectronics stm32 lite 2.3.0/armtools/bin/../lib/gcc/arm-atollic-eabi/4.5.1/thumb/thumb2/crti.o
 .ARM.attributes
                0x00000019       0x29 c:/program files (x86)/atollic/truestudio for stmicroelectronics stm32 lite 2.3.0/armtools/bin/../lib/gcc/arm-atollic-eabi/4.5.1/thumb/thumb2/crtbegin.o
 .ARM.attributes
                0x00000042       0x31 src\uart_queue.o
 .ARM.attributes
                0x00000073       0x31 src\uart_functions.o
 .ARM.attributes
                0x000000a4       0x31 src\system_stm32f10x.o
 .ARM.attributes
                0x000000d5       0x31 src\stm32f10x_it.o
 .ARM.attributes
                0x00000106       0x31 src\spi_functions.o
 .ARM.attributes
                0x00000137       0x31 src\node_functions.o
 .ARM.attributes
                0x00000168       0x31 src\measurements.o
 .ARM.attributes
                0x00000199       0x31 src\main.o
 .ARM.attributes
                0x000001ca       0x31 src\i2c_functions.o
 .ARM.attributes
                0x000001fb       0x31 src\collector.o
 .ARM.attributes
                0x0000022c       0x31 Libraries\STM32F10x_StdPeriph_Driver\src\stm32f10x_wwdg.o
 .ARM.attributes
                0x0000025d       0x31 Libraries\STM32F10x_StdPeriph_Driver\src\stm32f10x_usart.o
 .ARM.attributes
                0x0000028e       0x31 Libraries\STM32F10x_StdPeriph_Driver\src\stm32f10x_tim.o
 .ARM.attributes
                0x000002bf       0x31 Libraries\STM32F10x_StdPeriph_Driver\src\stm32f10x_spi.o
 .ARM.attributes
                0x000002f0       0x31 Libraries\STM32F10x_StdPeriph_Driver\src\stm32f10x_sdio.o
 .ARM.attributes
                0x00000321       0x31 Libraries\STM32F10x_StdPeriph_Driver\src\stm32f10x_rtc.o
 .ARM.attributes
                0x00000352       0x31 Libraries\STM32F10x_StdPeriph_Driver\src\stm32f10x_rcc.o
 .ARM.attributes
                0x00000383       0x31 Libraries\STM32F10x_StdPeriph_Driver\src\stm32f10x_pwr.o
 .ARM.attributes
                0x000003b4       0x31 Libraries\STM32F10x_StdPeriph_Driver\src\stm32f10x_iwdg.o
 .ARM.attributes
                0x000003e5       0x31 Libraries\STM32F10x_StdPeriph_Driver\src\stm32f10x_i2c.o
 .ARM.attributes
                0x00000416       0x31 Libraries\STM32F10x_StdPeriph_Driver\src\stm32f10x_gpio.o
 .ARM.attributes
                0x00000447       0x31 Libraries\STM32F10x_StdPeriph_Driver\src\stm32f10x_fsmc.o
 .ARM.attributes
                0x00000478       0x31 Libraries\STM32F10x_StdPeriph_Driver\src\stm32f10x_flash.o
 .ARM.attributes
                0x000004a9       0x31 Libraries\STM32F10x_StdPeriph_Driver\src\stm32f10x_exti.o
 .ARM.attributes
                0x000004da       0x31 Libraries\STM32F10x_StdPeriph_Driver\src\stm32f10x_dma.o
 .ARM.attributes
                0x0000050b       0x31 Libraries\STM32F10x_StdPeriph_Driver\src\stm32f10x_dbgmcu.o
 .ARM.attributes
                0x0000053c       0x31 Libraries\STM32F10x_StdPeriph_Driver\src\stm32f10x_dac.o
 .ARM.attributes
                0x0000056d       0x31 Libraries\STM32F10x_StdPeriph_Driver\src\stm32f10x_crc.o
 .ARM.attributes
                0x0000059e       0x31 Libraries\STM32F10x_StdPeriph_Driver\src\stm32f10x_cec.o
 .ARM.attributes
                0x000005cf       0x31 Libraries\STM32F10x_StdPeriph_Driver\src\stm32f10x_can.o
 .ARM.attributes
                0x00000600       0x31 Libraries\STM32F10x_StdPeriph_Driver\src\stm32f10x_bkp.o
 .ARM.attributes
                0x00000631       0x31 Libraries\STM32F10x_StdPeriph_Driver\src\stm32f10x_adc.o
 .ARM.attributes
                0x00000662       0x31 Libraries\STM32F10x_StdPeriph_Driver\src\misc.o
 .ARM.attributes
                0x00000693       0x21 Libraries\CMSIS\CM3\DeviceSupport\ST\STM32F10x\startup\TrueSTUDIO\startup_stm32f10x_md.o
 .ARM.attributes
                0x000006b4       0x31 Libraries\CMSIS\CM3\CoreSupport\core_cm3.o
 .ARM.attributes
                0x000006e5       0x29 c:/program files (x86)/atollic/truestudio for stmicroelectronics stm32 lite 2.3.0/armtools/bin/../lib/gcc/arm-atollic-eabi/4.5.1/../../../../arm-atollic-eabi/lib/thumb/thumb2\libc.a(lib_a-init.o)
 .ARM.attributes
                0x0000070e       0x29 c:/program files (x86)/atollic/truestudio for stmicroelectronics stm32 lite 2.3.0/armtools/bin/../lib/gcc/arm-atollic-eabi/4.5.1/../../../../arm-atollic-eabi/lib/thumb/thumb2\libc.a(lib_a-memcpy.o)
 .ARM.attributes
                0x00000737       0x29 c:/program files (x86)/atollic/truestudio for stmicroelectronics stm32 lite 2.3.0/armtools/bin/../lib/gcc/arm-atollic-eabi/4.5.1/../../../../arm-atollic-eabi/lib/thumb/thumb2\libc.a(lib_a-snprintf.o)
 .ARM.attributes
                0x00000760       0x29 c:/program files (x86)/atollic/truestudio for stmicroelectronics stm32 lite 2.3.0/armtools/bin/../lib/gcc/arm-atollic-eabi/4.5.1/../../../../arm-atollic-eabi/lib/thumb/thumb2\libc.a(lib_a-sscanf.o)
 .ARM.attributes
                0x00000789       0x29 c:/program files (x86)/atollic/truestudio for stmicroelectronics stm32 lite 2.3.0/armtools/bin/../lib/gcc/arm-atollic-eabi/4.5.1/../../../../arm-atollic-eabi/lib/thumb/thumb2\libc.a(lib_a-stdio.o)
 .ARM.attributes
                0x000007b2       0x29 c:/program files (x86)/atollic/truestudio for stmicroelectronics stm32 lite 2.3.0/armtools/bin/../lib/gcc/arm-atollic-eabi/4.5.1/../../../../arm-atollic-eabi/lib/thumb/thumb2\libc.a(lib_a-strlen.o)
 .ARM.attributes
                0x000007db       0x29 c:/program files (x86)/atollic/truestudio for stmicroelectronics stm32 lite 2.3.0/armtools/bin/../lib/gcc/arm-atollic-eabi/4.5.1/../../../../arm-atollic-eabi/lib/thumb/thumb2\libc.a(lib_a-strncpy.o)
 .ARM.attributes
                0x00000804       0x29 c:/program files (x86)/atollic/truestudio for stmicroelectronics stm32 lite 2.3.0/armtools/bin/../lib/gcc/arm-atollic-eabi/4.5.1/../../../../arm-atollic-eabi/lib/thumb/thumb2\libc.a(lib_a-svfprintf.o)
 .ARM.attributes
                0x0000082d       0x29 c:/program files (x86)/atollic/truestudio for stmicroelectronics stm32 lite 2.3.0/armtools/bin/../lib/gcc/arm-atollic-eabi/4.5.1/../../../../arm-atollic-eabi/lib/thumb/thumb2\libc.a(lib_a-svfscanf.o)
 .ARM.attributes
                0x00000856       0x29 c:/program files (x86)/atollic/truestudio for stmicroelectronics stm32 lite 2.3.0/armtools/bin/../lib/gcc/arm-atollic-eabi/4.5.1/../../../../arm-atollic-eabi/lib/thumb/thumb2\libc.a(lib_a-writer.o)
 .ARM.attributes
                0x0000087f       0x29 c:/program files (x86)/atollic/truestudio for stmicroelectronics stm32 lite 2.3.0/armtools/bin/../lib/gcc/arm-atollic-eabi/4.5.1/../../../../arm-atollic-eabi/lib/thumb/thumb2\libc.a(lib_a-closer.o)
 .ARM.attributes
                0x000008a8       0x29 c:/program files (x86)/atollic/truestudio for stmicroelectronics stm32 lite 2.3.0/armtools/bin/../lib/gcc/arm-atollic-eabi/4.5.1/../../../../arm-atollic-eabi/lib/thumb/thumb2\libc.a(lib_a-ctype_.o)
 .ARM.attributes
                0x000008d1       0x29 c:/program files (x86)/atollic/truestudio for stmicroelectronics stm32 lite 2.3.0/armtools/bin/../lib/gcc/arm-atollic-eabi/4.5.1/../../../../arm-atollic-eabi/lib/thumb/thumb2\libc.a(lib_a-dtoa.o)
 .ARM.attributes
                0x000008fa       0x29 c:/program files (x86)/atollic/truestudio for stmicroelectronics stm32 lite 2.3.0/armtools/bin/../lib/gcc/arm-atollic-eabi/4.5.1/../../../../arm-atollic-eabi/lib/thumb/thumb2\libc.a(lib_a-findfp.o)
 .ARM.attributes
                0x00000923       0x29 c:/program files (x86)/atollic/truestudio for stmicroelectronics stm32 lite 2.3.0/armtools/bin/../lib/gcc/arm-atollic-eabi/4.5.1/../../../../arm-atollic-eabi/lib/thumb/thumb2\libc.a(lib_a-fwalk.o)
 .ARM.attributes
                0x0000094c       0x29 c:/program files (x86)/atollic/truestudio for stmicroelectronics stm32 lite 2.3.0/armtools/bin/../lib/gcc/arm-atollic-eabi/4.5.1/../../../../arm-atollic-eabi/lib/thumb/thumb2\libc.a(lib_a-impure.o)
 .ARM.attributes
                0x00000975       0x29 c:/program files (x86)/atollic/truestudio for stmicroelectronics stm32 lite 2.3.0/armtools/bin/../lib/gcc/arm-atollic-eabi/4.5.1/../../../../arm-atollic-eabi/lib/thumb/thumb2\libc.a(lib_a-iswspace.o)
 .ARM.attributes
                0x0000099e       0x29 c:/program files (x86)/atollic/truestudio for stmicroelectronics stm32 lite 2.3.0/armtools/bin/../lib/gcc/arm-atollic-eabi/4.5.1/../../../../arm-atollic-eabi/lib/thumb/thumb2\libc.a(lib_a-locale.o)
 .ARM.attributes
                0x000009c7       0x29 c:/program files (x86)/atollic/truestudio for stmicroelectronics stm32 lite 2.3.0/armtools/bin/../lib/gcc/arm-atollic-eabi/4.5.1/../../../../arm-atollic-eabi/lib/thumb/thumb2\libc.a(lib_a-lseekr.o)
 .ARM.attributes
                0x000009f0       0x29 c:/program files (x86)/atollic/truestudio for stmicroelectronics stm32 lite 2.3.0/armtools/bin/../lib/gcc/arm-atollic-eabi/4.5.1/../../../../arm-atollic-eabi/lib/thumb/thumb2\libc.a(lib_a-malloc.o)
 .ARM.attributes
                0x00000a19       0x29 c:/program files (x86)/atollic/truestudio for stmicroelectronics stm32 lite 2.3.0/armtools/bin/../lib/gcc/arm-atollic-eabi/4.5.1/../../../../arm-atollic-eabi/lib/thumb/thumb2\libc.a(lib_a-mallocr.o)
 .ARM.attributes
                0x00000a42       0x29 c:/program files (x86)/atollic/truestudio for stmicroelectronics stm32 lite 2.3.0/armtools/bin/../lib/gcc/arm-atollic-eabi/4.5.1/../../../../arm-atollic-eabi/lib/thumb/thumb2\libc.a(lib_a-mbrtowc.o)
 .ARM.attributes
                0x00000a6b       0x29 c:/program files (x86)/atollic/truestudio for stmicroelectronics stm32 lite 2.3.0/armtools/bin/../lib/gcc/arm-atollic-eabi/4.5.1/../../../../arm-atollic-eabi/lib/thumb/thumb2\libc.a(lib_a-mbtowc_r.o)
 .ARM.attributes
                0x00000a94       0x29 c:/program files (x86)/atollic/truestudio for stmicroelectronics stm32 lite 2.3.0/armtools/bin/../lib/gcc/arm-atollic-eabi/4.5.1/../../../../arm-atollic-eabi/lib/thumb/thumb2\libc.a(lib_a-memchr.o)
 .ARM.attributes
                0x00000abd       0x29 c:/program files (x86)/atollic/truestudio for stmicroelectronics stm32 lite 2.3.0/armtools/bin/../lib/gcc/arm-atollic-eabi/4.5.1/../../../../arm-atollic-eabi/lib/thumb/thumb2\libc.a(lib_a-memset.o)
 .ARM.attributes
                0x00000ae6       0x29 c:/program files (x86)/atollic/truestudio for stmicroelectronics stm32 lite 2.3.0/armtools/bin/../lib/gcc/arm-atollic-eabi/4.5.1/../../../../arm-atollic-eabi/lib/thumb/thumb2\libc.a(lib_a-mlock.o)
 .ARM.attributes
                0x00000b0f       0x29 c:/program files (x86)/atollic/truestudio for stmicroelectronics stm32 lite 2.3.0/armtools/bin/../lib/gcc/arm-atollic-eabi/4.5.1/../../../../arm-atollic-eabi/lib/thumb/thumb2\libc.a(lib_a-mprec.o)
 .ARM.attributes
                0x00000b38       0x29 c:/program files (x86)/atollic/truestudio for stmicroelectronics stm32 lite 2.3.0/armtools/bin/../lib/gcc/arm-atollic-eabi/4.5.1/../../../../arm-atollic-eabi/lib/thumb/thumb2\libc.a(lib_a-readr.o)
 .ARM.attributes
                0x00000b61       0x29 c:/program files (x86)/atollic/truestudio for stmicroelectronics stm32 lite 2.3.0/armtools/bin/../lib/gcc/arm-atollic-eabi/4.5.1/../../../../arm-atollic-eabi/lib/thumb/thumb2\libc.a(lib_a-reent.o)
 .ARM.attributes
                0x00000b8a       0x29 c:/program files (x86)/atollic/truestudio for stmicroelectronics stm32 lite 2.3.0/armtools/bin/../lib/gcc/arm-atollic-eabi/4.5.1/../../../../arm-atollic-eabi/lib/thumb/thumb2\libc.a(lib_a-sbrkr.o)
 .ARM.attributes
                0x00000bb3       0x29 c:/program files (x86)/atollic/truestudio for stmicroelectronics stm32 lite 2.3.0/armtools/bin/../lib/gcc/arm-atollic-eabi/4.5.1/../../../../arm-atollic-eabi/lib/thumb/thumb2\libc.a(lib_a-sccl.o)
 .ARM.attributes
                0x00000bdc       0x29 c:/program files (x86)/atollic/truestudio for stmicroelectronics stm32 lite 2.3.0/armtools/bin/../lib/gcc/arm-atollic-eabi/4.5.1/../../../../arm-atollic-eabi/lib/thumb/thumb2\libc.a(lib_a-sf_nan.o)
 .ARM.attributes
                0x00000c05       0x29 c:/program files (x86)/atollic/truestudio for stmicroelectronics stm32 lite 2.3.0/armtools/bin/../lib/gcc/arm-atollic-eabi/4.5.1/../../../../arm-atollic-eabi/lib/thumb/thumb2\libc.a(lib_a-s_fpclassify.o)
 .ARM.attributes
                0x00000c2e       0x29 c:/program files (x86)/atollic/truestudio for stmicroelectronics stm32 lite 2.3.0/armtools/bin/../lib/gcc/arm-atollic-eabi/4.5.1/../../../../arm-atollic-eabi/lib/thumb/thumb2\libc.a(lib_a-sprintf.o)
 .ARM.attributes
                0x00000c57       0x29 c:/program files (x86)/atollic/truestudio for stmicroelectronics stm32 lite 2.3.0/armtools/bin/../lib/gcc/arm-atollic-eabi/4.5.1/../../../../arm-atollic-eabi/lib/thumb/thumb2\libc.a(lib_a-strcmp.o)
 .ARM.attributes
                0x00000c80       0x29 c:/program files (x86)/atollic/truestudio for stmicroelectronics stm32 lite 2.3.0/armtools/bin/../lib/gcc/arm-atollic-eabi/4.5.1/../../../../arm-atollic-eabi/lib/thumb/thumb2\libc.a(lib_a-strtod.o)
 .ARM.attributes
                0x00000ca9       0x29 c:/program files (x86)/atollic/truestudio for stmicroelectronics stm32 lite 2.3.0/armtools/bin/../lib/gcc/arm-atollic-eabi/4.5.1/../../../../arm-atollic-eabi/lib/thumb/thumb2\libc.a(lib_a-strtoll_r.o)
 .ARM.attributes
                0x00000cd2       0x29 c:/program files (x86)/atollic/truestudio for stmicroelectronics stm32 lite 2.3.0/armtools/bin/../lib/gcc/arm-atollic-eabi/4.5.1/../../../../arm-atollic-eabi/lib/thumb/thumb2\libc.a(lib_a-strtol.o)
 .ARM.attributes
                0x00000cfb       0x29 c:/program files (x86)/atollic/truestudio for stmicroelectronics stm32 lite 2.3.0/armtools/bin/../lib/gcc/arm-atollic-eabi/4.5.1/../../../../arm-atollic-eabi/lib/thumb/thumb2\libc.a(lib_a-strtoull_r.o)
 .ARM.attributes
                0x00000d24       0x29 c:/program files (x86)/atollic/truestudio for stmicroelectronics stm32 lite 2.3.0/armtools/bin/../lib/gcc/arm-atollic-eabi/4.5.1/../../../../arm-atollic-eabi/lib/thumb/thumb2\libc.a(lib_a-strtoul.o)
 .ARM.attributes
                0x00000d4d       0x29 c:/program files (x86)/atollic/truestudio for stmicroelectronics stm32 lite 2.3.0/armtools/bin/../lib/gcc/arm-atollic-eabi/4.5.1/../../../../arm-atollic-eabi/lib/thumb/thumb2\libc.a(lib_a-svfiprintf.o)
 .ARM.attributes
                0x00000d76       0x29 c:/program files (x86)/atollic/truestudio for stmicroelectronics stm32 lite 2.3.0/armtools/bin/../lib/gcc/arm-atollic-eabi/4.5.1/../../../../arm-atollic-eabi/lib/thumb/thumb2\libc.a(lib_a-svfiscanf.o)
 .ARM.attributes
                0x00000d9f       0x29 c:/program files (x86)/atollic/truestudio for stmicroelectronics stm32 lite 2.3.0/armtools/bin/../lib/gcc/arm-atollic-eabi/4.5.1/../../../../arm-atollic-eabi/lib/thumb/thumb2\libc.a(lib_a-syscalls.o)
 .ARM.attributes