Archive member included because of file (symbol)

c:/program files (x86)/atollic/truestudio for stmicroelectronics stm32 lite 2.3.0/armtools/bin/../lib/gcc/arm-atollic-eabi/4.5.1/../../../../arm-atollic-eabi/lib/thumb/thumb2\libc.a(lib_a-init.o)
                              Libraries\CMSIS\CM3\DeviceSupport\ST\STM32F10x\startup\TrueSTUDIO\startup_stm32f10x_md_vl.o (__libc_init_array)
c:/program files (x86)/atollic/truestudio for stmicroelectronics stm32 lite 2.3.0/armtools/bin/../lib/gcc/arm-atollic-eabi/4.5.1/../../../../arm-atollic-eabi/lib/thumb/thumb2\libc.a(lib_a-memcpy.o)
                              src\uart_functions.o (memcpy)
c:/program files (x86)/atollic/truestudio for stmicroelectronics stm32 lite 2.3.0/armtools/bin/../lib/gcc/arm-atollic-eabi/4.5.1/../../../../arm-atollic-eabi/lib/thumb/thumb2\libc.a(lib_a-sprintf.o)
                              src\uart_functions.o (sprintf)
c:/program files (x86)/atollic/truestudio for stmicroelectronics stm32 lite 2.3.0/armtools/bin/../lib/gcc/arm-atollic-eabi/4.5.1/../../../../arm-atollic-eabi/lib/thumb/thumb2\libc.a(lib_a-sscanf.o)
                              src\uart_functions.o (sscanf)
c:/program files (x86)/atollic/truestudio for stmicroelectronics stm32 lite 2.3.0/armtools/bin/../lib/gcc/arm-atollic-eabi/4.5.1/../../../../arm-atollic-eabi/lib/thumb/thumb2\libc.a(lib_a-stdio.o)
                              c:/program files (x86)/atollic/truestudio for stmicroelectronics stm32 lite 2.3.0/armtools/bin/../lib/gcc/arm-atollic-eabi/4.5.1/../../../../arm-atollic-eabi/lib/thumb/thumb2\libc.a(lib_a-sscanf.o) (__seofread)
c:/program files (x86)/atollic/truestudio for stmicroelectronics stm32 lite 2.3.0/armtools/bin/../lib/gcc/arm-atollic-eabi/4.5.1/../../../../arm-atollic-eabi/lib/thumb/thumb2\libc.a(lib_a-strlen.o)
                              c:/program files (x86)/atollic/truestudio for stmicroelectronics stm32 lite 2.3.0/armtools/bin/../lib/gcc/arm-atollic-eabi/4.5.1/../../../../arm-atollic-eabi/lib/thumb/thumb2\libc.a(lib_a-sscanf.o) (strlen)
c:/program files (x86)/atollic/truestudio for stmicroelectronics stm32 lite 2.3.0/armtools/bin/../lib/gcc/arm-atollic-eabi/4.5.1/../../../../arm-atollic-eabi/lib/thumb/thumb2\libc.a(lib_a-svfprintf.o)
                              c:/program files (x86)/atollic/truestudio for stmicroelectronics stm32 lite 2.3.0/armtools/bin/../lib/gcc/arm-atollic-eabi/4.5.1/../../../../arm-atollic-eabi/lib/thumb/thumb2\libc.a(lib_a-sprintf.o) (_svfprintf_r)
c:/program files (x86)/atollic/truestudio for stmicroelectronics stm32 lite 2.3.0/armtools/bin/../lib/gcc/arm-atollic-eabi/4.5.1/../../../../arm-atollic-eabi/lib/thumb/thumb2\libc.a(lib_a-svfscanf.o)
                              c:/program files (x86)/atollic/truestudio for stmicroelectronics stm32 lite 2.3.0/armtools/bin/../lib/gcc/arm-atollic-eabi/4.5.1/../../../../arm-atollic-eabi/lib/thumb/thumb2\libc.a(lib_a-sscanf.o) (__ssvfscanf_r)
c:/program files (x86)/atollic/truestudio for stmicroelectronics stm32 lite 2.3.0/armtools/bin/../lib/gcc/arm-atollic-eabi/4.5.1/../../../../arm-atollic-eabi/lib/thumb/thumb2\libc.a(lib_a-writer.o)
                              c:/program files (x86)/atollic/truestudio for stmicroelectronics stm32 lite 2.3.0/armtools/bin/../lib/gcc/arm-atollic-eabi/4.5.1/../../../../arm-atollic-eabi/lib/thumb/thumb2\libc.a(lib_a-stdio.o) (_write_r)
c:/program files (x86)/atollic/truestudio for stmicroelectronics stm32 lite 2.3.0/armtools/bin/../lib/gcc/arm-atollic-eabi/4.5.1/../../../../arm-atollic-eabi/lib/thumb/thumb2\libc.a(lib_a-closer.o)
                              c:/program files (x86)/atollic/truestudio for stmicroelectronics stm32 lite 2.3.0/armtools/bin/../lib/gcc/arm-atollic-eabi/4.5.1/../../../../arm-atollic-eabi/lib/thumb/thumb2\libc.a(lib_a-stdio.o) (_close_r)
c:/program files (x86)/atollic/truestudio for stmicroelectronics stm32 lite 2.3.0/armtools/bin/../lib/gcc/arm-atollic-eabi/4.5.1/../../../../arm-atollic-eabi/lib/thumb/thumb2\libc.a(lib_a-ctype_.o)
                              c:/program files (x86)/atollic/truestudio for stmicroelectronics stm32 lite 2.3.0/armtools/bin/../lib/gcc/arm-atollic-eabi/4.5.1/../../../../arm-atollic-eabi/lib/thumb/thumb2\libc.a(lib_a-svfscanf.o) (__ctype_ptr__)
c:/program files (x86)/atollic/truestudio for stmicroelectronics stm32 lite 2.3.0/armtools/bin/../lib/gcc/arm-atollic-eabi/4.5.1/../../../../arm-atollic-eabi/lib/thumb/thumb2\libc.a(lib_a-dtoa.o)
                              c:/program files (x86)/atollic/truestudio for stmicroelectronics stm32 lite 2.3.0/armtools/bin/../lib/gcc/arm-atollic-eabi/4.5.1/../../../../arm-atollic-eabi/lib/thumb/thumb2\libc.a(lib_a-svfprintf.o) (_dtoa_r)
c:/program files (x86)/atollic/truestudio for stmicroelectronics stm32 lite 2.3.0/armtools/bin/../lib/gcc/arm-atollic-eabi/4.5.1/../../../../arm-atollic-eabi/lib/thumb/thumb2\libc.a(lib_a-findfp.o)
[...]
Memory Configuration

Name             Origin             Length             Attributes
FLASH            0x08000000         0x00020000         xr
RAM              0x20000000         0x00002000         xrw
MEMORY_B1        0x60000000         0x00000000         xr
*default*        0x00000000         0xffffffff

Linker script and memory map

LOAD c:/program files (x86)/atollic/truestudio for stmicroelectronics stm32 lite 2.3.0/armtools/bin/../lib/gcc/arm-atollic-eabi/4.5.1/thumb/thumb2/crti.o
LOAD c:/program files (x86)/atollic/truestudio for stmicroelectronics stm32 lite 2.3.0/armtools/bin/../lib/gcc/arm-atollic-eabi/4.5.1/thumb/thumb2/crtbegin.o
LOAD src\uart_functions.o
LOAD src\system_stm32f10x.o
LOAD src\stm32f10x_it.o
LOAD src\spi_functions.o
LOAD src\node_functions.o
LOAD src\main.o
LOAD src\i2c_functions.o
LOAD Utilities\STM32_EVAL\STM32_Discovery\STM32vldiscovery.o
LOAD Libraries\STM32F10x_StdPeriph_Driver\src\stm32f10x_wwdg.o
LOAD Libraries\STM32F10x_StdPeriph_Driver\src\stm32f10x_usart.o
LOAD Libraries\STM32F10x_StdPeriph_Driver\src\stm32f10x_tim.o
LOAD Libraries\STM32F10x_StdPeriph_Driver\src\stm32f10x_spi.o
LOAD Libraries\STM32F10x_StdPeriph_Driver\src\stm32f10x_sdio.o
LOAD Libraries\STM32F10x_StdPeriph_Driver\src\stm32f10x_rtc.o
LOAD Libraries\STM32F10x_StdPeriph_Driver\src\stm32f10x_rcc.o
LOAD Libraries\STM32F10x_StdPeriph_Driver\src\stm32f10x_pwr.o
LOAD Libraries\STM32F10x_StdPeriph_Driver\src\stm32f10x_iwdg.o
LOAD Libraries\STM32F10x_StdPeriph_Driver\src\stm32f10x_i2c.o
LOAD Libraries\STM32F10x_StdPeriph_Driver\src\stm32f10x_gpio.o
LOAD Libraries\STM32F10x_StdPeriph_Driver\src\stm32f10x_fsmc.o
LOAD Libraries\STM32F10x_StdPeriph_Driver\src\stm32f10x_flash.o
LOAD Libraries\STM32F10x_StdPeriph_Driver\src\stm32f10x_exti.o
LOAD Libraries\STM32F10x_StdPeriph_Driver\src\stm32f10x_dma.o
LOAD Libraries\STM32F10x_StdPeriph_Driver\src\stm32f10x_dbgmcu.o
LOAD Libraries\STM32F10x_StdPeriph_Driver\src\stm32f10x_dac.o
LOAD Libraries\STM32F10x_StdPeriph_Driver\src\stm32f10x_crc.o
LOAD Libraries\STM32F10x_StdPeriph_Driver\src\stm32f10x_cec.o
LOAD Libraries\STM32F10x_StdPeriph_Driver\src\stm32f10x_can.o
LOAD Libraries\STM32F10x_StdPeriph_Driver\src\stm32f10x_bkp.o
LOAD Libraries\STM32F10x_StdPeriph_Driver\src\stm32f10x_adc.o
LOAD Libraries\STM32F10x_StdPeriph_Driver\src\misc.o
LOAD Libraries\CMSIS\CM3\DeviceSupport\ST\STM32F10x\startup\TrueSTUDIO\startup_stm32f10x_md_vl.o
LOAD Libraries\CMSIS\CM3\CoreSupport\core_cm3.o
LOAD c:/program files (x86)/atollic/truestudio for stmicroelectronics stm32 lite 2.3.0/armtools/bin/../lib/gcc/arm-atollic-eabi/4.5.1/../../../../arm-atollic-eabi/lib/thumb/thumb2\libm.a
                0x00001000                malloc_getpagesize_P = 0x1000
START GROUP
LOAD c:/program files (x86)/atollic/truestudio for stmicroelectronics stm32 lite 2.3.0/armtools/bin/../lib/gcc/arm-atollic-eabi/4.5.1/thumb/thumb2\libgcc.a
LOAD c:/program files (x86)/atollic/truestudio for stmicroelectronics stm32 lite 2.3.0/armtools/bin/../lib/gcc/arm-atollic-eabi/4.5.1/../../../../arm-atollic-eabi/lib/thumb/thumb2\libc.a
END GROUP
LOAD c:/program files (x86)/atollic/truestudio for stmicroelectronics stm32 lite 2.3.0/armtools/bin/../lib/gcc/arm-atollic-eabi/4.5.1/thumb/thumb2/crtend.o
LOAD c:/program files (x86)/atollic/truestudio for stmicroelectronics stm32 lite 2.3.0/armtools/bin/../lib/gcc/arm-atollic-eabi/4.5.1/thumb/thumb2/crtn.o
                0x20002000                _estack = 0x20002000
                0x00000000                _Min_Heap_Size = 0x0
                0x00000080                _Min_Stack_Size = 0x80

.isr_vector     0x08000000      0x1d0
                0x08000000                . = ALIGN (0x4)
 *(.isr_vector)
 .isr_vector    0x08000000      0x1d0 Libraries\CMSIS\CM3\DeviceSupport\ST\STM32F10x\startup\TrueSTUDIO\startup_stm32f10x_md_vl.o
                0x08000000                g_pfnVectors
                0x080001d0                . = ALIGN (0x4)

.text           0x080001d0     0xbd54
                0x080001d0                . = ALIGN (0x4)
 *(.text)
 .text          0x080001d0       0x30 c:/program files (x86)/atollic/truestudio for stmicroelectronics stm32 lite 2.3.0/armtools/bin/../lib/gcc/arm-atollic-eabi/4.5.1/thumb/thumb2/crtbegin.o
 .text          0x08000200      0x278 c:/program files (x86)/atollic/truestudio for stmicroelectronics stm32 lite 2.3.0/armtools/bin/../lib/gcc/arm-atollic-eabi/4.5.1/thumb/thumb2\libgcc.a(_udivsi3.o)
                0x08000200                __aeabi_uidiv
                0x08000200                __udivsi3
                0x0800045c                __aeabi_uidivmod
 .text          0x08000478      0x2b0 c:/program files (x86)/atollic/truestudio for stmicroelectronics stm32 lite 2.3.0/armtools/bin/../lib/gcc/arm-atollic-eabi/4.5.1/thumb/thumb2\libgcc.a(_divsi3.o)
                0x08000478                __divsi3
                0x08000478                __aeabi_idiv
                0x0800070c                __aeabi_idivmod
 .text          0x08000728        0x4 c:/program files (x86)/atollic/truestudio for stmicroelectronics stm32 lite 2.3.0/armtools/bin/../lib/gcc/arm-atollic-eabi/4.5.1/thumb/thumb2\libgcc.a(_dvmd_tls.o)
                0x08000728                __aeabi_idiv0
                0x08000728                __aeabi_ldiv0
 .text          0x0800072c      0x370 c:/program files (x86)/atollic/truestudio for stmicroelectronics stm32 lite 2.3.0/armtools/bin/../lib/gcc/arm-atollic-eabi/4.5.1/thumb/thumb2\libgcc.a(_arm_addsubdf3.o)
                0x0800072c                __aeabi_drsub
                0x08000734                __aeabi_dsub
                0x08000734                __subdf3
                0x08000738                __aeabi_dadd
                0x08000738                __adddf3
                0x080009b0                __floatunsidf
                0x080009b0                __aeabi_ui2d
                0x080009d0                __floatsidf
                0x080009d0                __aeabi_i2d
                0x080009f4                __aeabi_f2d
                0x080009f4                __extendsfdf2
                0x08000a30                __floatundidf
                0x08000a30                __aeabi_ul2d
                0x08000a40                __floatdidf
                0x08000a40                __aeabi_l2d
 .text          0x08000a9c      0x424 c:/program files (x86)/atollic/truestudio for stmicroelectronics stm32 lite 2.3.0/armtools/bin/../lib/gcc/arm-atollic-eabi/4.5.1/thumb/thumb2\libgcc.a(_arm_muldivdf3.o)
                0x08000a9c                __aeabi_dmul
                0x08000a9c                __muldf3
                0x08000cf0                __divdf3
                0x08000cf0                __aeabi_ddiv
 .text          0x08000ec0      0x110 c:/program files (x86)/atollic/truestudio for stmicroelectronics stm32 lite 2.3.0/armtools/bin/../lib/gcc/arm-atollic-eabi/4.5.1/thumb/thumb2\libgcc.a(_arm_cmpdf2.o)
                0x08000ec0                __gtdf2
                0x08000ec0                __gedf2
                0x08000ec8                __ltdf2
                0x08000ec8                __ledf2
                0x08000ed0                __nedf2
                0x08000ed0                __eqdf2
                0x08000ed0                __cmpdf2
                0x08000f4c                __aeabi_cdrcmple
                0x08000f5c                __aeabi_cdcmpeq
                0x08000f5c                __aeabi_cdcmple
                0x08000f6c                __aeabi_dcmpeq
                0x08000f80                __aeabi_dcmplt
                0x08000f94                __aeabi_dcmple
                0x08000fa8                __aeabi_dcmpge
                0x08000fbc                __aeabi_dcmpgt
 .text          0x08000fd0       0x50 c:/program files (x86)/atollic/truestudio for stmicroelectronics stm32 lite 2.3.0/armtools/bin/../lib/gcc/arm-atollic-eabi/4.5.1/thumb/thumb2\libgcc.a(_arm_fixdfsi.o)
                0x08000fd0                __aeabi_d2iz
                0x08000fd0                __fixdfsi
 .text          0x08001020       0x40 c:/program files (x86)/atollic/truestudio for stmicroelectronics stm32 lite 2.3.0/armtools/bin/../lib/gcc/arm-atollic-eabi/4.5.1/thumb/thumb2\libgcc.a(_arm_fixunsdfsi.o)
                0x08001020                __aeabi_d2uiz
                0x08001020                __fixunsdfsi
 .text          0x08001060       0xa0 c:/program files (x86)/atollic/truestudio for stmicroelectronics stm32 lite 2.3.0/armtools/bin/../lib/gcc/arm-atollic-eabi/4.5.1/thumb/thumb2\libgcc.a(_arm_truncdfsf2.o)
                0x08001060                __truncdfsf2
                0x08001060                __aeabi_d2f
 .text          0x08001100       0x2c c:/program files (x86)/atollic/truestudio for stmicroelectronics stm32 lite 2.3.0/armtools/bin/../lib/gcc/arm-atollic-eabi/4.5.1/thumb/thumb2\libgcc.a(_aeabi_uldivmod.o)
                0x08001100                __aeabi_uldivmod
 .text          0x0800112c       0x60 c:/program files (x86)/atollic/truestudio for stmicroelectronics stm32 lite 2.3.0/armtools/bin/../lib/gcc/arm-atollic-eabi/4.5.1/thumb/thumb2\libgcc.a(bpabi.o)
                0x0800112c                __gnu_ldivmod_helper
                0x0800115c                __gnu_uldivmod_helper
 .text          0x0800118c      0x364 c:/program files (x86)/atollic/truestudio for stmicroelectronics stm32 lite 2.3.0/armtools/bin/../lib/gcc/arm-atollic-eabi/4.5.1/thumb/thumb2\libgcc.a(_divdi3.o)
                0x0800118c                __divdi3
 .text          0x080014f0      0x314 c:/program files (x86)/atollic/truestudio for stmicroelectronics stm32 lite 2.3.0/armtools/bin/../lib/gcc/arm-atollic-eabi/4.5.1/thumb/thumb2\libgcc.a(_udivdi3.o)
                0x080014f0                __udivdi3
 *(.text*)
 .text.__enable_irq
                0x08001804        0xc src\uart_functions.o
 .text.__disable_irq
                0x08001810        0xc src\uart_functions.o
 .text.uart_config
                0x0800181c       0xe4 src\uart_functions.o
                0x0800181c                uart_config
 .text.send_uart
                0x08001900       0x6c src\uart_functions.o
                0x08001900                send_uart
 .text.receive_uart
                0x0800196c      0x558 src\uart_functions.o
                0x0800196c                receive_uart
 .text.SystemInit
                0x08001ec4       0xc0 src\system_stm32f10x.o
                0x08001ec4                SystemInit
 .text.SetSysClock
                0x08001f84        0xc src\system_stm32f10x.o
 .text.SetSysClockTo24
                0x08001f90      0x15c src\system_stm32f10x.o
 .text.clock_init
                0x080020ec       0x5c src\system_stm32f10x.o
                0x080020ec                clock_init
 .text.NMI_Handler
                0x08002148        0xc src\stm32f10x_it.o
                0x08002148                NMI_Handler
 .text.HardFault_Handler
                0x08002154        0x8 src\stm32f10x_it.o
                0x08002154                HardFault_Handler
 .text.MemManage_Handler
                0x0800215c        0x8 src\stm32f10x_it.o
                0x0800215c                MemManage_Handler
 .text.BusFault_Handler
                0x08002164        0x8 src\stm32f10x_it.o
                0x08002164                BusFault_Handler
 .text.UsageFault_Handler
                0x0800216c        0x8 src\stm32f10x_it.o
                0x0800216c                UsageFault_Handler
 .text.SVC_Handler
                0x08002174        0xc src\stm32f10x_it.o
                0x08002174                SVC_Handler
 .text.DebugMon_Handler
                0x08002180        0xc src\stm32f10x_it.o
                0x08002180                DebugMon_Handler
 .text.PendSV_Handler
                0x0800218c        0xc src\stm32f10x_it.o
                0x0800218c                PendSV_Handler
 .text.SysTick_Handler
                0x08002198       0x30 src\stm32f10x_it.o
                0x08002198                SysTick_Handler
 .text.USART2_IRQHandler
                0x080021c8       0x14 src\stm32f10x_it.o
                0x080021c8                USART2_IRQHandler
 .text.EXTI15_10_IRQHandler
                0x080021dc      0x278 src\stm32f10x_it.o
                0x080021dc                EXTI15_10_IRQHandler
 .text.I2C1_EV_IRQHandler
                0x08002454      0x478 src\stm32f10x_it.o
                0x08002454                I2C1_EV_IRQHandler
 .text.TIM3_IRQHandler
                0x080028cc      0x118 src\stm32f10x_it.o
                0x080028cc                TIM3_IRQHandler
 .text.I2C1_ER_IRQHandler
                0x080029e4       0xd4 src\stm32f10x_it.o
                0x080029e4                I2C1_ER_IRQHandler
 .text.spi_config
                0x08002ab8       0xcc src\spi_functions.o
                0x08002ab8                spi_config
 .text.read_spi
                0x08002b84      0x2b4 src\spi_functions.o
                0x08002b84                read_spi
 .text.set_leds
                0x08002e38      0x1b4 src\node_functions.o
                0x08002e38                set_leds
 .text.set_type
                0x08002fec       0x60 src\node_functions.o
                0x08002fec                set_type
 .text.topo_config
                0x0800304c      0x134 src\node_functions.o
                0x0800304c                topo_config
 .text.send_topo
                0x08003180       0x64 src\node_functions.o
                0x08003180                send_topo
 .text.led_config
                0x080031e4      0x160 src\node_functions.o
                0x080031e4                led_config
 .text.Delay    0x08003344       0x30 src\node_functions.o
                0x08003344                Delay
 .text.is_splitter
                0x08003374       0x2c src\node_functions.o
                0x08003374                is_splitter
 .text.is_joint
                0x080033a0       0x2c src\node_functions.o
                0x080033a0                is_joint
 .text.NVIC_SetPriority
                0x080033cc       0x5c src\main.o
 .text.SysTick_Config
                0x08003428       0x64 src\main.o
 .text.main     0x0800348c      0x54c src\main.o
                0x0800348c                main
 .text.NVIC_EnableIRQ
                0x080039d8       0x38 src\i2c_functions.o
 .text.NVIC_SetPriority
                0x08003a10       0x5c src\i2c_functions.o
 .text.i2c_config
                0x08003a6c      0x170 src\i2c_functions.o
                0x08003a6c                i2c_config
 .text.send_i2c
                0x08003bdc      0x210 src\i2c_functions.o
                0x08003bdc                send_i2c
 .text.receive_i2c
                0x08003dec      0x28c src\i2c_functions.o
                0x08003dec                receive_i2c
 .text.USART_Init
                0x08004078      0x1c0 Libraries\STM32F10x_StdPeriph_Driver\src\stm32f10x_usart.o
                0x08004078                USART_Init
 .text.USART_Cmd
                0x08004238       0x40 Libraries\STM32F10x_StdPeriph_Driver\src\stm32f10x_usart.o
                0x08004238                USART_Cmd
 .text.USART_ITConfig
                0x08004278       0xa8 Libraries\STM32F10x_StdPeriph_Driver\src\stm32f10x_usart.o
                0x08004278                USART_ITConfig
 .text.USART_SendData
                0x08004320       0x28 Libraries\STM32F10x_StdPeriph_Driver\src\stm32f10x_usart.o
                0x08004320                USART_SendData
 .text.USART_ReceiveData
                0x08004348       0x24 Libraries\STM32F10x_StdPeriph_Driver\src\stm32f10x_usart.o
                0x08004348                USART_ReceiveData
 .text.USART_GetFlagStatus
                0x0800436c       0x40 Libraries\STM32F10x_StdPeriph_Driver\src\stm32f10x_usart.o
                0x0800436c                USART_GetFlagStatus
 .text.USART_GetITStatus
                0x080043ac       0xcc Libraries\STM32F10x_StdPeriph_Driver\src\stm32f10x_usart.o
                0x080043ac                USART_GetITStatus
 .text.TIM_TimeBaseInit
                0x08004478      0x120 Libraries\STM32F10x_StdPeriph_Driver\src\stm32f10x_tim.o
                0x08004478                TIM_TimeBaseInit
 .text.TIM_OC3Init
                0x08004598      0x130 Libraries\STM32F10x_StdPeriph_Driver\src\stm32f10x_tim.o
                0x08004598                TIM_OC3Init
 .text.TIM_OC4Init
                0x080046c8       0xe8 Libraries\STM32F10x_StdPeriph_Driver\src\stm32f10x_tim.o
                0x080046c8                TIM_OC4Init
 .text.TIM_Cmd  0x080047b0       0x40 Libraries\STM32F10x_StdPeriph_Driver\src\stm32f10x_tim.o
                0x080047b0                TIM_Cmd
 .text.TIM_ITConfig
                0x080047f0       0x4c Libraries\STM32F10x_StdPeriph_Driver\src\stm32f10x_tim.o
                0x080047f0                TIM_ITConfig
 .text.TIM_OC3PreloadConfig
                0x0800483c       0x3c Libraries\STM32F10x_StdPeriph_Driver\src\stm32f10x_tim.o
                0x0800483c                TIM_OC3PreloadConfig
 .text.TIM_OC4PreloadConfig
                0x08004878       0x40 Libraries\STM32F10x_StdPeriph_Driver\src\stm32f10x_tim.o
                0x08004878                TIM_OC4PreloadConfig
 .text.TIM_SetCompare3
                0x080048b8       0x1c Libraries\STM32F10x_StdPeriph_Driver\src\stm32f10x_tim.o
                0x080048b8                TIM_SetCompare3
 .text.TIM_SetCompare4
                0x080048d4       0x20 Libraries\STM32F10x_StdPeriph_Driver\src\stm32f10x_tim.o
                0x080048d4                TIM_SetCompare4
 .text.TIM_GetCapture3
                0x080048f4       0x1c Libraries\STM32F10x_StdPeriph_Driver\src\stm32f10x_tim.o
                0x080048f4                TIM_GetCapture3
 .text.TIM_GetCapture4
                0x08004910       0x1c Libraries\STM32F10x_StdPeriph_Driver\src\stm32f10x_tim.o
                0x08004910                TIM_GetCapture4
 .text.TIM_GetCounter
                0x0800492c       0x1c Libraries\STM32F10x_StdPeriph_Driver\src\stm32f10x_tim.o
                0x0800492c                TIM_GetCounter
 .text.TIM_GetITStatus
                0x08004948       0x64 Libraries\STM32F10x_StdPeriph_Driver\src\stm32f10x_tim.o
                0x08004948                TIM_GetITStatus
 .text.TIM_ClearITPendingBit
                0x080049ac       0x24 Libraries\STM32F10x_StdPeriph_Driver\src\stm32f10x_tim.o
                0x080049ac                TIM_ClearITPendingBit
 .text.SPI_Init
                0x080049d0       0x98 Libraries\STM32F10x_StdPeriph_Driver\src\stm32f10x_spi.o
                0x080049d0                SPI_Init
 .text.SPI_Cmd  0x08004a68       0x40 Libraries\STM32F10x_StdPeriph_Driver\src\stm32f10x_spi.o
                0x08004a68                SPI_Cmd
 .text.SPI_I2S_SendData
                0x08004aa8       0x1c Libraries\STM32F10x_StdPeriph_Driver\src\stm32f10x_spi.o
                0x08004aa8                SPI_I2S_SendData
 .text.SPI_I2S_ReceiveData
                0x08004ac4       0x1c Libraries\STM32F10x_StdPeriph_Driver\src\stm32f10x_spi.o
                0x08004ac4                SPI_I2S_ReceiveData
 .text.SPI_BiDirectionalLineConfig
                0x08004ae0       0x40 Libraries\STM32F10x_StdPeriph_Driver\src\stm32f10x_spi.o
                0x08004ae0                SPI_BiDirectionalLineConfig
 .text.SPI_I2S_GetFlagStatus
                0x08004b20       0x40 Libraries\STM32F10x_StdPeriph_Driver\src\stm32f10x_spi.o
                0x08004b20                SPI_I2S_GetFlagStatus
 .text.RCC_PLLConfig
                0x08004b60       0x4c Libraries\STM32F10x_StdPeriph_Driver\src\stm32f10x_rcc.o
                0x08004b60                RCC_PLLConfig
 .text.RCC_PLLCmd
                0x08004bac       0x20 Libraries\STM32F10x_StdPeriph_Driver\src\stm32f10x_rcc.o
                0x08004bac                RCC_PLLCmd
 .text.RCC_SYSCLKConfig
                0x08004bcc       0x44 Libraries\STM32F10x_StdPeriph_Driver\src\stm32f10x_rcc.o
                0x08004bcc                RCC_SYSCLKConfig
 .text.RCC_HCLKConfig
                0x08004c10       0x44 Libraries\STM32F10x_StdPeriph_Driver\src\stm32f10x_rcc.o
                0x08004c10                RCC_HCLKConfig
 .text.RCC_PCLK1Config
                0x08004c54       0x44 Libraries\STM32F10x_StdPeriph_Driver\src\stm32f10x_rcc.o
                0x08004c54                RCC_PCLK1Config
 .text.RCC_PCLK2Config
                0x08004c98       0x48 Libraries\STM32F10x_StdPeriph_Driver\src\stm32f10x_rcc.o
                0x08004c98                RCC_PCLK2Config
 .text.RCC_ADCCLKConfig
                0x08004ce0       0x44 Libraries\STM32F10x_StdPeriph_Driver\src\stm32f10x_rcc.o
                0x08004ce0                RCC_ADCCLKConfig
 .text.RCC_GetClocksFreq
                0x08004d24      0x1cc Libraries\STM32F10x_StdPeriph_Driver\src\stm32f10x_rcc.o
                0x08004d24                RCC_GetClocksFreq
 .text.RCC_APB2PeriphClockCmd
                0x08004ef0       0x5c Libraries\STM32F10x_StdPeriph_Driver\src\stm32f10x_rcc.o
                0x08004ef0                RCC_APB2PeriphClockCmd
 .text.RCC_APB1PeriphClockCmd
                0x08004f4c       0x5c Libraries\STM32F10x_StdPeriph_Driver\src\stm32f10x_rcc.o
                0x08004f4c                RCC_APB1PeriphClockCmd
 .text.RCC_APB1PeriphResetCmd
                0x08004fa8       0x5c Libraries\STM32F10x_StdPeriph_Driver\src\stm32f10x_rcc.o
                0x08004fa8                RCC_APB1PeriphResetCmd
 .text.RCC_GetFlagStatus
                0x08005004       0x90 Libraries\STM32F10x_StdPeriph_Driver\src\stm32f10x_rcc.o
                0x08005004                RCC_GetFlagStatus
 .text.I2C_DeInit
                0x08005094       0x50 Libraries\STM32F10x_StdPeriph_Driver\src\stm32f10x_i2c.o
                0x08005094                I2C_DeInit
 .text.I2C_Init
                0x080050e4      0x1b8 Libraries\STM32F10x_StdPeriph_Driver\src\stm32f10x_i2c.o
                0x080050e4                I2C_Init
 .text.I2C_Cmd  0x0800529c       0x40 Libraries\STM32F10x_StdPeriph_Driver\src\stm32f10x_i2c.o
                0x0800529c                I2C_Cmd
 .text.I2C_GenerateSTART
                0x080052dc       0x40 Libraries\STM32F10x_StdPeriph_Driver\src\stm32f10x_i2c.o
                0x080052dc                I2C_GenerateSTART
 .text.I2C_GenerateSTOP
                0x0800531c       0x40 Libraries\STM32F10x_StdPeriph_Driver\src\stm32f10x_i2c.o
                0x0800531c                I2C_GenerateSTOP
 .text.I2C_AcknowledgeConfig
                0x0800535c       0x40 Libraries\STM32F10x_StdPeriph_Driver\src\stm32f10x_i2c.o
                0x0800535c                I2C_AcknowledgeConfig
 .text.I2C_GeneralCallCmd
                0x0800539c       0x40 Libraries\STM32F10x_StdPeriph_Driver\src\stm32f10x_i2c.o
                0x0800539c                I2C_GeneralCallCmd
 .text.I2C_ITConfig
                0x080053dc       0x4c Libraries\STM32F10x_StdPeriph_Driver\src\stm32f10x_i2c.o
                0x080053dc                I2C_ITConfig
 .text.I2C_SendData
                0x08005428       0x20 Libraries\STM32F10x_StdPeriph_Driver\src\stm32f10x_i2c.o
                0x08005428                I2C_SendData
 .text.I2C_ReceiveData
                0x08005448       0x1c Libraries\STM32F10x_StdPeriph_Driver\src\stm32f10x_i2c.o
                0x08005448                I2C_ReceiveData
 .text.I2C_Send7bitAddress
                0x08005464       0x3c Libraries\STM32F10x_StdPeriph_Driver\src\stm32f10x_i2c.o
                0x08005464                I2C_Send7bitAddress
 .text.I2C_CheckEvent
                0x080054a0       0x70 Libraries\STM32F10x_StdPeriph_Driver\src\stm32f10x_i2c.o
                0x080054a0                I2C_CheckEvent
 .text.I2C_GetFlagStatus
                0x08005510       0x7c Libraries\STM32F10x_StdPeriph_Driver\src\stm32f10x_i2c.o
                0x08005510                I2C_GetFlagStatus
 .text.I2C_GetITStatus
                0x0800558c       0x68 Libraries\STM32F10x_StdPeriph_Driver\src\stm32f10x_i2c.o
                0x0800558c                I2C_GetITStatus
 .text.GPIO_Init
                0x080055f4      0x1c0 Libraries\STM32F10x_StdPeriph_Driver\src\stm32f10x_gpio.o
                0x080055f4                GPIO_Init
 .text.GPIO_SetBits
                0x080057b4       0x1c Libraries\STM32F10x_StdPeriph_Driver\src\stm32f10x_gpio.o
                0x080057b4                GPIO_SetBits
 .text.GPIO_ResetBits
                0x080057d0       0x1c Libraries\STM32F10x_StdPeriph_Driver\src\stm32f10x_gpio.o
                0x080057d0                GPIO_ResetBits
 .text.GPIO_PinRemapConfig
                0x080057ec      0x124 Libraries\STM32F10x_StdPeriph_Driver\src\stm32f10x_gpio.o
                0x080057ec                GPIO_PinRemapConfig
 .text.GPIO_EXTILineConfig
                0x08005910       0xb4 Libraries\STM32F10x_StdPeriph_Driver\src\stm32f10x_gpio.o
                0x08005910                GPIO_EXTILineConfig
 .text.FLASH_SetLatency
                0x080059c4       0x44 Libraries\STM32F10x_StdPeriph_Driver\src\stm32f10x_flash.o
                0x080059c4                FLASH_SetLatency
 .text.FLASH_Unlock
                0x08005a08       0x30 Libraries\STM32F10x_StdPeriph_Driver\src\stm32f10x_flash.o
                0x08005a08                FLASH_Unlock
 .text.FLASH_Lock
                0x08005a38       0x24 Libraries\STM32F10x_StdPeriph_Driver\src\stm32f10x_flash.o
                0x08005a38                FLASH_Lock
 .text.FLASH_EraseOptionBytes
                0x08005a5c      0x140 Libraries\STM32F10x_StdPeriph_Driver\src\stm32f10x_flash.o
                0x08005a5c                FLASH_EraseOptionBytes
 .text.FLASH_ProgramOptionByteData
                0x08005b9c       0xa4 Libraries\STM32F10x_StdPeriph_Driver\src\stm32f10x_flash.o
                0x08005b9c                FLASH_ProgramOptionByteData
 .text.FLASH_UserOptionByteConfig
                0x08005c40       0xc4 Libraries\STM32F10x_StdPeriph_Driver\src\stm32f10x_flash.o
                0x08005c40                FLASH_UserOptionByteConfig
 .text.FLASH_GetUserOptionByte
                0x08005d04       0x1c Libraries\STM32F10x_StdPeriph_Driver\src\stm32f10x_flash.o
                0x08005d04                FLASH_GetUserOptionByte
 .text.FLASH_GetWriteProtectionOptionByte
                0x08005d20       0x18 Libraries\STM32F10x_StdPeriph_Driver\src\stm32f10x_flash.o
                0x08005d20                FLASH_GetWriteProtectionOptionByte
 .text.FLASH_GetReadOutProtectionStatus
                0x08005d38       0x3c Libraries\STM32F10x_StdPeriph_Driver\src\stm32f10x_flash.o
                0x08005d38                FLASH_GetReadOutProtectionStatus
 .text.FLASH_GetBank1Status
                0x08005d74       0x70 Libraries\STM32F10x_StdPeriph_Driver\src\stm32f10x_flash.o
                0x08005d74                FLASH_GetBank1Status
 .text.FLASH_WaitForLastOperation
                0x08005de4       0x4c Libraries\STM32F10x_StdPeriph_Driver\src\stm32f10x_flash.o
                0x08005de4                FLASH_WaitForLastOperation
 .text.EXTI_Init
                0x08005e30      0x158 Libraries\STM32F10x_StdPeriph_Driver\src\stm32f10x_exti.o
                0x08005e30                EXTI_Init
 .text.EXTI_ClearITPendingBit
                0x08005f88       0x20 Libraries\STM32F10x_StdPeriph_Driver\src\stm32f10x_exti.o
                0x08005f88                EXTI_ClearITPendingBit
 .text.NVIC_PriorityGroupConfig
                0x08005fa8       0x28 Libraries\STM32F10x_StdPeriph_Driver\src\misc.o
                0x08005fa8                NVIC_PriorityGroupConfig
 .text.NVIC_Init
                0x08005fd0       0xec Libraries\STM32F10x_StdPeriph_Driver\src\misc.o
                0x08005fd0                NVIC_Init
 .text.Reset_Handler
                0x080060bc       0x48 Libraries\CMSIS\CM3\DeviceSupport\ST\STM32F10x\startup\TrueSTUDIO\startup_stm32f10x_md_vl.o
                0x080060bc                Reset_Handler
 .text.Default_Handler
                0x08006104        0x2 Libraries\CMSIS\CM3\DeviceSupport\ST\STM32F10x\startup\TrueSTUDIO\startup_stm32f10x_md_vl.o
                0x08006104                EXTI2_IRQHandler
                0x08006104                TIM1_CC_IRQHandler
                0x08006104                PVD_IRQHandler
                0x08006104                EXTI3_IRQHandler
                0x08006104                EXTI0_IRQHandler
                0x08006104                I2C2_EV_IRQHandler
                0x08006104                TIM1_UP_TIM16_IRQHandler
                0x08006104                SPI1_IRQHandler
                0x08006104                TAMPER_IRQHandler
                0x08006104                TIM6_DAC_IRQHandler
                0x08006104                DMA1_Channel4_IRQHandler
                0x08006104                ADC1_IRQHandler
                0x08006104                USART3_IRQHandler
                0x08006104                RTC_IRQHandler
                0x08006104                DMA1_Channel7_IRQHandler
                0x08006104                TIM4_IRQHandler
                0x08006104                DMA1_Channel6_IRQHandler
                0x08006104                RCC_IRQHandler
                0x08006104                DMA1_Channel1_IRQHandler
                0x08006104                Default_Handler
                0x08006104                CEC_IRQHandler
                0x08006104                TIM7_IRQHandler
                0x08006104                EXTI9_5_IRQHandler
                0x08006104                SPI2_IRQHandler
                0x08006104                DMA1_Channel5_IRQHandler
                0x08006104                EXTI4_IRQHandler
                0x08006104                TIM1_TRG_COM_TIM17_IRQHandler
                0x08006104                DMA1_Channel3_IRQHandler
                0x08006104                WWDG_IRQHandler
                0x08006104                TIM2_IRQHandler
                0x08006104                EXTI1_IRQHandler
                0x08006104                RTCAlarm_IRQHandler
                0x08006104                I2C2_ER_IRQHandler
                0x08006104                DMA1_Channel2_IRQHandler
                0x08006104                FLASH_IRQHandler
                0x08006104                USART1_IRQHandler
                0x08006104                TIM1_BRK_TIM15_IRQHandler
 *fill*         0x08006106        0x2 00
 .text.__libc_init_array
                0x08006108       0x48 c:/program files (x86)/atollic/truestudio for stmicroelectronics stm32 lite 2.3.0/armtools/bin/../lib/gcc/arm-atollic-eabi/4.5.1/../../../../arm-atollic-eabi/lib/thumb/thumb2\libc.a(lib_a-init.o)
                0x08006108                __libc_init_array
 .text.memcpy   0x08006150       0x16 c:/program files (x86)/atollic/truestudio for stmicroelectronics stm32 lite 2.3.0/armtools/bin/../lib/gcc/arm-atollic-eabi/4.5.1/../../../../arm-atollic-eabi/lib/thumb/thumb2\libc.a(lib_a-memcpy.o)
                0x08006150                memcpy
 *fill*         0x08006166        0x2 00
 .text.sprintf  0x08006168       0x48 c:/program files (x86)/atollic/truestudio for stmicroelectronics stm32 lite 2.3.0/armtools/bin/../lib/gcc/arm-atollic-eabi/4.5.1/../../../../arm-atollic-eabi/lib/thumb/thumb2\libc.a(lib_a-sprintf.o)
                0x08006168                sprintf
 .text.sscanf   0x080061b0       0x54 c:/program files (x86)/atollic/truestudio for stmicroelectronics stm32 lite 2.3.0/armtools/bin/../lib/gcc/arm-atollic-eabi/4.5.1/../../../../arm-atollic-eabi/lib/thumb/thumb2\libc.a(lib_a-sscanf.o)
                0x080061b0                sscanf
 .text.__seofread
                0x08006204        0x4 c:/program files (x86)/atollic/truestudio for stmicroelectronics stm32 lite 2.3.0/armtools/bin/../lib/gcc/arm-atollic-eabi/4.5.1/../../../../arm-atollic-eabi/lib/thumb/thumb2\libc.a(lib_a-stdio.o)
                0x08006204                __seofread
 .text.strlen   0x08006208       0x10 c:/program files (x86)/atollic/truestudio for stmicroelectronics stm32 lite 2.3.0/armtools/bin/../lib/gcc/arm-atollic-eabi/4.5.1/../../../../arm-atollic-eabi/lib/thumb/thumb2\libc.a(lib_a-strlen.o)
                0x08006208                strlen
 .text._svfprintf_r
                0x08006218     0x10f8 c:/program files (x86)/atollic/truestudio for stmicroelectronics stm32 lite 2.3.0/armtools/bin/../lib/gcc/arm-atollic-eabi/4.5.1/../../../../arm-atollic-eabi/lib/thumb/thumb2\libc.a(lib_a-svfprintf.o)
                0x08006218                _svfprintf_r
 .text.__ssvfscanf_r
                0x08007310      0xbd8 c:/program files (x86)/atollic/truestudio for stmicroelectronics stm32 lite 2.3.0/armtools/bin/../lib/gcc/arm-atollic-eabi/4.5.1/../../../../arm-atollic-eabi/lib/thumb/thumb2\libc.a(lib_a-svfscanf.o)
                0x08007310                __ssvfscanf_r
 .text.quorem   0x08007ee8      0x124 c:/program files (x86)/atollic/truestudio for stmicroelectronics stm32 lite 2.3.0/armtools/bin/../lib/gcc/arm-atollic-eabi/4.5.1/../../../../arm-atollic-eabi/lib/thumb/thumb2\libc.a(lib_a-dtoa.o)
 *fill*         0x0800800c        0x4 00
 .text._dtoa_r  0x08008010      0xc08 c:/program files (x86)/atollic/truestudio for stmicroelectronics stm32 lite 2.3.0/armtools/bin/../lib/gcc/arm-atollic-eabi/4.5.1/../../../../arm-atollic-eabi/lib/thumb/thumb2\libc.a(lib_a-dtoa.o)
                0x08008010                _dtoa_r
 .text.__sfp_lock_acquire
                0x08008c18        0x2 c:/program files (x86)/atollic/truestudio for stmicroelectronics stm32 lite 2.3.0/armtools/bin/../lib/gcc/arm-atollic-eabi/4.5.1/../../../../arm-atollic-eabi/lib/thumb/thumb2\libc.a(lib_a-findfp.o)
                0x08008c18                __sfp_lock_acquire
 .text.__sfp_lock_release
                0x08008c1a        0x2 c:/program files (x86)/atollic/truestudio for stmicroelectronics stm32 lite 2.3.0/armtools/bin/../lib/gcc/arm-atollic-eabi/4.5.1/../../../../arm-atollic-eabi/lib/thumb/thumb2\libc.a(lib_a-findfp.o)
                0x08008c1a                __sfp_lock_release
 .text.iswspace
                0x08008c1c       0x1c c:/program files (x86)/atollic/truestudio for stmicroelectronics stm32 lite 2.3.0/armtools/bin/../lib/gcc/arm-atollic-eabi/4.5.1/../../../../arm-atollic-eabi/lib/thumb/thumb2\libc.a(lib_a-iswspace.o)
                0x08008c1c                iswspace
 .text.__locale_charset
                0x08008c38        0x8 c:/program files (x86)/atollic/truestudio for stmicroelectronics stm32 lite 2.3.0/armtools/bin/../lib/gcc/arm-atollic-eabi/4.5.1/../../../../arm-atollic-eabi/lib/thumb/thumb2\libc.a(lib_a-locale.o)
                0x08008c38                __locale_charset
 .text.__locale_mb_cur_max
                0x08008c40        0xc c:/program files (x86)/atollic/truestudio for stmicroelectronics stm32 lite 2.3.0/armtools/bin/../lib/gcc/arm-atollic-eabi/4.5.1/../../../../arm-atollic-eabi/lib/thumb/thumb2\libc.a(lib_a-locale.o)
                0x08008c40                __locale_mb_cur_max
 .text._localeconv_r
                0x08008c4c        0x8 c:/program files (x86)/atollic/truestudio for stmicroelectronics stm32 lite 2.3.0/armtools/bin/../lib/gcc/arm-atollic-eabi/4.5.1/../../../../arm-atollic-eabi/lib/thumb/thumb2\libc.a(lib_a-locale.o)
                0x08008c4c                _localeconv_r
 .text.malloc   0x08008c54       0x10 c:/program files (x86)/atollic/truestudio for stmicroelectronics stm32 lite 2.3.0/armtools/bin/../lib/gcc/arm-atollic-eabi/4.5.1/../../../../arm-atollic-eabi/lib/thumb/thumb2\libc.a(lib_a-malloc.o)
                0x08008c54                malloc
 .text._malloc_r
                0x08008c64      0x408 c:/program files (x86)/atollic/truestudio for stmicroelectronics stm32 lite 2.3.0/armtools/bin/../lib/gcc/arm-atollic-eabi/4.5.1/../../../../arm-atollic-eabi/lib/thumb/thumb2\libc.a(lib_a-mallocr.o)
                0x08008c64                _malloc_r
 .text._mbrtowc_r
                0x0800906c       0x54 c:/program files (x86)/atollic/truestudio for stmicroelectronics stm32 lite 2.3.0/armtools/bin/../lib/gcc/arm-atollic-eabi/4.5.1/../../../../arm-atollic-eabi/lib/thumb/thumb2\libc.a(lib_a-mbrtowc.o)
                0x0800906c                _mbrtowc_r
 .text.__ascii_mbtowc
                0x080090c0       0x24 c:/program files (x86)/atollic/truestudio for stmicroelectronics stm32 lite 2.3.0/armtools/bin/../lib/gcc/arm-atollic-eabi/4.5.1/../../../../arm-atollic-eabi/lib/thumb/thumb2\libc.a(lib_a-mbtowc_r.o)
                0x080090c0                __ascii_mbtowc
 .text.memchr   0x080090e4       0x1e c:/program files (x86)/atollic/truestudio for stmicroelectronics stm32 lite 2.3.0/armtools/bin/../lib/gcc/arm-atollic-eabi/4.5.1/../../../../arm-atollic-eabi/lib/thumb/thumb2\libc.a(lib_a-memchr.o)
                0x080090e4                memchr
 .text.memset   0x08009102       0x12 c:/program files (x86)/atollic/truestudio for stmicroelectronics stm32 lite 2.3.0/armtools/bin/../lib/gcc/arm-atollic-eabi/4.5.1/../../../../arm-atollic-eabi/lib/thumb/thumb2\libc.a(lib_a-memset.o)
                0x08009102                memset
 .text.__malloc_lock
                0x08009114        0x2 c:/program files (x86)/atollic/truestudio for stmicroelectronics stm32 lite 2.3.0/armtools/bin/../lib/gcc/arm-atollic-eabi/4.5.1/../../../../arm-atollic-eabi/lib/thumb/thumb2\libc.a(lib_a-mlock.o)
                0x08009114                __malloc_lock
 .text.__malloc_unlock
                0x08009116        0x2 c:/program files (x86)/atollic/truestudio for stmicroelectronics stm32 lite 2.3.0/armtools/bin/../lib/gcc/arm-atollic-eabi/4.5.1/../../../../arm-atollic-eabi/lib/thumb/thumb2\libc.a(lib_a-mlock.o)
                0x08009116                __malloc_unlock
 .text._Balloc  0x08009118       0x62 c:/program files (x86)/atollic/truestudio for stmicroelectronics stm32 lite 2.3.0/armtools/bin/../lib/gcc/arm-atollic-eabi/4.5.1/../../../../arm-atollic-eabi/lib/thumb/thumb2\libc.a(lib_a-mprec.o)
                0x08009118                _Balloc
 .text._Bfree   0x0800917a       0x2e c:/program files (x86)/atollic/truestudio for stmicroelectronics stm32 lite 2.3.0/armtools/bin/../lib/gcc/arm-atollic-eabi/4.5.1/../../../../arm-atollic-eabi/lib/thumb/thumb2\libc.a(lib_a-mprec.o)
                0x0800917a                _Bfree
 .text.__multadd
                0x080091a8       0x7c c:/program files (x86)/atollic/truestudio for stmicroelectronics stm32 lite 2.3.0/armtools/bin/../lib/gcc/arm-atollic-eabi/4.5.1/../../../../arm-atollic-eabi/lib/thumb/thumb2\libc.a(lib_a-mprec.o)
                0x080091a8                __multadd
 .text.__s2b    0x08009224       0x7c c:/program files (x86)/atollic/truestudio for stmicroelectronics stm32 lite 2.3.0/armtools/bin/../lib/gcc/arm-atollic-eabi/4.5.1/../../../../arm-atollic-eabi/lib/thumb/thumb2\libc.a(lib_a-mprec.o)
                0x08009224                __s2b
 .text.__hi0bits
                0x080092a0       0x40 c:/program files (x86)/atollic/truestudio for stmicroelectronics stm32 lite 2.3.0/armtools/bin/../lib/gcc/arm-atollic-eabi/4.5.1/../../../../arm-atollic-eabi/lib/thumb/thumb2\libc.a(lib_a-mprec.o)
                0x080092a0                __hi0bits
 .text.__lo0bits
                0x080092e0       0x64 c:/program files (x86)/atollic/truestudio for stmicroelectronics stm32 lite 2.3.0/armtools/bin/../lib/gcc/arm-atollic-eabi/4.5.1/../../../../arm-atollic-eabi/lib/thumb/thumb2\libc.a(lib_a-mprec.o)
                0x080092e0                __lo0bits
 .text.__i2b    0x08009344       0x12 c:/program files (x86)/atollic/truestudio for stmicroelectronics stm32 lite 2.3.0/armtools/bin/../lib/gcc/arm-atollic-eabi/4.5.1/../../../../arm-atollic-eabi/lib/thumb/thumb2\libc.a(lib_a-mprec.o)
                0x08009344                __i2b
 .text.__multiply
                0x08009356      0x124 c:/program files (x86)/atollic/truestudio for stmicroelectronics stm32 lite 2.3.0/armtools/bin/../lib/gcc/arm-atollic-eabi/4.5.1/../../../../arm-atollic-eabi/lib/thumb/thumb2\libc.a(lib_a-mprec.o)
                0x08009356                __multiply
 *fill*         0x0800947a        0x2 00
 .text.__pow5mult
                0x0800947c       0xa4 c:/program files (x86)/atollic/truestudio for stmicroelectronics stm32 lite 2.3.0/armtools/bin/../lib/gcc/arm-atollic-eabi/4.5.1/../../../../arm-atollic-eabi/lib/thumb/thumb2\libc.a(lib_a-mprec.o)
                0x0800947c                __pow5mult
 .text.__lshift
                0x08009520       0x98 c:/program files (x86)/atollic/truestudio for stmicroelectronics stm32 lite 2.3.0/armtools/bin/../lib/gcc/arm-atollic-eabi/4.5.1/../../../../arm-atollic-eabi/lib/thumb/thumb2\libc.a(lib_a-mprec.o)
                0x08009520                __lshift
 .text.__mcmp   0x080095b8       0x3a c:/program files (x86)/atollic/truestudio for stmicroelectronics stm32 lite 2.3.0/armtools/bin/../lib/gcc/arm-atollic-eabi/4.5.1/../../../../arm-atollic-eabi/lib/thumb/thumb2\libc.a(lib_a-mprec.o)
                0x080095b8                __mcmp
 .text.__mdiff  0x080095f2       0xc6 c:/program files (x86)/atollic/truestudio for stmicroelectronics stm32 lite 2.3.0/armtools/bin/../lib/gcc/arm-atollic-eabi/4.5.1/../../../../arm-atollic-eabi/lib/thumb/thumb2\libc.a(lib_a-mprec.o)
                0x080095f2                __mdiff
 .text.__ulp    0x080096b8       0x40 c:/program files (x86)/atollic/truestudio for stmicroelectronics stm32 lite 2.3.0/armtools/bin/../lib/gcc/arm-atollic-eabi/4.5.1/../../../../arm-atollic-eabi/lib/thumb/thumb2\libc.a(lib_a-mprec.o)
                0x080096b8                __ulp
 .text.__b2d    0x080096f8       0xa4 c:/program files (x86)/atollic/truestudio for stmicroelectronics stm32 lite 2.3.0/armtools/bin/../lib/gcc/arm-atollic-eabi/4.5.1/../../../../arm-atollic-eabi/lib/thumb/thumb2\libc.a(lib_a-mprec.o)
                0x080096f8                __b2d
 .text.__d2b    0x0800979c       0xbc c:/program files (x86)/atollic/truestudio for stmicroelectronics stm32 lite 2.3.0/armtools/bin/../lib/gcc/arm-atollic-eabi/4.5.1/../../../../arm-atollic-eabi/lib/thumb/thumb2\libc.a(lib_a-mprec.o)
                0x0800979c                __d2b
 .text.__ratio  0x08009858       0x46 c:/program files (x86)/atollic/truestudio for stmicroelectronics stm32 lite 2.3.0/armtools/bin/../lib/gcc/arm-atollic-eabi/4.5.1/../../../../arm-atollic-eabi/lib/thumb/thumb2\libc.a(lib_a-mprec.o)
                0x08009858                __ratio
 .text.__copybits
                0x0800989e       0x32 c:/program files (x86)/atollic/truestudio for stmicroelectronics stm32 lite 2.3.0/armtools/bin/../lib/gcc/arm-atollic-eabi/4.5.1/../../../../arm-atollic-eabi/lib/thumb/thumb2\libc.a(lib_a-mprec.o)
                0x0800989e                __copybits
 .text.__any_on
                0x080098d0       0x4a c:/program files (x86)/atollic/truestudio for stmicroelectronics stm32 lite 2.3.0/armtools/bin/../lib/gcc/arm-atollic-eabi/4.5.1/../../../../arm-atollic-eabi/lib/thumb/thumb2\libc.a(lib_a-mprec.o)
                0x080098d0                __any_on
 *fill*         0x0800991a        0x2 00
 .text._sbrk_r  0x0800991c       0x24 c:/program files (x86)/atollic/truestudio for stmicroelectronics stm32 lite 2.3.0/armtools/bin/../lib/gcc/arm-atollic-eabi/4.5.1/../../../../arm-atollic-eabi/lib/thumb/thumb2\libc.a(lib_a-sbrkr.o)
                0x0800991c                _sbrk_r
 .text.__sccl   0x08009940       0x64 c:/program files (x86)/atollic/truestudio for stmicroelectronics stm32 lite 2.3.0/armtools/bin/../lib/gcc/arm-atollic-eabi/4.5.1/../../../../arm-atollic-eabi/lib/thumb/thumb2\libc.a(lib_a-sccl.o)
                0x08009940                __sccl
 .text.nanf     0x080099a4        0x8 c:/program files (x86)/atollic/truestudio for stmicroelectronics stm32 lite 2.3.0/armtools/bin/../lib/gcc/arm-atollic-eabi/4.5.1/../../../../arm-atollic-eabi/lib/thumb/thumb2\libc.a(lib_a-sf_nan.o)
                0x080099a4                nanf
 .text.__fpclassifyd
                0x080099ac       0x64 c:/program files (x86)/atollic/truestudio for stmicroelectronics stm32 lite 2.3.0/armtools/bin/../lib/gcc/arm-atollic-eabi/4.5.1/../../../../arm-atollic-eabi/lib/thumb/thumb2\libc.a(lib_a-s_fpclassify.o)
                0x080099ac                __fpclassifyd
 .text.match    0x08009a10       0x2c c:/program files (x86)/atollic/truestudio for stmicroelectronics stm32 lite 2.3.0/armtools/bin/../lib/gcc/arm-atollic-eabi/4.5.1/../../../../arm-atollic-eabi/lib/thumb/thumb2\libc.a(lib_a-strtod.o)
 *fill*         0x08009a3c        0x4 00
 .text._strtod_r
                0x08009a40      0xbe0 c:/program files (x86)/atollic/truestudio for stmicroelectronics stm32 lite 2.3.0/armtools/bin/../lib/gcc/arm-atollic-eabi/4.5.1/../../../../arm-atollic-eabi/lib/thumb/thumb2\libc.a(lib_a-strtod.o)
                0x08009a40                _strtod_r
 .text._strtoll_r
                0x0800a620      0x16c c:/program files (x86)/atollic/truestudio for stmicroelectronics stm32 lite 2.3.0/armtools/bin/../lib/gcc/arm-atollic-eabi/4.5.1/../../../../arm-atollic-eabi/lib/thumb/thumb2\libc.a(lib_a-strtoll_r.o)
                0x0800a620                _strtoll_r
 .text._strtol_r
                0x0800a78c      0x124 c:/program files (x86)/atollic/truestudio for stmicroelectronics stm32 lite 2.3.0/armtools/bin/../lib/gcc/arm-atollic-eabi/4.5.1/../../../../arm-atollic-eabi/lib/thumb/thumb2\libc.a(lib_a-strtol.o)
                0x0800a78c                _strtol_r
 .text._strtoull_r
                0x0800a8b0      0x154 c:/program files (x86)/atollic/truestudio for stmicroelectronics stm32 lite 2.3.0/armtools/bin/../lib/gcc/arm-atollic-eabi/4.5.1/../../../../arm-atollic-eabi/lib/thumb/thumb2\libc.a(lib_a-strtoull_r.o)
                0x0800a8b0                _strtoull_r
 .text._strtoul_r
                0x0800aa04       0xfc c:/program files (x86)/atollic/truestudio for stmicroelectronics stm32 lite 2.3.0/armtools/bin/../lib/gcc/arm-atollic-eabi/4.5.1/../../../../arm-atollic-eabi/lib/thumb/thumb2\libc.a(lib_a-strtoul.o)
                0x0800aa04                _strtoul_r
 .text.__ssprint_r
                0x0800ab00       0xf6 c:/program files (x86)/atollic/truestudio for stmicroelectronics stm32 lite 2.3.0/armtools/bin/../lib/gcc/arm-atollic-eabi/4.5.1/../../../../arm-atollic-eabi/lib/thumb/thumb2\libc.a(lib_a-svfiprintf.o)
                0x0800ab00                __ssprint_r
 .text._sungetc_r
                0x0800abf6       0x7a c:/program files (x86)/atollic/truestudio for stmicroelectronics stm32 lite 2.3.0/armtools/bin/../lib/gcc/arm-atollic-eabi/4.5.1/../../../../arm-atollic-eabi/lib/thumb/thumb2\libc.a(lib_a-svfiscanf.o)
                0x0800abf6                _sungetc_r
 .text.__ssrefill_r
                0x0800ac70       0x3a c:/program files (x86)/atollic/truestudio for stmicroelectronics stm32 lite 2.3.0/armtools/bin/../lib/gcc/arm-atollic-eabi/4.5.1/../../../../arm-atollic-eabi/lib/thumb/thumb2\libc.a(lib_a-svfiscanf.o)
                0x0800ac70                __ssrefill_r
 .text._sfread_r
                0x0800acaa       0x70 c:/program files (x86)/atollic/truestudio for stmicroelectronics stm32 lite 2.3.0/armtools/bin/../lib/gcc/arm-atollic-eabi/4.5.1/../../../../arm-atollic-eabi/lib/thumb/thumb2\libc.a(lib_a-svfiscanf.o)
                0x0800acaa                _sfread_r
 *fill*         0x0800ad1a        0x2 00
 .text._sbrk    0x0800ad1c       0x34 c:/program files (x86)/atollic/truestudio for stmicroelectronics stm32 lite 2.3.0/armtools/bin/../lib/gcc/arm-atollic-eabi/4.5.1/../../../../arm-atollic-eabi/lib/thumb/thumb2\libc.a(lib_a-syscalls.o)
                0x0800ad1c                _sbrk
 .text.__submore
                0x0800ad50       0x7e c:/program files (x86)/atollic/truestudio for stmicroelectronics stm32 lite 2.3.0/armtools/bin/../lib/gcc/arm-atollic-eabi/4.5.1/../../../../arm-atollic-eabi/lib/thumb/thumb2\libc.a(lib_a-ungetc.o)
                0x0800ad50                __submore
 .text._calloc_r
                0x0800adce       0x58 c:/program files (x86)/atollic/truestudio for stmicroelectronics stm32 lite 2.3.0/armtools/bin/../lib/gcc/arm-atollic-eabi/4.5.1/../../../../arm-atollic-eabi/lib/thumb/thumb2\libc.a(lib_a-callocr.o)
                0x0800adce                _calloc_r
 *fill*         0x0800ae26        0x2 00
 .text._malloc_trim_r
                0x0800ae28       0x94 c:/program files (x86)/atollic/truestudio for stmicroelectronics stm32 lite 2.3.0/armtools/bin/../lib/gcc/arm-atollic-eabi/4.5.1/../../../../arm-atollic-eabi/lib/thumb/thumb2\libc.a(lib_a-freer.o)
                0x0800ae28                _malloc_trim_r
 .text._free_r  0x0800aebc      0x180 c:/program files (x86)/atollic/truestudio for stmicroelectronics stm32 lite 2.3.0/armtools/bin/../lib/gcc/arm-atollic-eabi/4.5.1/../../../../arm-atollic-eabi/lib/thumb/thumb2\libc.a(lib_a-freer.o)
                0x0800aebc                _free_r
 .text.rshift   0x0800b03c       0x6c c:/program files (x86)/atollic/truestudio for stmicroelectronics stm32 lite 2.3.0/armtools/bin/../lib/gcc/arm-atollic-eabi/4.5.1/../../../../arm-atollic-eabi/lib/thumb/thumb2\libc.a(lib_a-gdtoa-gethex.o)
 .text.htinit.clone.0
                0x0800b0a8       0x1c c:/program files (x86)/atollic/truestudio for stmicroelectronics stm32 lite 2.3.0/armtools/bin/../lib/gcc/arm-atollic-eabi/4.5.1/../../../../arm-atollic-eabi/lib/thumb/thumb2\libc.a(lib_a-gdtoa-gethex.o)
 .text.__hexdig_init
                0x0800b0c4       0x2c c:/program files (x86)/atollic/truestudio for stmicroelectronics stm32 lite 2.3.0/armtools/bin/../lib/gcc/arm-atollic-eabi/4.5.1/../../../../arm-atollic-eabi/lib/thumb/thumb2\libc.a(lib_a-gdtoa-gethex.o)
                0x0800b0c4                __hexdig_init
 .text.__gethex
                0x0800b0f0      0x460 c:/program files (x86)/atollic/truestudio for stmicroelectronics stm32 lite 2.3.0/armtools/bin/../lib/gcc/arm-atollic-eabi/4.5.1/../../../../arm-atollic-eabi/lib/thumb/thumb2\libc.a(lib_a-gdtoa-gethex.o)
                0x0800b0f0                __gethex
 .text.L_shift  0x0800b550       0x34 c:/program files (x86)/atollic/truestudio for stmicroelectronics stm32 lite 2.3.0/armtools/bin/../lib/gcc/arm-atollic-eabi/4.5.1/../../../../arm-atollic-eabi/lib/thumb/thumb2\libc.a(lib_a-gdtoa-hexnan.o)
 .text.__hexnan
                0x0800b584      0x11c c:/program files (x86)/atollic/truestudio for stmicroelectronics stm32 lite 2.3.0/armtools/bin/../lib/gcc/arm-atollic-eabi/4.5.1/../../../../arm-atollic-eabi/lib/thumb/thumb2\libc.a(lib_a-gdtoa-hexnan.o)
                0x0800b584                __hexnan
 .text.memmove  0x0800b6a0       0x34 c:/program files (x86)/atollic/truestudio for stmicroelectronics stm32 lite 2.3.0/armtools/bin/../lib/gcc/arm-atollic-eabi/4.5.1/../../../../arm-atollic-eabi/lib/thumb/thumb2\libc.a(lib_a-memmove.o)
                0x0800b6a0                memmove
 .text._realloc_r
                0x0800b6d4      0x2f8 c:/program files (x86)/atollic/truestudio for stmicroelectronics stm32 lite 2.3.0/armtools/bin/../lib/gcc/arm-atollic-eabi/4.5.1/../../../../arm-atollic-eabi/lib/thumb/thumb2\libc.a(lib_a-reallocr.o)
                0x0800b6d4                _realloc_r
 .text.strncmp  0x0800b9cc       0x2a c:/program files (x86)/atollic/truestudio for stmicroelectronics stm32 lite 2.3.0/armtools/bin/../lib/gcc/arm-atollic-eabi/4.5.1/../../../../arm-atollic-eabi/lib/thumb/thumb2\libc.a(lib_a-strncmp.o)
                0x0800b9cc                strncmp
 *(.rodata)
 *fill*         0x0800b9f6        0x2 00
 .rodata        0x0800b9f8      0x118 src\uart_functions.o
 .rodata        0x0800bb10       0x20 src\stm32f10x_it.o
 .rodata        0x0800bb30       0xa8 src\main.o
 *(.rodata*)
 .rodata.C.0.6101
                0x0800bbd8        0x8 src\main.o
 .rodata.str1.1
                0x0800bbe0       0x34 c:/program files (x86)/atollic/truestudio for stmicroelectronics stm32 lite 2.3.0/armtools/bin/../lib/gcc/arm-atollic-eabi/4.5.1/../../../../arm-atollic-eabi/lib/thumb/thumb2\libc.a(lib_a-svfprintf.o)
 .rodata.zeroes.3939
                0x0800bc14       0x10 c:/program files (x86)/atollic/truestudio for stmicroelectronics stm32 lite 2.3.0/armtools/bin/../lib/gcc/arm-atollic-eabi/4.5.1/../../../../arm-atollic-eabi/lib/thumb/thumb2\libc.a(lib_a-svfprintf.o)
 .rodata.blanks.3938
                0x0800bc24       0x10 c:/program files (x86)/atollic/truestudio for stmicroelectronics stm32 lite 2.3.0/armtools/bin/../lib/gcc/arm-atollic-eabi/4.5.1/../../../../arm-atollic-eabi/lib/thumb/thumb2\libc.a(lib_a-svfprintf.o)
 .rodata.str1.1
                0x0800bc34        0x5 c:/program files (x86)/atollic/truestudio for stmicroelectronics stm32 lite 2.3.0/armtools/bin/../lib/gcc/arm-atollic-eabi/4.5.1/../../../../arm-atollic-eabi/lib/thumb/thumb2\libc.a(lib_a-svfscanf.o)
 *fill*         0x0800bc39        0x1 00
 .rodata.basefix.3859
                0x0800bc3a       0x22 c:/program files (x86)/atollic/truestudio for stmicroelectronics stm32 lite 2.3.0/armtools/bin/../lib/gcc/arm-atollic-eabi/4.5.1/../../../../arm-atollic-eabi/lib/thumb/thumb2\libc.a(lib_a-svfscanf.o)
 .rodata._ctype_
                0x0800bc5c      0x101 c:/program files (x86)/atollic/truestudio for stmicroelectronics stm32 lite 2.3.0/armtools/bin/../lib/gcc/arm-atollic-eabi/4.5.1/../../../../arm-atollic-eabi/lib/thumb/thumb2\libc.a(lib_a-ctype_.o)
                0x0800bc5c                _ctype_
 .rodata.str1.1
                0x0800bd5d        0xd c:/program files (x86)/atollic/truestudio for stmicroelectronics stm32 lite 2.3.0/armtools/bin/../lib/gcc/arm-atollic-eabi/4.5.1/../../../../arm-atollic-eabi/lib/thumb/thumb2\libc.a(lib_a-dtoa.o)
                                  0xf (size before relaxing)
 *fill*         0x0800bd6a        0x2 00
 .rodata.__sf_fake_stdin
                0x0800bd6c       0x20 c:/program files (x86)/atollic/truestudio for stmicroelectronics stm32 lite 2.3.0/armtools/bin/../lib/gcc/arm-atollic-eabi/4.5.1/../../../../arm-atollic-eabi/lib/thumb/thumb2\libc.a(lib_a-findfp.o)
                0x0800bd6c                __sf_fake_stdin
 .rodata.__sf_fake_stdout
                0x0800bd8c       0x20 c:/program files (x86)/atollic/truestudio for stmicroelectronics stm32 lite 2.3.0/armtools/bin/../lib/gcc/arm-atollic-eabi/4.5.1/../../../../arm-atollic-eabi/lib/thumb/thumb2\libc.a(lib_a-findfp.o)
                0x0800bd8c                __sf_fake_stdout
 .rodata.__sf_fake_stderr
                0x0800bdac       0x20 c:/program files (x86)/atollic/truestudio for stmicroelectronics stm32 lite 2.3.0/armtools/bin/../lib/gcc/arm-atollic-eabi/4.5.1/../../../../arm-atollic-eabi/lib/thumb/thumb2\libc.a(lib_a-findfp.o)
                0x0800bdac                __sf_fake_stderr
 .rodata.str1.1
                0x0800bdcc        0x2 c:/program files (x86)/atollic/truestudio for stmicroelectronics stm32 lite 2.3.0/armtools/bin/../lib/gcc/arm-atollic-eabi/4.5.1/../../../../arm-atollic-eabi/lib/thumb/thumb2\libc.a(lib_a-impure.o)
 .rodata.str1.1
                0x0800bdce        0x8 c:/program files (x86)/atollic/truestudio for stmicroelectronics stm32 lite 2.3.0/armtools/bin/../lib/gcc/arm-atollic-eabi/4.5.1/../../../../arm-atollic-eabi/lib/thumb/thumb2\libc.a(lib_a-locale.o)
                                  0xb (size before relaxing)
 .rodata.str1.1
                0x00000000        0x1 c:/program files (x86)/atollic/truestudio for stmicroelectronics stm32 lite 2.3.0/armtools/bin/../lib/gcc/arm-atollic-eabi/4.5.1/../../../../arm-atollic-eabi/lib/thumb/thumb2\libc.a(lib_a-mbrtowc.o)
 *fill*         0x0800bdd6        0x2 00
 .rodata.p05.2464
                0x0800bdd8        0xc c:/program files (x86)/atollic/truestudio for stmicroelectronics stm32 lite 2.3.0/armtools/bin/../lib/gcc/arm-atollic-eabi/4.5.1/../../../../arm-atollic-eabi/lib/thumb/thumb2\libc.a(lib_a-mprec.o)
 *fill*         0x0800bde4        0x4 00
 .rodata.__mprec_tens
                0x0800bde8       0xc8 c:/program files (x86)/atollic/truestudio for stmicroelectronics stm32 lite 2.3.0/armtools/bin/../lib/gcc/arm-atollic-eabi/4.5.1/../../../../arm-atollic-eabi/lib/thumb/thumb2\libc.a(lib_a-mprec.o)
                0x0800bde8                __mprec_tens
 .rodata.__mprec_bigtens
                0x0800beb0       0x28 c:/program files (x86)/atollic/truestudio for stmicroelectronics stm32 lite 2.3.0/armtools/bin/../lib/gcc/arm-atollic-eabi/4.5.1/../../../../arm-atollic-eabi/lib/thumb/thumb2\libc.a(lib_a-mprec.o)
                0x0800beb0                __mprec_bigtens
 .rodata.str1.1
                0x00000000        0x8 c:/program files (x86)/atollic/truestudio for stmicroelectronics stm32 lite 2.3.0/armtools/bin/../lib/gcc/arm-atollic-eabi/4.5.1/../../../../arm-atollic-eabi/lib/thumb/thumb2\libc.a(lib_a-strtod.o)
                                  0xc (size before relaxing)
 .rodata.tinytens
                0x0800bed8       0x28 c:/program files (x86)/atollic/truestudio for stmicroelectronics stm32 lite 2.3.0/armtools/bin/../lib/gcc/arm-atollic-eabi/4.5.1/../../../../arm-atollic-eabi/lib/thumb/thumb2\libc.a(lib_a-strtod.o)
 .rodata.str1.1
                0x0800bf00        0xb c:/program files (x86)/atollic/truestudio for stmicroelectronics stm32 lite 2.3.0/armtools/bin/../lib/gcc/arm-atollic-eabi/4.5.1/../../../../arm-atollic-eabi/lib/thumb/thumb2\libc.a(lib_a-gdtoa-gethex.o)
                                 0x19 (size before relaxing)
 *(.glue_7)
 .glue_7        0x00000000        0x0 linker stubs
 *(.glue_7t)
 .glue_7t       0x00000000        0x0 linker stubs
 *(.eh_frame)
 *(.init)
 *fill*         0x0800bf0b        0x1 00
 .init          0x0800bf0c        0x4 c:/program files (x86)/atollic/truestudio for stmicroelectronics stm32 lite 2.3.0/armtools/bin/../lib/gcc/arm-atollic-eabi/4.5.1/thumb/thumb2/crti.o
                0x0800bf0c                _init
 .init          0x0800bf10        0x8 c:/program files (x86)/atollic/truestudio for stmicroelectronics stm32 lite 2.3.0/armtools/bin/../lib/gcc/arm-atollic-eabi/4.5.1/thumb/thumb2/crtn.o
 *(.fini)
 .fini          0x0800bf18        0x4 c:/program files (x86)/atollic/truestudio for stmicroelectronics stm32 lite 2.3.0/armtools/bin/../lib/gcc/arm-atollic-eabi/4.5.1/thumb/thumb2/crti.o
                0x0800bf18                _fini
 .fini          0x0800bf1c        0x8 c:/program files (x86)/atollic/truestudio for stmicroelectronics stm32 lite 2.3.0/armtools/bin/../lib/gcc/arm-atollic-eabi/4.5.1/thumb/thumb2/crtn.o
                0x0800bf24                . = ALIGN (0x4)
                0x0800bf24                _etext = .

.vfp11_veneer   0x0800bf24        0x0
 .vfp11_veneer  0x00000000        0x0 linker stubs

.v4_bx          0x0800bf24        0x0
 .v4_bx         0x00000000        0x0 linker stubs

.ARM.extab
 *(.ARM.extab* .gnu.linkonce.armextab.*)

.ARM            0x0800bf24        0x8
                0x0800bf24                __exidx_start = .
 *(.ARM.exidx*)
 .ARM.exidx     0x0800bf24        0x8 c:/program files (x86)/atollic/truestudio for stmicroelectronics stm32 lite 2.3.0/armtools/bin/../lib/gcc/arm-atollic-eabi/4.5.1/thumb/thumb2\libgcc.a(_divdi3.o)
 .ARM.exidx     0x0800bf2c        0x0 c:/program files (x86)/atollic/truestudio for stmicroelectronics stm32 lite 2.3.0/armtools/bin/../lib/gcc/arm-atollic-eabi/4.5.1/thumb/thumb2\libgcc.a(_udivdi3.o)
                                  0x8 (size before relaxing)
                0x0800bf2c                __exidx_end = .

.preinit_array  0x0800bf2c        0x0
                0x0800bf2c                PROVIDE (__preinit_array_start, .)
 *(.preinit_array*)
                0x0800bf2c                PROVIDE (__preinit_array_end, .)

.init_array     0x0800bf2c        0x4
                0x0800bf2c                PROVIDE (__init_array_start, .)
 *(SORT(.init_array.*))
 *(.init_array*)
 .init_array    0x0800bf2c        0x4 c:/program files (x86)/atollic/truestudio for stmicroelectronics stm32 lite 2.3.0/armtools/bin/../lib/gcc/arm-atollic-eabi/4.5.1/thumb/thumb2/crtbegin.o
                0x0800bf30                PROVIDE (__init_array_end, .)

.fini_array     0x0800bf30        0x4
                0x0800bf30                PROVIDE (__fini_array_start, .)
 *(.fini_array*)
 .fini_array    0x0800bf30        0x4 c:/program files (x86)/atollic/truestudio for stmicroelectronics stm32 lite 2.3.0/armtools/bin/../lib/gcc/arm-atollic-eabi/4.5.1/thumb/thumb2/crtbegin.o
 *(SORT(.fini_array.*))
                0x0800bf34                PROVIDE (__fini_array_end, .)
                0x0800bf34                _sidata = .

.data           0x20000000      0x5c4 load address 0x0800bf34
                0x20000000                . = ALIGN (0x4)
                0x20000000                _sdata = .
 *(.data)
 *(.data*)
 .data.SystemCoreClock
                0x20000000        0x4 src\system_stm32f10x.o
                0x20000000                SystemCoreClock
 .data.SPI_SELECT.3670
                0x20000004        0x8 src\spi_functions.o
 .data.CCR1Val  0x2000000c        0x2 src\node_functions.o
                0x2000000c                CCR1Val
 .data.CCR2Val  0x2000000e        0x2 src\node_functions.o
                0x2000000e                CCR2Val
 .data.topo_txs
                0x20000010        0xc src\node_functions.o
                0x20000010                topo_txs
 .data.not_interrupted
                0x2000001c        0x1 src\main.o
                0x2000001c                not_interrupted
 .data.TYPE     0x2000001d        0x1 src\main.o
                0x2000001d                TYPE
 *fill*         0x2000001e        0x2 00
 .data.APBAHBPrescTable
                0x20000020       0x10 Libraries\STM32F10x_StdPeriph_Driver\src\stm32f10x_rcc.o
 .data.ADCPrescTable
                0x20000030        0x4 Libraries\STM32F10x_StdPeriph_Driver\src\stm32f10x_rcc.o
 .data.__ctype_ptr__
                0x20000034        0x4 c:/program files (x86)/atollic/truestudio for stmicroelectronics stm32 lite 2.3.0/armtools/bin/../lib/gcc/arm-atollic-eabi/4.5.1/../../../../arm-atollic-eabi/lib/thumb/thumb2\libc.a(lib_a-ctype_.o)
                0x20000034                __ctype_ptr__
 .data.impure_data
                0x20000038       0xf0 c:/program files (x86)/atollic/truestudio for stmicroelectronics stm32 lite 2.3.0/armtools/bin/../lib/gcc/arm-atollic-eabi/4.5.1/../../../../arm-atollic-eabi/lib/thumb/thumb2\libc.a(lib_a-impure.o)
 .data._impure_ptr
                0x20000128        0x4 c:/program files (x86)/atollic/truestudio for stmicroelectronics stm32 lite 2.3.0/armtools/bin/../lib/gcc/arm-atollic-eabi/4.5.1/../../../../arm-atollic-eabi/lib/thumb/thumb2\libc.a(lib_a-impure.o)
                0x20000128                _impure_ptr
 .data.lconv    0x2000012c       0x38 c:/program files (x86)/atollic/truestudio for stmicroelectronics stm32 lite 2.3.0/armtools/bin/../lib/gcc/arm-atollic-eabi/4.5.1/../../../../arm-atollic-eabi/lib/thumb/thumb2\libc.a(lib_a-locale.o)
 .data.lc_ctype_charset
                0x20000164       0x20 c:/program files (x86)/atollic/truestudio for stmicroelectronics stm32 lite 2.3.0/armtools/bin/../lib/gcc/arm-atollic-eabi/4.5.1/../../../../arm-atollic-eabi/lib/thumb/thumb2\libc.a(lib_a-locale.o)
 .data.__mb_cur_max
                0x20000184        0x4 c:/program files (x86)/atollic/truestudio for stmicroelectronics stm32 lite 2.3.0/armtools/bin/../lib/gcc/arm-atollic-eabi/4.5.1/../../../../arm-atollic-eabi/lib/thumb/thumb2\libc.a(lib_a-locale.o)
                0x20000184                __mb_cur_max
 .data.__malloc_av_
                0x20000188      0x408 c:/program files (x86)/atollic/truestudio for stmicroelectronics stm32 lite 2.3.0/armtools/bin/../lib/gcc/arm-atollic-eabi/4.5.1/../../../../arm-atollic-eabi/lib/thumb/thumb2\libc.a(lib_a-mallocr.o)
                0x20000188                __malloc_av_
 .data.__malloc_trim_threshold
                0x20000590        0x4 c:/program files (x86)/atollic/truestudio for stmicroelectronics stm32 lite 2.3.0/armtools/bin/../lib/gcc/arm-atollic-eabi/4.5.1/../../../../arm-atollic-eabi/lib/thumb/thumb2\libc.a(lib_a-mallocr.o)
                0x20000590                __malloc_trim_threshold
 .data.__malloc_sbrk_base
                0x20000594        0x4 c:/program files (x86)/atollic/truestudio for stmicroelectronics stm32 lite 2.3.0/armtools/bin/../lib/gcc/arm-atollic-eabi/4.5.1/../../../../arm-atollic-eabi/lib/thumb/thumb2\libc.a(lib_a-mallocr.o)
                0x20000594                __malloc_sbrk_base
 .data.__mbtowc
                0x20000598        0x4 c:/program files (x86)/atollic/truestudio for stmicroelectronics stm32 lite 2.3.0/armtools/bin/../lib/gcc/arm-atollic-eabi/4.5.1/../../../../arm-atollic-eabi/lib/thumb/thumb2\libc.a(lib_a-mbtowc_r.o)
                0x20000598                __mbtowc
 .data.fpinan.2456
                0x2000059c       0x14 c:/program files (x86)/atollic/truestudio for stmicroelectronics stm32 lite 2.3.0/armtools/bin/../lib/gcc/arm-atollic-eabi/4.5.1/../../../../arm-atollic-eabi/lib/thumb/thumb2\libc.a(lib_a-strtod.o)
 .data.fpi.2420
                0x200005b0       0x14 c:/program files (x86)/atollic/truestudio for stmicroelectronics stm32 lite 2.3.0/armtools/bin/../lib/gcc/arm-atollic-eabi/4.5.1/../../../../arm-atollic-eabi/lib/thumb/thumb2\libc.a(lib_a-strtod.o)
                0x200005c4                . = ALIGN (0x4)
                0x200005c4                _edata = .

.jcr            0x200005c4        0x0 load address 0x0800c4f8
 .jcr           0x200005c4        0x0 c:/program files (x86)/atollic/truestudio for stmicroelectronics stm32 lite 2.3.0/armtools/bin/../lib/gcc/arm-atollic-eabi/4.5.1/thumb/thumb2/crtbegin.o
                0x200005c4                . = ALIGN (0x4)

.bss            0x200005c4      0x624 load address 0x0800c4f8
                0x200005c4                _sbss = .
                0x200005c4                __bss_start__ = _sbss
 *(.bss)
 .bss           0x200005c4        0x1 c:/program files (x86)/atollic/truestudio for stmicroelectronics stm32 lite 2.3.0/armtools/bin/../lib/gcc/arm-atollic-eabi/4.5.1/thumb/thumb2/crtbegin.o
 *(.bss*)
 .bss.RxCounter.4600
                0x200005c5        0x1 src\uart_functions.o
 *fill*         0x200005c6        0x2 00
 .bss.RxBuffer.4601
                0x200005c8       0x20 src\uart_functions.o
 .bss.TxBuffer.4602
                0x200005e8       0x40 src\uart_functions.o
 .bss.package_size.4603
                0x20000628        0x1 src\uart_functions.o
 .bss.Tx_Idx2   0x20000629        0x1 src\stm32f10x_it.o
                0x20000629                Tx_Idx2
 .bss.Rx_Idx2   0x2000062a        0x1 src\stm32f10x_it.o
                0x2000062a                Rx_Idx2
 .bss.splitter_is_probing
                0x2000062b        0x1 src\stm32f10x_it.o
                0x2000062b                splitter_is_probing
 .bss.capture.4711
                0x2000062c        0x2 src\stm32f10x_it.o
 *fill*         0x2000062e        0x2 00
 .bss.TxBuffer.4700
                0x20000630       0x40 src\stm32f10x_it.o
 .bss.package_size.4701
                0x20000670        0x1 src\stm32f10x_it.o
 *fill*         0x20000671        0x3 00
 .bss.GPIO_InitStructure.3675
                0x20000674        0x4 src\spi_functions.o
 .bss.RxIdx.3671
                0x20000678        0x1 src\spi_functions.o
 *fill*         0x20000679        0x1 00
 .bss.sensor_angle.3672
                0x2000067a        0x2 src\spi_functions.o
 .bss.sensor_angle_invert.3673
                0x2000067c        0x2 src\spi_functions.o
 .bss.angle_to_send.3674
                0x2000067e        0x2 src\spi_functions.o
 .bss.Timeout.3746
                0x20000680        0x2 src\node_functions.o
 .bss.counter.3727
                0x20000682        0x2 src\node_functions.o
 .bss.ID        0x20000684        0x1 src\main.o
                0x20000684                ID
 .bss.topo_counter
                0x20000685        0x1 src\main.o
                0x20000685                topo_counter
 .bss.next_splitter_completed
                0x20000686        0x1 src\main.o
                0x20000686                next_splitter_completed
 .bss.next_splitter_ID
                0x20000687        0x1 src\main.o
                0x20000687                next_splitter_ID
 .bss.initialized
                0x20000688        0x1 src\main.o
                0x20000688                initialized
 *fill*         0x20000689        0x3 00
 .bss.Timeout.3703
                0x2000068c        0x4 src\i2c_functions.o
 .bss.Timeout.3674
                0x20000690        0x2 src\i2c_functions.o
 *fill*         0x20000692        0x2 00
 .bss.__malloc_max_total_mem
                0x20000694        0x4 c:/program files (x86)/atollic/truestudio for stmicroelectronics stm32 lite 2.3.0/armtools/bin/../lib/gcc/arm-atollic-eabi/4.5.1/../../../../arm-atollic-eabi/lib/thumb/thumb2\libc.a(lib_a-mallocr.o)
                0x20000694                __malloc_max_total_mem
 .bss.__malloc_max_sbrked_mem
                0x20000698        0x4 c:/program files (x86)/atollic/truestudio for stmicroelectronics stm32 lite 2.3.0/armtools/bin/../lib/gcc/arm-atollic-eabi/4.5.1/../../../../arm-atollic-eabi/lib/thumb/thumb2\libc.a(lib_a-mallocr.o)
                0x20000698                __malloc_max_sbrked_mem
 .bss.__malloc_top_pad
                0x2000069c        0x4 c:/program files (x86)/atollic/truestudio for stmicroelectronics stm32 lite 2.3.0/armtools/bin/../lib/gcc/arm-atollic-eabi/4.5.1/../../../../arm-atollic-eabi/lib/thumb/thumb2\libc.a(lib_a-mallocr.o)
                0x2000069c                __malloc_top_pad
 .bss.__malloc_current_mallinfo
                0x200006a0       0x28 c:/program files (x86)/atollic/truestudio for stmicroelectronics stm32 lite 2.3.0/armtools/bin/../lib/gcc/arm-atollic-eabi/4.5.1/../../../../arm-atollic-eabi/lib/thumb/thumb2\libc.a(lib_a-mallocr.o)
                0x200006a0                __malloc_current_mallinfo
 .bss.heap_end.2323
                0x200006c8        0x4 c:/program files (x86)/atollic/truestudio for stmicroelectronics stm32 lite 2.3.0/armtools/bin/../lib/gcc/arm-atollic-eabi/4.5.1/../../../../arm-atollic-eabi/lib/thumb/thumb2\libc.a(lib_a-syscalls.o)
 *(COMMON)
 COMMON         0x200006cc        0x8 src\node_functions.o
                0x200006cc                TimingDelay
                0x200006d0                NVIC_InitStructure
 COMMON         0x200006d4      0x3ff src\main.o
                0x200006d4                Buffer_Rx2
                0x200007d4                topology
                0x200009d4                Buffer_Tx2
 *fill*         0x20000ad3        0x1 00
 COMMON         0x20000ad4       0x10 src\i2c_functions.o
                0x20000ad4                I2C_InitStructure
 COMMON         0x20000ae4        0x4 c:/program files (x86)/atollic/truestudio for stmicroelectronics stm32 lite 2.3.0/armtools/bin/../lib/gcc/arm-atollic-eabi/4.5.1/../../../../arm-atollic-eabi/lib/thumb/thumb2\libc.a(lib_a-reent.o)
                0x20000ae4                errno
 COMMON         0x20000ae8      0x100 c:/program files (x86)/atollic/truestudio for stmicroelectronics stm32 lite 2.3.0/armtools/bin/../lib/gcc/arm-atollic-eabi/4.5.1/../../../../arm-atollic-eabi/lib/thumb/thumb2\libc.a(lib_a-gdtoa-gethex.o)
                0x20000ae8                __hexdig
                0x20000be8                . = ALIGN (0x4)
                0x20000be8                _ebss = .
                0x20000be8                __bss_end__ = _ebss

._user_heap_stack
                0x20000be8       0x80 load address 0x0800c4f8
                0x20000be8                . = ALIGN (0x4)
                0x20000be8                PROVIDE (end, .)
                0x20000be8                PROVIDE (_end, .)
                0x20000be8                . = (. + _Min_Heap_Size)
                0x20000c68                . = (. + _Min_Stack_Size)
 *fill*         0x20000be8       0x80 00
                0x20000c68                . = ALIGN (0x4)

.memory_b1_text
 *(.mb1text)
 *(.mb1text*)
 *(.mb1rodata)
 *(.mb1rodata*)

/DISCARD/
 libc.a(*)
 libm.a(*)
 libgcc.a(*)

.ARM.attributes
                0x00000000       0x25
 *(.ARM.attributes)
 .ARM.attributes
                0x00000000       0x19 c:/program files (x86)/atollic/truestudio for stmicroelectronics stm32 lite 2.3.0/armtools/bin/../lib/gcc/arm-atollic-eabi/4.5.1/thumb/thumb2/crti.o
 .ARM.attributes
                0x00000019       0x29 c:/program files (x86)/atollic/truestudio for stmicroelectronics stm32 lite 2.3.0/armtools/bin/../lib/gcc/arm-atollic-eabi/4.5.1/thumb/thumb2/crtbegin.o
 .ARM.attributes
                0x00000042       0x31 src\uart_functions.o
 .ARM.attributes
                0x00000073       0x31 src\system_stm32f10x.o
 .ARM.attributes
                0x000000a4       0x31 src\stm32f10x_it.o
 .ARM.attributes
                0x000000d5       0x31 src\spi_functions.o
 .ARM.attributes
                0x00000106       0x31 src\node_functions.o
 .ARM.attributes
                0x00000137       0x31 src\main.o
 .ARM.attributes
                0x00000168       0x31 src\i2c_functions.o
 .ARM.attributes
                0x00000199       0x31 Utilities\STM32_EVAL\STM32_Discovery\STM32vldiscovery.o
 .ARM.attributes
                0x000001ca       0x31 Libraries\STM32F10x_StdPeriph_Driver\src\stm32f10x_wwdg.o
 .ARM.attributes
                0x000001fb       0x31 Libraries\STM32F10x_StdPeriph_Driver\src\stm32f10x_usart.o
 .ARM.attributes
                0x0000022c       0x31 Libraries\STM32F10x_StdPeriph_Driver\src\stm32f10x_tim.o
 .ARM.attributes
                0x0000025d       0x31 Libraries\STM32F10x_StdPeriph_Driver\src\stm32f10x_spi.o
 .ARM.attributes
                0x0000028e       0x31 Libraries\STM32F10x_StdPeriph_Driver\src\stm32f10x_sdio.o
 .ARM.attributes
                0x000002bf       0x31 Libraries\STM32F10x_StdPeriph_Driver\src\stm32f10x_rtc.o
 .ARM.attributes
                0x000002f0       0x31 Libraries\STM32F10x_StdPeriph_Driver\src\stm32f10x_rcc.o
 .ARM.attributes
                0x00000321       0x31 Libraries\STM32F10x_StdPeriph_Driver\src\stm32f10x_pwr.o
 .ARM.attributes
                0x00000352       0x31 Libraries\STM32F10x_StdPeriph_Driver\src\stm32f10x_iwdg.o
 .ARM.attributes
                0x00000383       0x31 Libraries\STM32F10x_StdPeriph_Driver\src\stm32f10x_i2c.o
 .ARM.attributes
                0x000003b4       0x31 Libraries\STM32F10x_StdPeriph_Driver\src\stm32f10x_gpio.o
 .ARM.attributes
                0x000003e5       0x31 Libraries\STM32F10x_StdPeriph_Driver\src\stm32f10x_fsmc.o
 .ARM.attributes
                0x00000416       0x31 Libraries\STM32F10x_StdPeriph_Driver\src\stm32f10x_flash.o
 .ARM.attributes
                0x00000447       0x31 Libraries\STM32F10x_StdPeriph_Driver\src\stm32f10x_exti.o
 .ARM.attributes
                0x00000478       0x31 Libraries\STM32F10x_StdPeriph_Driver\src\stm32f10x_dma.o
 .ARM.attributes
                0x000004a9       0x31 Libraries\STM32F10x_StdPeriph_Driver\src\stm32f10x_dbgmcu.o
 .ARM.attributes
                0x000004da       0x31 Libraries\STM32F10x_StdPeriph_Driver\src\stm32f10x_dac.o
 .ARM.attributes
                0x0000050b       0x31 Libraries\STM32F10x_StdPeriph_Driver\src\stm32f10x_crc.o
 .ARM.attributes
                0x0000053c       0x31 Libraries\STM32F10x_StdPeriph_Driver\src\stm32f10x_cec.o
 .ARM.attributes
                0x0000056d       0x31 Libraries\STM32F10x_StdPeriph_Driver\src\stm32f10x_can.o
 .ARM.attributes
                0x0000059e       0x31 Libraries\STM32F10x_StdPeriph_Driver\src\stm32f10x_bkp.o
 .ARM.attributes
                0x000005cf       0x31 Libraries\STM32F10x_StdPeriph_Driver\src\stm32f10x_adc.o
 .ARM.attributes
                0x00000600       0x31 Libraries\STM32F10x_StdPeriph_Driver\src\misc.o
 .ARM.attributes
                0x00000631       0x21 Libraries\CMSIS\CM3\DeviceSupport\ST\STM32F10x\startup\TrueSTUDIO\startup_stm32f10x_md_vl.o
 .ARM.attributes
                0x00000652       0x31 Libraries\CMSIS\CM3\CoreSupport\core_cm3.o
 .ARM.attributes
                0x00000683       0x29 c:/program files (x86)/atollic/truestudio for stmicroelectronics stm32 lite 2.3.0/armtools/bin/../lib/gcc/arm-atollic-eabi/4.5.1/../../../../arm-atollic-eabi/lib/thumb/thumb2\libc.a(lib_a-init.o)
 .ARM.attributes
                0x000006ac       0x29 c:/program files (x86)/atollic/truestudio for stmicroelectronics stm32 lite 2.3.0/armtools/bin/../lib/gcc/arm-atollic-eabi/4.5.1/../../../../arm-atollic-eabi/lib/thumb/thumb2\libc.a(lib_a-memcpy.o)
 .ARM.attributes
                0x000006d5       0x29 c:/program files (x86)/atollic/truestudio for stmicroelectronics stm32 lite 2.3.0/armtools/bin/../lib/gcc/arm-atollic-eabi/4.5.1/../../../../arm-atollic-eabi/lib/thumb/thumb2\libc.a(lib_a-sprintf.o)
 .ARM.attributes
                0x000006fe       0x29 c:/program files (x86)/atollic/truestudio for stmicroelectronics stm32 lite 2.3.0/armtools/bin/../lib/gcc/arm-atollic-eabi/4.5.1/../../../../arm-atollic-eabi/lib/thumb/thumb2\libc.a(lib_a-sscanf.o)
 .ARM.attributes
                0x00000727       0x29 c:/program files (x86)/atollic/truestudio for stmicroelectronics stm32 lite 2.3.0/armtools/bin/../lib/gcc/arm-atollic-eabi/4.5.1/../../../../arm-atollic-eabi/lib/thumb/thumb2\libc.a(lib_a-stdio.o)
 .ARM.attributes
                0x00000750       0x29 c:/program files (x86)/atollic/truestudio for stmicroelectronics stm32 lite 2.3.0/armtools/bin/../lib/gcc/arm-atollic-eabi/4.5.1/../../../../arm-atollic-eabi/lib/thumb/thumb2\libc.a(lib_a-strlen.o)
 .ARM.attributes
                0x00000779       0x29 c:/program files (x86)/atollic/truestudio for stmicroelectronics stm32 lite 2.3.0/armtools/bin/../lib/gcc/arm-atollic-eabi/4.5.1/../../../../arm-atollic-eabi/lib/thumb/thumb2\libc.a(lib_a-svfprintf.o)
 .ARM.attributes
                0x000007a2       0x29 c:/program files (x86)/atollic/truestudio for stmicroelectronics stm32 lite 2.3.0/armtools/bin/../lib/gcc/arm-atollic-eabi/4.5.1/../../../../arm-atollic-eabi/lib/thumb/thumb2\libc.a(lib_a-svfscanf.o)
 .ARM.attributes
                0x000007cb       0x29 c:/program files (x86)/atollic/truestudio for stmicroelectronics stm32 lite 2.3.0/armtools/bin/../lib/gcc/arm-atollic-eabi/4.5.1/../../../../arm-atollic-eabi/lib/thumb/thumb2\libc.a(lib_a-writer.o)
 .ARM.attributes
                0x000007f4       0x29 c:/program files (x86)/atollic/truestudio for stmicroelectronics stm32 lite 2.3.0/armtools/bin/../lib/gcc/arm-atollic-eabi/4.5.1/../../../../arm-atollic-eabi/lib/thumb/thumb2\libc.a(lib_a-closer.o)
 .ARM.attributes
                0x0000081d       0x29 c:/program files (x86)/atollic/truestudio for stmicroelectronics stm32 lite 2.3.0/armtools/bin/../lib/gcc/arm-atollic-eabi/4.5.1/../../../../arm-atollic-eabi/lib/thumb/thumb2\libc.a(lib_a-ctype_.o)
 .ARM.attributes
                0x00000846       0x29 c:/program files (x86)/atollic/truestudio for stmicroelectronics stm32 lite 2.3.0/armtools/bin/../lib/gcc/arm-atollic-eabi/4.5.1/../../../../arm-atollic-eabi/lib/thumb/thumb2\libc.a(lib_a-dtoa.o)
 .ARM.attributes
                0x0000086f       0x29 c:/program files (x86)/atollic/truestudio for stmicroelectronics stm32 lite 2.3.0/armtools/bin/../lib/gcc/arm-atollic-eabi/4.5.1/../../../../arm-atollic-eabi/lib/thumb/thumb2\libc.a(lib_a-findfp.o)
 .ARM.attributes
                0x00000898       0x29 c:/program files (x86)/atollic/truestudio for stmicroelectronics stm32 lite 2.3.0/armtools/bin/../lib/gcc/arm-atollic-eabi/4.5.1/../../../../arm-atollic-eabi/lib/thumb/thumb2\libc.a(lib_a-fwalk.o)
 .ARM.attributes
                0x000008c1       0x29 c:/program files (x86)/atollic/truestudio for stmicroelectronics stm32 lite 2.3.0/armtools/bin/../lib/gcc/arm-atollic-eabi/4.5.1/../../../../arm-atollic-eabi/lib/thumb/thumb2\libc.a(lib_a-impure.o)
 .ARM.attributes
                0x000008ea       0x29 c:/program files (x86)/atollic/truestudio for stmicroelectronics stm32 lite 2.3.0/armtools/bin/../lib/gcc/arm-atollic-eabi/4.5.1/../../../../arm-atollic-eabi/lib/thumb/thumb2\libc.a(lib_a-iswspace.o)
 .ARM.attributes
                0x00000913       0x29 c:/program files (x86)/atollic/truestudio for stmicroelectronics stm32 lite 2.3.0/armtools/bin/../lib/gcc/arm-atollic-eabi/4.5.1/../../../../arm-atollic-eabi/lib/thumb/thumb2\libc.a(lib_a-locale.o)
 .ARM.attributes
                0x0000093c       0x29 c:/program files (x86)/atollic/truestudio for stmicroelectronics stm32 lite 2.3.0/armtools/bin/../lib/gcc/arm-atollic-eabi/4.5.1/../../../../arm-atollic-eabi/lib/thumb/thumb2\libc.a(lib_a-lseekr.o)
 .ARM.attributes
                0x00000965       0x29 c:/program files (x86)/atollic/truestudio for stmicroelectronics stm32 lite 2.3.0/armtools/bin/../lib/gcc/arm-atollic-eabi/4.5.1/../../../../arm-atollic-eabi/lib/thumb/thumb2\libc.a(lib_a-malloc.o)
 .ARM.attributes
                0x0000098e       0x29 c:/program files (x86)/atollic/truestudio for stmicroelectronics stm32 lite 2.3.0/armtools/bin/../lib/gcc/arm-atollic-eabi/4.5.1/../../../../arm-atollic-eabi/lib/thumb/thumb2\libc.a(lib_a-mallocr.o)
 .ARM.attributes
                0x000009b7       0x29 c:/program files (x86)/atollic/truestudio for stmicroelectronics stm32 lite 2.3.0/armtools/bin/../lib/gcc/arm-atollic-eabi/4.5.1/../../../../arm-atollic-eabi/lib/thumb/thumb2\libc.a(lib_a-mbrtowc.o)
 .ARM.attributes
                0x000009e0       0x29 c:/program files (x86)/atollic/truestudio for stmicroelectronics stm32 lite 2.3.0/armtools/bin/../lib/gcc/arm-atollic-eabi/4.5.1/../../../../arm-atollic-eabi/lib/thumb/thumb2\libc.a(lib_a-mbtowc_r.o)
 .ARM.attributes
                0x00000a09       0x29 c:/program files (x86)/atollic/truestudio for stmicroelectronics stm32 lite 2.3.0/armtools/bin/../lib/gcc/arm-atollic-eabi/4.5.1/../../../../arm-atollic-eabi/lib/thumb/thumb2\libc.a(lib_a-memchr.o)
 .ARM.attributes
                0x00000a32       0x29 c:/program files (x86)/atollic/truestudio for stmicroelectronics stm32 lite 2.3.0/armtools/bin/../lib/gcc/arm-atollic-eabi/4.5.1/../../../../arm-atollic-eabi/lib/thumb/thumb2\libc.a(lib_a-memset.o)
 .ARM.attributes
                0x00000a5b       0x29 c:/program files (x86)/atollic/truestudio for stmicroelectronics stm32 lite 2.3.0/armtools/bin/../lib/gcc/arm-atollic-eabi/4.5.1/../../../../arm-atollic-eabi/lib/thumb/thumb2\libc.a(lib_a-mlock.o)
 .ARM.attributes
                0x00000a84       0x29 c:/program files (x86)/atollic/truestudio for stmicroelectronics stm32 lite 2.3.0/armtools/bin/../lib/gcc/arm-atollic-eabi/4.5.1/../../../../arm-atollic-eabi/lib/thumb/thumb2\libc.a(lib_a-mprec.o)
 .ARM.attributes
                0x00000aad       0x29 c:/program files (x86)/atollic/truestudio for stmicroelectronics stm32 lite 2.3.0/armtools/bin/../lib/gcc/arm-atollic-eabi/4.5.1/../../../../arm-atollic-eabi/lib/thumb/thumb2\libc.a(lib_a-readr.o)
 .ARM.attributes
                0x00000ad6       0x29 c:/program files (x86)/atollic/truestudio for stmicroelectronics stm32 lite 2.3.0/armtools/bin/../lib/gcc/arm-atollic-eabi/4.5.1/../../../../arm-atollic-eabi/lib/thumb/thumb2\libc.a(lib_a-reent.o)
 .ARM.attributes
                0x00000aff       0x29 c:/program files (x86)/atollic/truestudio for stmicroelectronics stm32 lite 2.3.0/armtools/bin/../lib/gcc/arm-atollic-eabi/4.5.1/../../../../arm-atollic-eabi/lib/thumb/thumb2\libc.a(lib_a-sbrkr.o)
 .ARM.attributes
                0x00000b28       0x29 c:/program files (x86)/atollic/truestudio for stmicroelectronics stm32 lite 2.3.0/armtools/bin/../lib/gcc/arm-atollic-eabi/4.5.1/../../../../arm-atollic-eabi/lib/thumb/thumb2\libc.a(lib_a-sccl.o)
 .ARM.attributes
                0x00000b51       0x29 c:/program files (x86)/atollic/truestudio for stmicroelectronics stm32 lite 2.3.0/armtools/bin/../lib/gcc/arm-atollic-eabi/4.5.1/../../../../arm-atollic-eabi/lib/thumb/thumb2\libc.a(lib_a-sf_nan.o)
 .ARM.attributes
                0x00000b7a       0x29 c:/program files (x86)/atollic/truestudio for stmicroelectronics stm32 lite 2.3.0/armtools/bin/../lib/gcc/arm-atollic-eabi/4.5.1/../../../../arm-atollic-eabi/lib/thumb/thumb2\libc.a(lib_a-s_fpclassify.o)
 .ARM.attributes
                0x00000ba3       0x29 c:/program files (x86)/atollic/truestudio for stmicroelectronics stm32 lite 2.3.0/armtools/bin/../lib/gcc/arm-atollic-eabi/4.5.1/../../../../arm-atollic-eabi/lib/thumb/thumb2\libc.a(lib_a-strcmp.o)
 .ARM.attributes
                0x00000bcc       0x29 c:/program files (x86)/atollic/truestudio for stmicroelectronics stm32 lite 2.3.0/armtools/bin/../lib/gcc/arm-atollic-eabi/4.5.1/../../../../arm-atollic-eabi/lib/thumb/thumb2\libc.a(lib_a-strtod.o)
 .ARM.attributes
                0x00000bf5       0x29 c:/program files (x86)/atollic/truestudio for stmicroelectronics stm32 lite 2.3.0/armtools/bin/../lib/gcc/arm-atollic-eabi/4.5.1/../../../../arm-atollic-eabi/lib/thumb/thumb2\libc.a(lib_a-strtoll_r.o)
 .ARM.attributes
                0x00000c1e       0x29 c:/program files (x86)/atollic/truestudio for stmicroelectronics stm32 lite 2.3.0/armtools/bin/../lib/gcc/arm-atollic-eabi/4.5.1/../../../../arm-atollic-eabi/lib/thumb/thumb2\libc.a(lib_a-strtol.o)
 .ARM.attributes
                0x00000c47       0x29 c:/program files (x86)/atollic/truestudio for stmicroelectronics stm32 lite 2.3.0/armtools/bin/../lib/gcc/arm-atollic-eabi/4.5.1/../../../../arm-atollic-eabi/lib/thumb/thumb2\libc.a(lib_a-strtoull_r.o)
 .ARM.attributes
                0x00000c70       0x29 c:/program files (x86)/atollic/truestudio for stmicroelectronics stm32 lite 2.3.0/armtools/bin/../lib/gcc/arm-atollic-eabi/4.5.1/../../../../arm-atollic-eabi/lib/thumb/thumb2\libc.a(lib_a-strtoul.o)
 .ARM.attributes
                0x00000c99       0x29 c:/program files (x86)/atollic/truestudio for stmicroelectronics stm32 lite 2.3.0/armtools/bin/../lib/gcc/arm-atollic-eabi/4.5.1/../../../../arm-atollic-eabi/lib/thumb/thumb2\libc.a(lib_a-svfiprintf.o)
 .ARM.attributes
                0x00000cc2       0x29 c:/program files (x86)/atollic/truestudio for stmicroelectronics stm32 lite 2.3.0/armtools/bin/../lib/gcc/arm-atollic-eabi/4.5.1/../../../../arm-atollic-eabi/lib/thumb/thumb2\libc.a(lib_a-svfiscanf.o)
 .ARM.attributes
                0x00000ceb       0x29 c:/program files (x86)/atollic/truestudio for stmicroelectronics stm32 lite 2.3.0/armtools/bin/../lib/gcc/arm-atollic-eabi/4.5.1/../../../../arm-atollic-eabi/lib/thumb/thumb2\libc.a(lib_a-syscalls.o)
 .ARM.attributes
                0x00000d14       0x29 c:/program files (x86)/atollic/truestudio for stmicroelectronics stm32 lite 2.3.0/armtools/bin/../lib/gcc/arm-atollic-eabi/4.5.1/../../../../arm-atollic-eabi/lib/thumb/thumb2\libc.a(lib_a-ungetc.o)
 .ARM.attributes
                0x00000d3d       0x29 c:/program files (x86)/atollic/truestudio for stmicroelectronics stm32 lite 2.3.0/armtools/bin/../lib/gcc/arm-atollic-eabi/4.5.1/../../../../arm-atollic-eabi/lib/thumb/thumb2\libc.a(lib_a-callocr.o)
 .ARM.attributes
                0x00000d66       0x29 c:/program files (x86)/atollic/truestudio for stmicroelectronics stm32 lite 2.3.0/armtools/bin/../lib/gcc/arm-atollic-eabi/4.5.1/../../../../arm-atollic-eabi/lib/thumb/thumb2\libc.a(lib_a-fclose.o)
 .ARM.attributes
                0x00000d8f       0x29 c:/program files (x86)/atollic/truestudio for stmicroelectronics stm32 lite 2.3.0/armtools/bin/../lib/gcc/arm-atollic-eabi/4.5.1/../../../../arm-atollic-eabi/lib/thumb/thumb2\libc.a(lib_a-fflush.o)
 .ARM.attributes
                0x00000db8       0x29 c:/program files (x86)/atollic/truestudio for stmicroelectronics stm32 lite 2.3.0/armtools/bin/../lib/gcc/arm-atollic-eabi/4.5.1/../../../../arm-atollic-eabi/lib/thumb/thumb2\libc.a(lib_a-freer.o)
 .ARM.attributes
                0x00000de1       0x29 c:/program files (x86)/atollic/truestudio for stmicroelectronics stm32 lite 2.3.0/armtools/bin/../lib/gcc/arm-atollic-eabi/4.5.1/../../../../arm-atollic-eabi/lib/thumb/thumb2\libc.a(lib_a-gdtoa-gethex.o)
 .ARM.attributes
                0x00000e0a       0x29 c:/program files (x86)/atollic/truestudio for stmicroelectronics stm32 lite 2.3.0/armtools/bin/../lib/gcc/arm-atollic-eabi/4.5.1/../../../../arm-atollic-eabi/lib/thumb/thumb2\libc.a(lib_a-gdtoa-hexnan.o)
 .ARM.attributes
                0x00000e33       0x29 c:/program files (x86)/atollic/truestudio for stmicroelectronics stm32 lite 2.3.0/armtools/bin/../lib/gcc/arm-atollic-eabi/4.5.1/../../../../arm-atollic-eabi/lib/thumb/thumb2\libc.a(lib_a-memmove.o)
 .ARM.attributes
                0x00000e5c       0x29 c:/program files (x86)/atollic/truestudio for stmicroelectronics stm32 lite 2.3.0/armtools/bin/../lib/gcc/arm-atollic-eabi/4.5.1/../../../../arm-atollic-eabi/lib/thumb/thumb2\libc.a(lib_a-reallocr.o)
 .ARM.attributes
                0x00000e85       0x29 c:/program files (x86)/atollic/truestudio for stmicroelectronics stm32 lite 2.3.0/armtools/bin/../lib/gcc/arm-atollic-eabi/4.5.1/../../../../arm-atollic-eabi/lib/thumb/thumb2\libc.a(lib_a-strncmp.o)
 .ARM.attributes
                0x00000eae       0x1b c:/program files (x86)/atollic/truestudio for stmicroelectronics stm32 lite 2.3.0/armtools/bin/../lib/gcc/arm-atollic-eabi/4.5.1/thumb/thumb2\libgcc.a(_udivsi3.o)
 .ARM.attributes
                0x00000ec9       0x1b c:/program files (x86)/atollic/truestudio for stmicroelectronics stm32 lite 2.3.0/armtools/bin/../lib/gcc/arm-atollic-eabi/4.5.1/thumb/thumb2\libgcc.a(_divsi3.o)
 .ARM.attributes
                0x00000ee4       0x1b c:/program files (x86)/atollic/truestudio for stmicroelectronics stm32 lite 2.3.0/armtools/bin/../lib/gcc/arm-atollic-eabi/4.5.1/thumb/thumb2\libgcc.a(_dvmd_tls.o)
 .ARM.attributes
                0x00000eff       0x1b c:/program files (x86)/atollic/truestudio for stmicroelectronics stm32 lite 2.3.0/armtools/bin/../lib/gcc/arm-atollic-eabi/4.5.1/thumb/thumb2\libgcc.a(_arm_addsubdf3.o)
 .ARM.attributes
                0x00000f1a       0x1b c:/program files (x86)/atollic/truestudio for stmicroelectronics stm32 lite 2.3.0/armtools/bin/../lib/gcc/arm-atollic-eabi/4.5.1/thumb/thumb2\libgcc.a(_arm_muldivdf3.o)
 .ARM.attributes
                0x00000f35       0x1b c:/program files (x86)/atollic/truestudio for stmicroelectronics stm32 lite 2.3.0/armtools/bin/../lib/gcc/arm-atollic-eabi/4.5.1/thumb/thumb2\libgcc.a(_arm_cmpdf2.o)
 .ARM.attributes
                0x00000f50       0x1b c:/program files (x86)/atollic/truestudio for stmicroelectronics stm32 lite 2.3.0/armtools/bin/../lib/gcc/arm-atollic-eabi/4.5.1/thumb/thumb2\libgcc.a(_arm_fixdfsi.o)
 .ARM.attributes
                0x00000f6b       0x1b c:/program files (x86)/atollic/truestudio for stmicroelectronics stm32 lite 2.3.0/armtools/bin/../lib/gcc/arm-atollic-eabi/4.5.1/thumb/thumb2\libgcc.a(_arm_fixunsdfsi.o)
 .ARM.attributes
                0x00000f86       0x1b c:/program files (x86)/atollic/truestudio for stmicroelectronics stm32 lite 2.3.0/armtools/bin/../lib/gcc/arm-atollic-eabi/4.5.1/thumb/thumb2\libgcc.a(_arm_truncdfsf2.o)
 .ARM.attributes
                0x00000fa1       0x1b c:/program files (x86)/atollic/truestudio for stmicroelectronics stm32 lite 2.3.0/armtools/bin/../lib/gcc/arm-atollic-eabi/4.5.1/thumb/thumb2\libgcc.a(_arm_cmpsf2.o)
 .ARM.attributes
                0x00000fbc       0x1b c:/program files (x86)/atollic/truestudio for stmicroelectronics stm32 lite 2.3.0/armtools/bin/../lib/gcc/arm-atollic-eabi/4.5.1/thumb/thumb2\libgcc.a(_aeabi_uldivmod.o)
 .ARM.attributes
                0x00000fd7       0x29 c:/program files (x86)/atollic/truestudio for stmicroelectronics stm32 lite 2.3.0/armtools/bin/../lib/gcc/arm-atollic-eabi/4.5.1/thumb/thumb2\libgcc.a(bpabi.o)
 .ARM.attributes
                0x00001000       0x29 c:/program files (x86)/atollic/truestudio for stmicroelectronics stm32 lite 2.3.0/armtools/bin/../lib/gcc/arm-atollic-eabi/4.5.1/thumb/thumb2\libgcc.a(_divdi3.o)
 .ARM.attributes
                0x00001029       0x29 c:/program files (x86)/atollic/truestudio for stmicroelectronics stm32 lite 2.3.0/armtools/bin/../lib/gcc/arm-atollic-eabi/4.5.1/thumb/thumb2\libgcc.a(_udivdi3.o)
 .ARM.attributes
                0x00001052       0x29 c:/program files (x86)/atollic/truestudio for stmicroelectronics stm32 lite 2.3.0/armtools/bin/../lib/gcc/arm-atollic-eabi/4.5.1/thumb/thumb2/crtend.o
 .ARM.attributes
                0x0000107b       0x19 c:/program files (x86)/atollic/truestudio for stmicroelectronics stm32 lite 2.3.0/armtools/bin/../lib/gcc/arm-atollic-eabi/4.5.1/thumb/thumb2/crtn.o
OUTPUT(USART_onboard.elf elf32-littlearm)

.debug_line     0x00000000     0x6d44
 .debug_line    0x00000000       0x6d c:/program files (x86)/atollic/truestudio for stmicroelectronics stm32 lite 2.3.0/armtools/bin/../lib/gcc/arm-atollic-eabi/4.5.1/thumb/thumb2/crti.o
 .debug_line    0x0000006d      0x2b1 src\uart_functions.o
 .debug_line    0x0000031e      0x239 src\system_stm32f10x.o
 .debug_line    0x00000557      0x376 src\stm32f10x_it.o
 .debug_line    0x000008cd      0x22e src\spi_functions.o
 .debug_line    0x00000afb      0x2e3 src\node_functions.o
 .debug_line    0x00000dde      0x261 src\main.o
 .debug_line    0x0000103f      0x2d7 src\i2c_functions.o
 .debug_line    0x00001316      0x29e Utilities\STM32_EVAL\STM32_Discovery\STM32vldiscovery.o
 .debug_line    0x000015b4      0x218 Libraries\STM32F10x_StdPeriph_Driver\src\stm32f10x_wwdg.o
 .debug_line    0x000017cc      0x470 Libraries\STM32F10x_StdPeriph_Driver\src\stm32f10x_usart.o
 .debug_line    0x00001c3c      0xa6a Libraries\STM32F10x_StdPeriph_Driver\src\stm32f10x_tim.o
 .debug_line    0x000026a6      0x3f7 Libraries\STM32F10x_StdPeriph_Driver\src\stm32f10x_spi.o
 .debug_line    0x00002a9d      0x420 Libraries\STM32F10x_StdPeriph_Driver\src\stm32f10x_sdio.o