Archive member included because of file (symbol)

c:/program files (x86)/atollic/truestudio for stmicroelectronics stm32 lite 2.3.0/armtools/bin/../lib/gcc/arm-atollic-eabi/4.5.1/../../../../arm-atollic-eabi/lib/thumb/thumb2\libc.a(lib_a-init.o)
                              Libraries\CMSIS\CM3\DeviceSupport\ST\STM32F10x\startup\TrueSTUDIO\startup_stm32f10x_md_vl.o (__libc_init_array)
c:/program files (x86)/atollic/truestudio for stmicroelectronics stm32 lite 2.3.0/armtools/bin/../lib/gcc/arm-atollic-eabi/4.5.1/../../../../arm-atollic-eabi/lib/thumb/thumb2\libc.a(lib_a-memcpy.o)
                              src\uart_functions.o (memcpy)
c:/program files (x86)/atollic/truestudio for stmicroelectronics stm32 lite 2.3.0/armtools/bin/../lib/gcc/arm-atollic-eabi/4.5.1/../../../../arm-atollic-eabi/lib/thumb/thumb2\libc.a(lib_a-sprintf.o)
                              src\uart_functions.o (sprintf)
c:/program files (x86)/atollic/truestudio for stmicroelectronics stm32 lite 2.3.0/armtools/bin/../lib/gcc/arm-atollic-eabi/4.5.1/../../../../arm-atollic-eabi/lib/thumb/thumb2\libc.a(lib_a-sscanf.o)
                              src\uart_functions.o (sscanf)
c:/program files (x86)/atollic/truestudio for stmicroelectronics stm32 lite 2.3.0/armtools/bin/../lib/gcc/arm-atollic-eabi/4.5.1/../../../../arm-atollic-eabi/lib/thumb/thumb2\libc.a(lib_a-stdio.o)
                              c:/program files (x86)/atollic/truestudio for stmicroelectronics stm32 lite 2.3.0/armtools/bin/../lib/gcc/arm-atollic-eabi/4.5.1/../../../../arm-atollic-eabi/lib/thumb/thumb2\libc.a(lib_a-sscanf.o) (__seofread)
c:/program files (x86)/atollic/truestudio for stmicroelectronics stm32 lite 2.3.0/armtools/bin/../lib/gcc/arm-atollic-eabi/4.5.1/../../../../arm-atollic-eabi/lib/thumb/thumb2\libc.a(lib_a-strlen.o)
                              c:/program files (x86)/atollic/truestudio for stmicroelectronics stm32 lite 2.3.0/armtools/bin/../lib/gcc/arm-atollic-eabi/4.5.1/../../../../arm-atollic-eabi/lib/thumb/thumb2\libc.a(lib_a-sscanf.o) (strlen)
c:/program files (x86)/atollic/truestudio for stmicroelectronics stm32 lite 2.3.0/armtools/bin/../lib/gcc/arm-atollic-eabi/4.5.1/../../../../arm-atollic-eabi/lib/thumb/thumb2\libc.a(lib_a-svfprintf.o)
                              c:/program files (x86)/atollic/truestudio for stmicroelectronics stm32 lite 2.3.0/armtools/bin/../lib/gcc/arm-atollic-eabi/4.5.1/../../../../arm-atollic-eabi/lib/thumb/thumb2\libc.a(lib_a-sprintf.o) (_svfprintf_r)
c:/program files (x86)/atollic/truestudio for stmicroelectronics stm32 lite 2.3.0/armtools/bin/../lib/gcc/arm-atollic-eabi/4.5.1/../../../../arm-atollic-eabi/lib/thumb/thumb2\libc.a(lib_a-svfscanf.o)
                              c:/program files (x86)/atollic/truestudio for stmicroelectronics stm32 lite 2.3.0/armtools/bin/../lib/gcc/arm-atollic-eabi/4.5.1/../../../../arm-atollic-eabi/lib/thumb/thumb2\libc.a(lib_a-sscanf.o) (__ssvfscanf_r)
c:/program files (x86)/atollic/truestudio for stmicroelectronics stm32 lite 2.3.0/armtools/bin/../lib/gcc/arm-atollic-eabi/4.5.1/../../../../arm-atollic-eabi/lib/thumb/thumb2\libc.a(lib_a-writer.o)
                              c:/program files (x86)/atollic/truestudio for stmicroelectronics stm32 lite 2.3.0/armtools/bin/../lib/gcc/arm-atollic-eabi/4.5.1/../../../../arm-atollic-eabi/lib/thumb/thumb2\libc.a(lib_a-stdio.o) (_write_r)
c:/program files (x86)/atollic/truestudio for stmicroelectronics stm32 lite 2.3.0/armtools/bin/../lib/gcc/arm-atollic-eabi/4.5.1/../../../../arm-atollic-eabi/lib/thumb/thumb2\libc.a(lib_a-closer.o)
                              c:/program files (x86)/atollic/truestudio for stmicroelectronics stm32 lite 2.3.0/armtools/bin/../lib/gcc/arm-atollic-eabi/4.5.1/../../../../arm-atollic-eabi/lib/thumb/thumb2\libc.a(lib_a-stdio.o) (_close_r)
c:/program files (x86)/atollic/truestudio for stmicroelectronics stm32 lite 2.3.0/armtools/bin/../lib/gcc/arm-atollic-eabi/4.5.1/../../../../arm-atollic-eabi/lib/thumb/thumb2\libc.a(lib_a-ctype_.o)
                              c:/program files (x86)/atollic/truestudio for stmicroelectronics stm32 lite 2.3.0/armtools/bin/../lib/gcc/arm-atollic-eabi/4.5.1/../../../../arm-atollic-eabi/lib/thumb/thumb2\libc.a(lib_a-svfscanf.o) (__ctype_ptr__)
c:/program files (x86)/atollic/truestudio for stmicroelectronics stm32 lite 2.3.0/armtools/bin/../lib/gcc/arm-atollic-eabi/4.5.1/../../../../arm-atollic-eabi/lib/thumb/thumb2\libc.a(lib_a-dtoa.o)
                              c:/program files (x86)/atollic/truestudio for stmicroelectronics stm32 lite 2.3.0/armtools/bin/../lib/gcc/arm-atollic-eabi/4.5.1/../../../../arm-atollic-eabi/lib/thumb/thumb2\libc.a(lib_a-svfprintf.o) (_dtoa_r)
c:/program files (x86)/atollic/truestudio for stmicroelectronics stm32 lite 2.3.0/armtools/bin/../lib/gcc/arm-atollic-eabi/4.5.1/../../../../arm-atollic-eabi/lib/thumb/thumb2\libc.a(lib_a-findfp.o)
[...]
Memory Configuration

Name             Origin             Length             Attributes
FLASH            0x08000000         0x00020000         xr
RAM              0x20000000         0x00002000         xrw
MEMORY_B1        0x60000000         0x00000000         xr
*default*        0x00000000         0xffffffff

Linker script and memory map

LOAD c:/program files (x86)/atollic/truestudio for stmicroelectronics stm32 lite 2.3.0/armtools/bin/../lib/gcc/arm-atollic-eabi/4.5.1/thumb/thumb2/crti.o
LOAD c:/program files (x86)/atollic/truestudio for stmicroelectronics stm32 lite 2.3.0/armtools/bin/../lib/gcc/arm-atollic-eabi/4.5.1/thumb/thumb2/crtbegin.o
LOAD src\uart_functions.o
LOAD src\system_stm32f10x.o
LOAD src\stm32f10x_it.o
LOAD src\spi_functions.o
LOAD src\node_functions.o
LOAD src\main.o
LOAD src\i2c_functions.o
LOAD Utilities\STM32_EVAL\STM32_Discovery\STM32vldiscovery.o
LOAD Libraries\STM32F10x_StdPeriph_Driver\src\stm32f10x_wwdg.o
LOAD Libraries\STM32F10x_StdPeriph_Driver\src\stm32f10x_usart.o
LOAD Libraries\STM32F10x_StdPeriph_Driver\src\stm32f10x_tim.o
LOAD Libraries\STM32F10x_StdPeriph_Driver\src\stm32f10x_spi.o
LOAD Libraries\STM32F10x_StdPeriph_Driver\src\stm32f10x_sdio.o
LOAD Libraries\STM32F10x_StdPeriph_Driver\src\stm32f10x_rtc.o
LOAD Libraries\STM32F10x_StdPeriph_Driver\src\stm32f10x_rcc.o
LOAD Libraries\STM32F10x_StdPeriph_Driver\src\stm32f10x_pwr.o
LOAD Libraries\STM32F10x_StdPeriph_Driver\src\stm32f10x_iwdg.o
LOAD Libraries\STM32F10x_StdPeriph_Driver\src\stm32f10x_i2c.o
LOAD Libraries\STM32F10x_StdPeriph_Driver\src\stm32f10x_gpio.o
LOAD Libraries\STM32F10x_StdPeriph_Driver\src\stm32f10x_fsmc.o
LOAD Libraries\STM32F10x_StdPeriph_Driver\src\stm32f10x_flash.o
LOAD Libraries\STM32F10x_StdPeriph_Driver\src\stm32f10x_exti.o
LOAD Libraries\STM32F10x_StdPeriph_Driver\src\stm32f10x_dma.o
LOAD Libraries\STM32F10x_StdPeriph_Driver\src\stm32f10x_dbgmcu.o
LOAD Libraries\STM32F10x_StdPeriph_Driver\src\stm32f10x_dac.o
LOAD Libraries\STM32F10x_StdPeriph_Driver\src\stm32f10x_crc.o
LOAD Libraries\STM32F10x_StdPeriph_Driver\src\stm32f10x_cec.o
LOAD Libraries\STM32F10x_StdPeriph_Driver\src\stm32f10x_can.o
LOAD Libraries\STM32F10x_StdPeriph_Driver\src\stm32f10x_bkp.o
LOAD Libraries\STM32F10x_StdPeriph_Driver\src\stm32f10x_adc.o
LOAD Libraries\STM32F10x_StdPeriph_Driver\src\misc.o
LOAD Libraries\CMSIS\CM3\DeviceSupport\ST\STM32F10x\startup\TrueSTUDIO\startup_stm32f10x_md_vl.o
LOAD Libraries\CMSIS\CM3\CoreSupport\core_cm3.o
LOAD c:/program files (x86)/atollic/truestudio for stmicroelectronics stm32 lite 2.3.0/armtools/bin/../lib/gcc/arm-atollic-eabi/4.5.1/../../../../arm-atollic-eabi/lib/thumb/thumb2\libm.a
                0x00001000                malloc_getpagesize_P = 0x1000
START GROUP
LOAD c:/program files (x86)/atollic/truestudio for stmicroelectronics stm32 lite 2.3.0/armtools/bin/../lib/gcc/arm-atollic-eabi/4.5.1/thumb/thumb2\libgcc.a
LOAD c:/program files (x86)/atollic/truestudio for stmicroelectronics stm32 lite 2.3.0/armtools/bin/../lib/gcc/arm-atollic-eabi/4.5.1/../../../../arm-atollic-eabi/lib/thumb/thumb2\libc.a
END GROUP
LOAD c:/program files (x86)/atollic/truestudio for stmicroelectronics stm32 lite 2.3.0/armtools/bin/../lib/gcc/arm-atollic-eabi/4.5.1/thumb/thumb2/crtend.o
LOAD c:/program files (x86)/atollic/truestudio for stmicroelectronics stm32 lite 2.3.0/armtools/bin/../lib/gcc/arm-atollic-eabi/4.5.1/thumb/thumb2/crtn.o
                0x20002000                _estack = 0x20002000
                0x00000000                _Min_Heap_Size = 0x0
                0x00000080                _Min_Stack_Size = 0x80

.isr_vector     0x08000000      0x1d0
                0x08000000                . = ALIGN (0x4)
 *(.isr_vector)
 .isr_vector    0x08000000      0x1d0 Libraries\CMSIS\CM3\DeviceSupport\ST\STM32F10x\startup\TrueSTUDIO\startup_stm32f10x_md_vl.o
                0x08000000                g_pfnVectors
                0x080001d0                . = ALIGN (0x4)

.text           0x080001d0     0xba14
                0x080001d0                . = ALIGN (0x4)
 *(.text)
 .text          0x080001d0       0x30 c:/program files (x86)/atollic/truestudio for stmicroelectronics stm32 lite 2.3.0/armtools/bin/../lib/gcc/arm-atollic-eabi/4.5.1/thumb/thumb2/crtbegin.o
 .text          0x08000200      0x278 c:/program files (x86)/atollic/truestudio for stmicroelectronics stm32 lite 2.3.0/armtools/bin/../lib/gcc/arm-atollic-eabi/4.5.1/thumb/thumb2\libgcc.a(_udivsi3.o)
                0x08000200                __aeabi_uidiv
                0x08000200                __udivsi3
                0x0800045c                __aeabi_uidivmod
 .text          0x08000478      0x2b0 c:/program files (x86)/atollic/truestudio for stmicroelectronics stm32 lite 2.3.0/armtools/bin/../lib/gcc/arm-atollic-eabi/4.5.1/thumb/thumb2\libgcc.a(_divsi3.o)
                0x08000478                __divsi3
                0x08000478                __aeabi_idiv
                0x0800070c                __aeabi_idivmod
 .text          0x08000728        0x4 c:/program files (x86)/atollic/truestudio for stmicroelectronics stm32 lite 2.3.0/armtools/bin/../lib/gcc/arm-atollic-eabi/4.5.1/thumb/thumb2\libgcc.a(_dvmd_tls.o)
                0x08000728                __aeabi_idiv0
                0x08000728                __aeabi_ldiv0
 .text          0x0800072c      0x370 c:/program files (x86)/atollic/truestudio for stmicroelectronics stm32 lite 2.3.0/armtools/bin/../lib/gcc/arm-atollic-eabi/4.5.1/thumb/thumb2\libgcc.a(_arm_addsubdf3.o)
                0x0800072c                __aeabi_drsub
                0x08000734                __aeabi_dsub
                0x08000734                __subdf3
                0x08000738                __aeabi_dadd
                0x08000738                __adddf3
                0x080009b0                __floatunsidf
                0x080009b0                __aeabi_ui2d
                0x080009d0                __floatsidf
                0x080009d0                __aeabi_i2d
                0x080009f4                __aeabi_f2d
                0x080009f4                __extendsfdf2
                0x08000a30                __floatundidf
                0x08000a30                __aeabi_ul2d
                0x08000a40                __floatdidf
                0x08000a40                __aeabi_l2d
 .text          0x08000a9c      0x424 c:/program files (x86)/atollic/truestudio for stmicroelectronics stm32 lite 2.3.0/armtools/bin/../lib/gcc/arm-atollic-eabi/4.5.1/thumb/thumb2\libgcc.a(_arm_muldivdf3.o)
                0x08000a9c                __aeabi_dmul
                0x08000a9c                __muldf3
                0x08000cf0                __divdf3
                0x08000cf0                __aeabi_ddiv
 .text          0x08000ec0      0x110 c:/program files (x86)/atollic/truestudio for stmicroelectronics stm32 lite 2.3.0/armtools/bin/../lib/gcc/arm-atollic-eabi/4.5.1/thumb/thumb2\libgcc.a(_arm_cmpdf2.o)
                0x08000ec0                __gtdf2
                0x08000ec0                __gedf2
                0x08000ec8                __ltdf2
                0x08000ec8                __ledf2
                0x08000ed0                __nedf2
                0x08000ed0                __eqdf2
                0x08000ed0                __cmpdf2
                0x08000f4c                __aeabi_cdrcmple
                0x08000f5c                __aeabi_cdcmpeq
                0x08000f5c                __aeabi_cdcmple
                0x08000f6c                __aeabi_dcmpeq
                0x08000f80                __aeabi_dcmplt
                0x08000f94                __aeabi_dcmple
                0x08000fa8                __aeabi_dcmpge
                0x08000fbc                __aeabi_dcmpgt
 .text          0x08000fd0       0x50 c:/program files (x86)/atollic/truestudio for stmicroelectronics stm32 lite 2.3.0/armtools/bin/../lib/gcc/arm-atollic-eabi/4.5.1/thumb/thumb2\libgcc.a(_arm_fixdfsi.o)
                0x08000fd0                __aeabi_d2iz
                0x08000fd0                __fixdfsi
 .text          0x08001020       0x40 c:/program files (x86)/atollic/truestudio for stmicroelectronics stm32 lite 2.3.0/armtools/bin/../lib/gcc/arm-atollic-eabi/4.5.1/thumb/thumb2\libgcc.a(_arm_fixunsdfsi.o)
                0x08001020                __aeabi_d2uiz
                0x08001020                __fixunsdfsi
 .text          0x08001060       0xa0 c:/program files (x86)/atollic/truestudio for stmicroelectronics stm32 lite 2.3.0/armtools/bin/../lib/gcc/arm-atollic-eabi/4.5.1/thumb/thumb2\libgcc.a(_arm_truncdfsf2.o)
                0x08001060                __truncdfsf2
                0x08001060                __aeabi_d2f
 .text          0x08001100       0x2c c:/program files (x86)/atollic/truestudio for stmicroelectronics stm32 lite 2.3.0/armtools/bin/../lib/gcc/arm-atollic-eabi/4.5.1/thumb/thumb2\libgcc.a(_aeabi_uldivmod.o)
                0x08001100                __aeabi_uldivmod
 .text          0x0800112c       0x60 c:/program files (x86)/atollic/truestudio for stmicroelectronics stm32 lite 2.3.0/armtools/bin/../lib/gcc/arm-atollic-eabi/4.5.1/thumb/thumb2\libgcc.a(bpabi.o)
                0x0800112c                __gnu_ldivmod_helper
                0x0800115c                __gnu_uldivmod_helper
 .text          0x0800118c      0x364 c:/program files (x86)/atollic/truestudio for stmicroelectronics stm32 lite 2.3.0/armtools/bin/../lib/gcc/arm-atollic-eabi/4.5.1/thumb/thumb2\libgcc.a(_divdi3.o)
                0x0800118c                __divdi3
 .text          0x080014f0      0x314 c:/program files (x86)/atollic/truestudio for stmicroelectronics stm32 lite 2.3.0/armtools/bin/../lib/gcc/arm-atollic-eabi/4.5.1/thumb/thumb2\libgcc.a(_udivdi3.o)
                0x080014f0                __udivdi3
 *(.text*)
 .text.__enable_irq
                0x08001804        0xc src\uart_functions.o
 .text.__disable_irq
                0x08001810        0xc src\uart_functions.o
 .text.uart_config
                0x0800181c       0xe4 src\uart_functions.o
                0x0800181c                uart_config
 .text.send_uart
                0x08001900       0x6c src\uart_functions.o
                0x08001900                send_uart
 .text.receive_uart
                0x0800196c      0x510 src\uart_functions.o
                0x0800196c                receive_uart
 .text.SystemInit
                0x08001e7c       0xc0 src\system_stm32f10x.o
                0x08001e7c                SystemInit
 .text.SetSysClock
                0x08001f3c        0xc src\system_stm32f10x.o
 .text.SetSysClockTo24
                0x08001f48      0x15c src\system_stm32f10x.o
 .text.clock_init
                0x080020a4       0x5c src\system_stm32f10x.o
                0x080020a4                clock_init
 .text.NMI_Handler
                0x08002100        0xc src\stm32f10x_it.o
                0x08002100                NMI_Handler
 .text.HardFault_Handler
                0x0800210c        0x8 src\stm32f10x_it.o
                0x0800210c                HardFault_Handler
 .text.MemManage_Handler
                0x08002114        0x8 src\stm32f10x_it.o
                0x08002114                MemManage_Handler
 .text.BusFault_Handler
                0x0800211c        0x8 src\stm32f10x_it.o
                0x0800211c                BusFault_Handler
 .text.UsageFault_Handler
                0x08002124        0x8 src\stm32f10x_it.o
                0x08002124                UsageFault_Handler
 .text.SVC_Handler
                0x0800212c        0xc src\stm32f10x_it.o
                0x0800212c                SVC_Handler
 .text.DebugMon_Handler
                0x08002138        0xc src\stm32f10x_it.o
                0x08002138                DebugMon_Handler
 .text.PendSV_Handler
                0x08002144        0xc src\stm32f10x_it.o
                0x08002144                PendSV_Handler
 .text.SysTick_Handler
                0x08002150       0x30 src\stm32f10x_it.o
                0x08002150                SysTick_Handler
 .text.USART2_IRQHandler
                0x08002180       0x14 src\stm32f10x_it.o
                0x08002180                USART2_IRQHandler
 .text.EXTI15_10_IRQHandler
                0x08002194      0x268 src\stm32f10x_it.o
                0x08002194                EXTI15_10_IRQHandler
 .text.I2C1_EV_IRQHandler
                0x080023fc      0x580 src\stm32f10x_it.o
                0x080023fc                I2C1_EV_IRQHandler
 .text.TIM3_IRQHandler
                0x0800297c      0x118 src\stm32f10x_it.o
                0x0800297c                TIM3_IRQHandler
 .text.I2C1_ER_IRQHandler
                0x08002a94       0xd4 src\stm32f10x_it.o
                0x08002a94                I2C1_ER_IRQHandler
 .text.spi_config
                0x08002b68       0xcc src\spi_functions.o
                0x08002b68                spi_config
 .text.read_spi
                0x08002c34      0x2b4 src\spi_functions.o
                0x08002c34                read_spi
 .text.set_leds
                0x08002ee8      0x1b4 src\node_functions.o
                0x08002ee8                set_leds
 .text.set_type
                0x0800309c       0x60 src\node_functions.o
                0x0800309c                set_type
 .text.topo_config
                0x080030fc      0x134 src\node_functions.o
                0x080030fc                topo_config
 .text.send_topo
                0x08003230       0x34 src\node_functions.o
                0x08003230                send_topo
 .text.led_config
                0x08003264      0x160 src\node_functions.o
                0x08003264                led_config
 .text.waiter_config
                0x080033c4       0x58 src\node_functions.o
                0x080033c4                waiter_config
 .text.wait     0x0800341c       0x74 src\node_functions.o
                0x0800341c                wait
 .text.Delay    0x08003490       0x30 src\node_functions.o
                0x08003490                Delay
 .text.is_splitter
                0x080034c0       0x2c src\node_functions.o
                0x080034c0                is_splitter
 .text.is_joint
                0x080034ec       0x2c src\node_functions.o
                0x080034ec                is_joint
 .text.NVIC_SetPriority
                0x08003518       0x5c src\main.o
 .text.SysTick_Config
                0x08003574       0x64 src\main.o
 .text.main     0x080035d8      0x3b8 src\main.o
                0x080035d8                main
 .text.NVIC_EnableIRQ
                0x08003990       0x38 src\i2c_functions.o
 .text.NVIC_SetPriority
                0x080039c8       0x5c src\i2c_functions.o
 .text.i2c_config
                0x08003a24      0x170 src\i2c_functions.o
                0x08003a24                i2c_config
 .text.send_i2c
                0x08003b94      0x24c src\i2c_functions.o
                0x08003b94                send_i2c
 .text.USART_Init
                0x08003de0      0x1c0 Libraries\STM32F10x_StdPeriph_Driver\src\stm32f10x_usart.o
                0x08003de0                USART_Init
 .text.USART_Cmd
                0x08003fa0       0x40 Libraries\STM32F10x_StdPeriph_Driver\src\stm32f10x_usart.o
                0x08003fa0                USART_Cmd
 .text.USART_ITConfig
                0x08003fe0       0xa8 Libraries\STM32F10x_StdPeriph_Driver\src\stm32f10x_usart.o
                0x08003fe0                USART_ITConfig
 .text.USART_SendData
                0x08004088       0x28 Libraries\STM32F10x_StdPeriph_Driver\src\stm32f10x_usart.o
                0x08004088                USART_SendData
 .text.USART_ReceiveData
                0x080040b0       0x24 Libraries\STM32F10x_StdPeriph_Driver\src\stm32f10x_usart.o
                0x080040b0                USART_ReceiveData
 .text.USART_GetFlagStatus
                0x080040d4       0x40 Libraries\STM32F10x_StdPeriph_Driver\src\stm32f10x_usart.o
                0x080040d4                USART_GetFlagStatus
 .text.USART_GetITStatus
                0x08004114       0xcc Libraries\STM32F10x_StdPeriph_Driver\src\stm32f10x_usart.o
                0x08004114                USART_GetITStatus
 .text.TIM_TimeBaseInit
                0x080041e0      0x120 Libraries\STM32F10x_StdPeriph_Driver\src\stm32f10x_tim.o
                0x080041e0                TIM_TimeBaseInit
 .text.TIM_OC3Init
                0x08004300      0x130 Libraries\STM32F10x_StdPeriph_Driver\src\stm32f10x_tim.o
                0x08004300                TIM_OC3Init
 .text.TIM_OC4Init
                0x08004430       0xe8 Libraries\STM32F10x_StdPeriph_Driver\src\stm32f10x_tim.o
                0x08004430                TIM_OC4Init
 .text.TIM_Cmd  0x08004518       0x40 Libraries\STM32F10x_StdPeriph_Driver\src\stm32f10x_tim.o
                0x08004518                TIM_Cmd
 .text.TIM_ITConfig
                0x08004558       0x4c Libraries\STM32F10x_StdPeriph_Driver\src\stm32f10x_tim.o
                0x08004558                TIM_ITConfig
 .text.TIM_OC3PreloadConfig
                0x080045a4       0x3c Libraries\STM32F10x_StdPeriph_Driver\src\stm32f10x_tim.o
                0x080045a4                TIM_OC3PreloadConfig
 .text.TIM_OC4PreloadConfig
                0x080045e0       0x40 Libraries\STM32F10x_StdPeriph_Driver\src\stm32f10x_tim.o
                0x080045e0                TIM_OC4PreloadConfig
 .text.TIM_SetCompare3
                0x08004620       0x1c Libraries\STM32F10x_StdPeriph_Driver\src\stm32f10x_tim.o
                0x08004620                TIM_SetCompare3
 .text.TIM_SetCompare4
                0x0800463c       0x20 Libraries\STM32F10x_StdPeriph_Driver\src\stm32f10x_tim.o
                0x0800463c                TIM_SetCompare4
 .text.TIM_GetCapture3
                0x0800465c       0x1c Libraries\STM32F10x_StdPeriph_Driver\src\stm32f10x_tim.o
                0x0800465c                TIM_GetCapture3
 .text.TIM_GetCapture4
                0x08004678       0x1c Libraries\STM32F10x_StdPeriph_Driver\src\stm32f10x_tim.o
                0x08004678                TIM_GetCapture4
 .text.TIM_GetCounter
                0x08004694       0x1c Libraries\STM32F10x_StdPeriph_Driver\src\stm32f10x_tim.o
                0x08004694                TIM_GetCounter
 .text.TIM_GetITStatus
                0x080046b0       0x64 Libraries\STM32F10x_StdPeriph_Driver\src\stm32f10x_tim.o
                0x080046b0                TIM_GetITStatus
 .text.TIM_ClearITPendingBit
                0x08004714       0x24 Libraries\STM32F10x_StdPeriph_Driver\src\stm32f10x_tim.o
                0x08004714                TIM_ClearITPendingBit
 .text.SPI_Init
                0x08004738       0x98 Libraries\STM32F10x_StdPeriph_Driver\src\stm32f10x_spi.o
                0x08004738                SPI_Init
 .text.SPI_Cmd  0x080047d0       0x40 Libraries\STM32F10x_StdPeriph_Driver\src\stm32f10x_spi.o
                0x080047d0                SPI_Cmd
 .text.SPI_I2S_SendData
                0x08004810       0x1c Libraries\STM32F10x_StdPeriph_Driver\src\stm32f10x_spi.o
                0x08004810                SPI_I2S_SendData
 .text.SPI_I2S_ReceiveData
                0x0800482c       0x1c Libraries\STM32F10x_StdPeriph_Driver\src\stm32f10x_spi.o
                0x0800482c                SPI_I2S_ReceiveData
 .text.SPI_BiDirectionalLineConfig
                0x08004848       0x40 Libraries\STM32F10x_StdPeriph_Driver\src\stm32f10x_spi.o
                0x08004848                SPI_BiDirectionalLineConfig
 .text.SPI_I2S_GetFlagStatus
                0x08004888       0x40 Libraries\STM32F10x_StdPeriph_Driver\src\stm32f10x_spi.o
                0x08004888                SPI_I2S_GetFlagStatus
 .text.RCC_PLLConfig
                0x080048c8       0x4c Libraries\STM32F10x_StdPeriph_Driver\src\stm32f10x_rcc.o
                0x080048c8                RCC_PLLConfig
 .text.RCC_PLLCmd
                0x08004914       0x20 Libraries\STM32F10x_StdPeriph_Driver\src\stm32f10x_rcc.o
                0x08004914                RCC_PLLCmd
 .text.RCC_SYSCLKConfig
                0x08004934       0x44 Libraries\STM32F10x_StdPeriph_Driver\src\stm32f10x_rcc.o
                0x08004934                RCC_SYSCLKConfig
 .text.RCC_HCLKConfig
                0x08004978       0x44 Libraries\STM32F10x_StdPeriph_Driver\src\stm32f10x_rcc.o
                0x08004978                RCC_HCLKConfig
 .text.RCC_PCLK1Config
                0x080049bc       0x44 Libraries\STM32F10x_StdPeriph_Driver\src\stm32f10x_rcc.o
                0x080049bc                RCC_PCLK1Config
 .text.RCC_PCLK2Config
                0x08004a00       0x48 Libraries\STM32F10x_StdPeriph_Driver\src\stm32f10x_rcc.o
                0x08004a00                RCC_PCLK2Config
 .text.RCC_ADCCLKConfig
                0x08004a48       0x44 Libraries\STM32F10x_StdPeriph_Driver\src\stm32f10x_rcc.o
                0x08004a48                RCC_ADCCLKConfig
 .text.RCC_GetClocksFreq
                0x08004a8c      0x1cc Libraries\STM32F10x_StdPeriph_Driver\src\stm32f10x_rcc.o
                0x08004a8c                RCC_GetClocksFreq
 .text.RCC_APB2PeriphClockCmd
                0x08004c58       0x5c Libraries\STM32F10x_StdPeriph_Driver\src\stm32f10x_rcc.o
                0x08004c58                RCC_APB2PeriphClockCmd
 .text.RCC_APB1PeriphClockCmd
                0x08004cb4       0x5c Libraries\STM32F10x_StdPeriph_Driver\src\stm32f10x_rcc.o
                0x08004cb4                RCC_APB1PeriphClockCmd
 .text.RCC_APB1PeriphResetCmd
                0x08004d10       0x5c Libraries\STM32F10x_StdPeriph_Driver\src\stm32f10x_rcc.o
                0x08004d10                RCC_APB1PeriphResetCmd
 .text.RCC_GetFlagStatus
                0x08004d6c       0x90 Libraries\STM32F10x_StdPeriph_Driver\src\stm32f10x_rcc.o
                0x08004d6c                RCC_GetFlagStatus
 .text.I2C_DeInit
                0x08004dfc       0x50 Libraries\STM32F10x_StdPeriph_Driver\src\stm32f10x_i2c.o
                0x08004dfc                I2C_DeInit
 .text.I2C_Init
                0x08004e4c      0x1b8 Libraries\STM32F10x_StdPeriph_Driver\src\stm32f10x_i2c.o
                0x08004e4c                I2C_Init
 .text.I2C_Cmd  0x08005004       0x40 Libraries\STM32F10x_StdPeriph_Driver\src\stm32f10x_i2c.o
                0x08005004                I2C_Cmd
 .text.I2C_GenerateSTART
                0x08005044       0x40 Libraries\STM32F10x_StdPeriph_Driver\src\stm32f10x_i2c.o
                0x08005044                I2C_GenerateSTART
 .text.I2C_GenerateSTOP
                0x08005084       0x40 Libraries\STM32F10x_StdPeriph_Driver\src\stm32f10x_i2c.o
                0x08005084                I2C_GenerateSTOP
 .text.I2C_GeneralCallCmd
                0x080050c4       0x40 Libraries\STM32F10x_StdPeriph_Driver\src\stm32f10x_i2c.o
                0x080050c4                I2C_GeneralCallCmd
 .text.I2C_ITConfig
                0x08005104       0x4c Libraries\STM32F10x_StdPeriph_Driver\src\stm32f10x_i2c.o
                0x08005104                I2C_ITConfig
 .text.I2C_SendData
                0x08005150       0x20 Libraries\STM32F10x_StdPeriph_Driver\src\stm32f10x_i2c.o
                0x08005150                I2C_SendData
 .text.I2C_ReceiveData
                0x08005170       0x1c Libraries\STM32F10x_StdPeriph_Driver\src\stm32f10x_i2c.o
                0x08005170                I2C_ReceiveData
 .text.I2C_Send7bitAddress
                0x0800518c       0x3c Libraries\STM32F10x_StdPeriph_Driver\src\stm32f10x_i2c.o
                0x0800518c                I2C_Send7bitAddress
 .text.I2C_CheckEvent
                0x080051c8       0x70 Libraries\STM32F10x_StdPeriph_Driver\src\stm32f10x_i2c.o
                0x080051c8                I2C_CheckEvent
 .text.I2C_GetFlagStatus
                0x08005238       0x7c Libraries\STM32F10x_StdPeriph_Driver\src\stm32f10x_i2c.o
                0x08005238                I2C_GetFlagStatus
 .text.I2C_GetITStatus
                0x080052b4       0x68 Libraries\STM32F10x_StdPeriph_Driver\src\stm32f10x_i2c.o
                0x080052b4                I2C_GetITStatus
 .text.GPIO_Init
                0x0800531c      0x1c0 Libraries\STM32F10x_StdPeriph_Driver\src\stm32f10x_gpio.o
                0x0800531c                GPIO_Init
 .text.GPIO_SetBits
                0x080054dc       0x1c Libraries\STM32F10x_StdPeriph_Driver\src\stm32f10x_gpio.o
                0x080054dc                GPIO_SetBits
 .text.GPIO_ResetBits
                0x080054f8       0x1c Libraries\STM32F10x_StdPeriph_Driver\src\stm32f10x_gpio.o
                0x080054f8                GPIO_ResetBits
 .text.GPIO_PinRemapConfig
                0x08005514      0x124 Libraries\STM32F10x_StdPeriph_Driver\src\stm32f10x_gpio.o
                0x08005514                GPIO_PinRemapConfig
 .text.GPIO_EXTILineConfig
                0x08005638       0xb4 Libraries\STM32F10x_StdPeriph_Driver\src\stm32f10x_gpio.o
                0x08005638                GPIO_EXTILineConfig
 .text.FLASH_SetLatency
                0x080056ec       0x44 Libraries\STM32F10x_StdPeriph_Driver\src\stm32f10x_flash.o
                0x080056ec                FLASH_SetLatency
 .text.FLASH_Unlock
                0x08005730       0x30 Libraries\STM32F10x_StdPeriph_Driver\src\stm32f10x_flash.o
                0x08005730                FLASH_Unlock
 .text.FLASH_Lock
                0x08005760       0x24 Libraries\STM32F10x_StdPeriph_Driver\src\stm32f10x_flash.o
                0x08005760                FLASH_Lock
 .text.FLASH_EraseOptionBytes
                0x08005784      0x140 Libraries\STM32F10x_StdPeriph_Driver\src\stm32f10x_flash.o
                0x08005784                FLASH_EraseOptionBytes
 .text.FLASH_ProgramOptionByteData
                0x080058c4       0xa4 Libraries\STM32F10x_StdPeriph_Driver\src\stm32f10x_flash.o
                0x080058c4                FLASH_ProgramOptionByteData
 .text.FLASH_UserOptionByteConfig
                0x08005968       0xc4 Libraries\STM32F10x_StdPeriph_Driver\src\stm32f10x_flash.o
                0x08005968                FLASH_UserOptionByteConfig
 .text.FLASH_GetUserOptionByte
                0x08005a2c       0x1c Libraries\STM32F10x_StdPeriph_Driver\src\stm32f10x_flash.o
                0x08005a2c                FLASH_GetUserOptionByte
 .text.FLASH_GetWriteProtectionOptionByte
                0x08005a48       0x18 Libraries\STM32F10x_StdPeriph_Driver\src\stm32f10x_flash.o
                0x08005a48                FLASH_GetWriteProtectionOptionByte
 .text.FLASH_GetReadOutProtectionStatus
                0x08005a60       0x3c Libraries\STM32F10x_StdPeriph_Driver\src\stm32f10x_flash.o
                0x08005a60                FLASH_GetReadOutProtectionStatus
 .text.FLASH_GetBank1Status
                0x08005a9c       0x70 Libraries\STM32F10x_StdPeriph_Driver\src\stm32f10x_flash.o
                0x08005a9c                FLASH_GetBank1Status
 .text.FLASH_WaitForLastOperation
                0x08005b0c       0x4c Libraries\STM32F10x_StdPeriph_Driver\src\stm32f10x_flash.o
                0x08005b0c                FLASH_WaitForLastOperation
 .text.EXTI_Init
                0x08005b58      0x158 Libraries\STM32F10x_StdPeriph_Driver\src\stm32f10x_exti.o
                0x08005b58                EXTI_Init
 .text.EXTI_ClearITPendingBit
                0x08005cb0       0x20 Libraries\STM32F10x_StdPeriph_Driver\src\stm32f10x_exti.o
                0x08005cb0                EXTI_ClearITPendingBit
 .text.NVIC_PriorityGroupConfig
                0x08005cd0       0x28 Libraries\STM32F10x_StdPeriph_Driver\src\misc.o
                0x08005cd0                NVIC_PriorityGroupConfig
 .text.NVIC_Init
                0x08005cf8       0xec Libraries\STM32F10x_StdPeriph_Driver\src\misc.o
                0x08005cf8                NVIC_Init
 .text.Reset_Handler
                0x08005de4       0x48 Libraries\CMSIS\CM3\DeviceSupport\ST\STM32F10x\startup\TrueSTUDIO\startup_stm32f10x_md_vl.o
                0x08005de4                Reset_Handler
 .text.Default_Handler
                0x08005e2c        0x2 Libraries\CMSIS\CM3\DeviceSupport\ST\STM32F10x\startup\TrueSTUDIO\startup_stm32f10x_md_vl.o
                0x08005e2c                EXTI2_IRQHandler
                0x08005e2c                TIM1_CC_IRQHandler
                0x08005e2c                PVD_IRQHandler
                0x08005e2c                EXTI3_IRQHandler
                0x08005e2c                EXTI0_IRQHandler
                0x08005e2c                I2C2_EV_IRQHandler
                0x08005e2c                TIM1_UP_TIM16_IRQHandler
                0x08005e2c                SPI1_IRQHandler
                0x08005e2c                TAMPER_IRQHandler
                0x08005e2c                TIM6_DAC_IRQHandler
                0x08005e2c                DMA1_Channel4_IRQHandler
                0x08005e2c                ADC1_IRQHandler
                0x08005e2c                USART3_IRQHandler
                0x08005e2c                RTC_IRQHandler
                0x08005e2c                DMA1_Channel7_IRQHandler
                0x08005e2c                TIM4_IRQHandler
                0x08005e2c                DMA1_Channel6_IRQHandler
                0x08005e2c                RCC_IRQHandler
                0x08005e2c                DMA1_Channel1_IRQHandler
                0x08005e2c                Default_Handler
                0x08005e2c                CEC_IRQHandler
                0x08005e2c                TIM7_IRQHandler
                0x08005e2c                EXTI9_5_IRQHandler
                0x08005e2c                SPI2_IRQHandler
                0x08005e2c                DMA1_Channel5_IRQHandler
                0x08005e2c                EXTI4_IRQHandler
                0x08005e2c                TIM1_TRG_COM_TIM17_IRQHandler
                0x08005e2c                DMA1_Channel3_IRQHandler
                0x08005e2c                WWDG_IRQHandler
                0x08005e2c                TIM2_IRQHandler
                0x08005e2c                EXTI1_IRQHandler
                0x08005e2c                RTCAlarm_IRQHandler
                0x08005e2c                I2C2_ER_IRQHandler
                0x08005e2c                DMA1_Channel2_IRQHandler
                0x08005e2c                FLASH_IRQHandler
                0x08005e2c                USART1_IRQHandler
                0x08005e2c                TIM1_BRK_TIM15_IRQHandler
 *fill*         0x08005e2e        0x2 00
 .text.__libc_init_array
                0x08005e30       0x48 c:/program files (x86)/atollic/truestudio for stmicroelectronics stm32 lite 2.3.0/armtools/bin/../lib/gcc/arm-atollic-eabi/4.5.1/../../../../arm-atollic-eabi/lib/thumb/thumb2\libc.a(lib_a-init.o)
                0x08005e30                __libc_init_array
 .text.memcpy   0x08005e78       0x16 c:/program files (x86)/atollic/truestudio for stmicroelectronics stm32 lite 2.3.0/armtools/bin/../lib/gcc/arm-atollic-eabi/4.5.1/../../../../arm-atollic-eabi/lib/thumb/thumb2\libc.a(lib_a-memcpy.o)
                0x08005e78                memcpy
 *fill*         0x08005e8e        0x2 00
 .text.sprintf  0x08005e90       0x48 c:/program files (x86)/atollic/truestudio for stmicroelectronics stm32 lite 2.3.0/armtools/bin/../lib/gcc/arm-atollic-eabi/4.5.1/../../../../arm-atollic-eabi/lib/thumb/thumb2\libc.a(lib_a-sprintf.o)
                0x08005e90                sprintf
 .text.sscanf   0x08005ed8       0x54 c:/program files (x86)/atollic/truestudio for stmicroelectronics stm32 lite 2.3.0/armtools/bin/../lib/gcc/arm-atollic-eabi/4.5.1/../../../../arm-atollic-eabi/lib/thumb/thumb2\libc.a(lib_a-sscanf.o)
                0x08005ed8                sscanf
 .text.__seofread
                0x08005f2c        0x4 c:/program files (x86)/atollic/truestudio for stmicroelectronics stm32 lite 2.3.0/armtools/bin/../lib/gcc/arm-atollic-eabi/4.5.1/../../../../arm-atollic-eabi/lib/thumb/thumb2\libc.a(lib_a-stdio.o)
                0x08005f2c                __seofread
 .text.strlen   0x08005f30       0x10 c:/program files (x86)/atollic/truestudio for stmicroelectronics stm32 lite 2.3.0/armtools/bin/../lib/gcc/arm-atollic-eabi/4.5.1/../../../../arm-atollic-eabi/lib/thumb/thumb2\libc.a(lib_a-strlen.o)
                0x08005f30                strlen
 .text._svfprintf_r
                0x08005f40     0x10f8 c:/program files (x86)/atollic/truestudio for stmicroelectronics stm32 lite 2.3.0/armtools/bin/../lib/gcc/arm-atollic-eabi/4.5.1/../../../../arm-atollic-eabi/lib/thumb/thumb2\libc.a(lib_a-svfprintf.o)
                0x08005f40                _svfprintf_r
 .text.__ssvfscanf_r
                0x08007038      0xbd8 c:/program files (x86)/atollic/truestudio for stmicroelectronics stm32 lite 2.3.0/armtools/bin/../lib/gcc/arm-atollic-eabi/4.5.1/../../../../arm-atollic-eabi/lib/thumb/thumb2\libc.a(lib_a-svfscanf.o)
                0x08007038                __ssvfscanf_r
 .text.quorem   0x08007c10      0x124 c:/program files (x86)/atollic/truestudio for stmicroelectronics stm32 lite 2.3.0/armtools/bin/../lib/gcc/arm-atollic-eabi/4.5.1/../../../../arm-atollic-eabi/lib/thumb/thumb2\libc.a(lib_a-dtoa.o)
 *fill*         0x08007d34        0x4 00
 .text._dtoa_r  0x08007d38      0xc08 c:/program files (x86)/atollic/truestudio for stmicroelectronics stm32 lite 2.3.0/armtools/bin/../lib/gcc/arm-atollic-eabi/4.5.1/../../../../arm-atollic-eabi/lib/thumb/thumb2\libc.a(lib_a-dtoa.o)
                0x08007d38                _dtoa_r
 .text.__sfp_lock_acquire
                0x08008940        0x2 c:/program files (x86)/atollic/truestudio for stmicroelectronics stm32 lite 2.3.0/armtools/bin/../lib/gcc/arm-atollic-eabi/4.5.1/../../../../arm-atollic-eabi/lib/thumb/thumb2\libc.a(lib_a-findfp.o)
                0x08008940                __sfp_lock_acquire
 .text.__sfp_lock_release
                0x08008942        0x2 c:/program files (x86)/atollic/truestudio for stmicroelectronics stm32 lite 2.3.0/armtools/bin/../lib/gcc/arm-atollic-eabi/4.5.1/../../../../arm-atollic-eabi/lib/thumb/thumb2\libc.a(lib_a-findfp.o)
                0x08008942                __sfp_lock_release
 .text.iswspace
                0x08008944       0x1c c:/program files (x86)/atollic/truestudio for stmicroelectronics stm32 lite 2.3.0/armtools/bin/../lib/gcc/arm-atollic-eabi/4.5.1/../../../../arm-atollic-eabi/lib/thumb/thumb2\libc.a(lib_a-iswspace.o)
                0x08008944                iswspace
 .text.__locale_charset
                0x08008960        0x8 c:/program files (x86)/atollic/truestudio for stmicroelectronics stm32 lite 2.3.0/armtools/bin/../lib/gcc/arm-atollic-eabi/4.5.1/../../../../arm-atollic-eabi/lib/thumb/thumb2\libc.a(lib_a-locale.o)
                0x08008960                __locale_charset
 .text.__locale_mb_cur_max
                0x08008968        0xc c:/program files (x86)/atollic/truestudio for stmicroelectronics stm32 lite 2.3.0/armtools/bin/../lib/gcc/arm-atollic-eabi/4.5.1/../../../../arm-atollic-eabi/lib/thumb/thumb2\libc.a(lib_a-locale.o)
                0x08008968                __locale_mb_cur_max
 .text._localeconv_r
                0x08008974        0x8 c:/program files (x86)/atollic/truestudio for stmicroelectronics stm32 lite 2.3.0/armtools/bin/../lib/gcc/arm-atollic-eabi/4.5.1/../../../../arm-atollic-eabi/lib/thumb/thumb2\libc.a(lib_a-locale.o)
                0x08008974                _localeconv_r
 .text.malloc   0x0800897c       0x10 c:/program files (x86)/atollic/truestudio for stmicroelectronics stm32 lite 2.3.0/armtools/bin/../lib/gcc/arm-atollic-eabi/4.5.1/../../../../arm-atollic-eabi/lib/thumb/thumb2\libc.a(lib_a-malloc.o)
                0x0800897c                malloc
 .text._malloc_r
                0x0800898c      0x408 c:/program files (x86)/atollic/truestudio for stmicroelectronics stm32 lite 2.3.0/armtools/bin/../lib/gcc/arm-atollic-eabi/4.5.1/../../../../arm-atollic-eabi/lib/thumb/thumb2\libc.a(lib_a-mallocr.o)
                0x0800898c                _malloc_r
 .text._mbrtowc_r
                0x08008d94       0x54 c:/program files (x86)/atollic/truestudio for stmicroelectronics stm32 lite 2.3.0/armtools/bin/../lib/gcc/arm-atollic-eabi/4.5.1/../../../../arm-atollic-eabi/lib/thumb/thumb2\libc.a(lib_a-mbrtowc.o)
                0x08008d94                _mbrtowc_r
 .text.__ascii_mbtowc
                0x08008de8       0x24 c:/program files (x86)/atollic/truestudio for stmicroelectronics stm32 lite 2.3.0/armtools/bin/../lib/gcc/arm-atollic-eabi/4.5.1/../../../../arm-atollic-eabi/lib/thumb/thumb2\libc.a(lib_a-mbtowc_r.o)
                0x08008de8                __ascii_mbtowc
 .text.memchr   0x08008e0c       0x1e c:/program files (x86)/atollic/truestudio for stmicroelectronics stm32 lite 2.3.0/armtools/bin/../lib/gcc/arm-atollic-eabi/4.5.1/../../../../arm-atollic-eabi/lib/thumb/thumb2\libc.a(lib_a-memchr.o)
                0x08008e0c                memchr
 .text.memset   0x08008e2a       0x12 c:/program files (x86)/atollic/truestudio for stmicroelectronics stm32 lite 2.3.0/armtools/bin/../lib/gcc/arm-atollic-eabi/4.5.1/../../../../arm-atollic-eabi/lib/thumb/thumb2\libc.a(lib_a-memset.o)
                0x08008e2a                memset
 .text.__malloc_lock
                0x08008e3c        0x2 c:/program files (x86)/atollic/truestudio for stmicroelectronics stm32 lite 2.3.0/armtools/bin/../lib/gcc/arm-atollic-eabi/4.5.1/../../../../arm-atollic-eabi/lib/thumb/thumb2\libc.a(lib_a-mlock.o)
                0x08008e3c                __malloc_lock
 .text.__malloc_unlock
                0x08008e3e        0x2 c:/program files (x86)/atollic/truestudio for stmicroelectronics stm32 lite 2.3.0/armtools/bin/../lib/gcc/arm-atollic-eabi/4.5.1/../../../../arm-atollic-eabi/lib/thumb/thumb2\libc.a(lib_a-mlock.o)
                0x08008e3e                __malloc_unlock
 .text._Balloc  0x08008e40       0x62 c:/program files (x86)/atollic/truestudio for stmicroelectronics stm32 lite 2.3.0/armtools/bin/../lib/gcc/arm-atollic-eabi/4.5.1/../../../../arm-atollic-eabi/lib/thumb/thumb2\libc.a(lib_a-mprec.o)
                0x08008e40                _Balloc
 .text._Bfree   0x08008ea2       0x2e c:/program files (x86)/atollic/truestudio for stmicroelectronics stm32 lite 2.3.0/armtools/bin/../lib/gcc/arm-atollic-eabi/4.5.1/../../../../arm-atollic-eabi/lib/thumb/thumb2\libc.a(lib_a-mprec.o)
                0x08008ea2                _Bfree
 .text.__multadd
                0x08008ed0       0x7c c:/program files (x86)/atollic/truestudio for stmicroelectronics stm32 lite 2.3.0/armtools/bin/../lib/gcc/arm-atollic-eabi/4.5.1/../../../../arm-atollic-eabi/lib/thumb/thumb2\libc.a(lib_a-mprec.o)
                0x08008ed0                __multadd
 .text.__s2b    0x08008f4c       0x7c c:/program files (x86)/atollic/truestudio for stmicroelectronics stm32 lite 2.3.0/armtools/bin/../lib/gcc/arm-atollic-eabi/4.5.1/../../../../arm-atollic-eabi/lib/thumb/thumb2\libc.a(lib_a-mprec.o)
                0x08008f4c                __s2b
 .text.__hi0bits
                0x08008fc8       0x40 c:/program files (x86)/atollic/truestudio for stmicroelectronics stm32 lite 2.3.0/armtools/bin/../lib/gcc/arm-atollic-eabi/4.5.1/../../../../arm-atollic-eabi/lib/thumb/thumb2\libc.a(lib_a-mprec.o)
                0x08008fc8                __hi0bits
 .text.__lo0bits
                0x08009008       0x64 c:/program files (x86)/atollic/truestudio for stmicroelectronics stm32 lite 2.3.0/armtools/bin/../lib/gcc/arm-atollic-eabi/4.5.1/../../../../arm-atollic-eabi/lib/thumb/thumb2\libc.a(lib_a-mprec.o)
                0x08009008                __lo0bits
 .text.__i2b    0x0800906c       0x12 c:/program files (x86)/atollic/truestudio for stmicroelectronics stm32 lite 2.3.0/armtools/bin/../lib/gcc/arm-atollic-eabi/4.5.1/../../../../arm-atollic-eabi/lib/thumb/thumb2\libc.a(lib_a-mprec.o)
                0x0800906c                __i2b
 .text.__multiply
                0x0800907e      0x124 c:/program files (x86)/atollic/truestudio for stmicroelectronics stm32 lite 2.3.0/armtools/bin/../lib/gcc/arm-atollic-eabi/4.5.1/../../../../arm-atollic-eabi/lib/thumb/thumb2\libc.a(lib_a-mprec.o)
                0x0800907e                __multiply
 *fill*         0x080091a2        0x2 00
 .text.__pow5mult
                0x080091a4       0xa4 c:/program files (x86)/atollic/truestudio for stmicroelectronics stm32 lite 2.3.0/armtools/bin/../lib/gcc/arm-atollic-eabi/4.5.1/../../../../arm-atollic-eabi/lib/thumb/thumb2\libc.a(lib_a-mprec.o)
                0x080091a4                __pow5mult
 .text.__lshift
                0x08009248       0x98 c:/program files (x86)/atollic/truestudio for stmicroelectronics stm32 lite 2.3.0/armtools/bin/../lib/gcc/arm-atollic-eabi/4.5.1/../../../../arm-atollic-eabi/lib/thumb/thumb2\libc.a(lib_a-mprec.o)
                0x08009248                __lshift
 .text.__mcmp   0x080092e0       0x3a c:/program files (x86)/atollic/truestudio for stmicroelectronics stm32 lite 2.3.0/armtools/bin/../lib/gcc/arm-atollic-eabi/4.5.1/../../../../arm-atollic-eabi/lib/thumb/thumb2\libc.a(lib_a-mprec.o)
                0x080092e0                __mcmp
 .text.__mdiff  0x0800931a       0xc6 c:/program files (x86)/atollic/truestudio for stmicroelectronics stm32 lite 2.3.0/armtools/bin/../lib/gcc/arm-atollic-eabi/4.5.1/../../../../arm-atollic-eabi/lib/thumb/thumb2\libc.a(lib_a-mprec.o)
                0x0800931a                __mdiff
 .text.__ulp    0x080093e0       0x40 c:/program files (x86)/atollic/truestudio for stmicroelectronics stm32 lite 2.3.0/armtools/bin/../lib/gcc/arm-atollic-eabi/4.5.1/../../../../arm-atollic-eabi/lib/thumb/thumb2\libc.a(lib_a-mprec.o)
                0x080093e0                __ulp
 .text.__b2d    0x08009420       0xa4 c:/program files (x86)/atollic/truestudio for stmicroelectronics stm32 lite 2.3.0/armtools/bin/../lib/gcc/arm-atollic-eabi/4.5.1/../../../../arm-atollic-eabi/lib/thumb/thumb2\libc.a(lib_a-mprec.o)
                0x08009420                __b2d
 .text.__d2b    0x080094c4       0xbc c:/program files (x86)/atollic/truestudio for stmicroelectronics stm32 lite 2.3.0/armtools/bin/../lib/gcc/arm-atollic-eabi/4.5.1/../../../../arm-atollic-eabi/lib/thumb/thumb2\libc.a(lib_a-mprec.o)
                0x080094c4                __d2b
 .text.__ratio  0x08009580       0x46 c:/program files (x86)/atollic/truestudio for stmicroelectronics stm32 lite 2.3.0/armtools/bin/../lib/gcc/arm-atollic-eabi/4.5.1/../../../../arm-atollic-eabi/lib/thumb/thumb2\libc.a(lib_a-mprec.o)
                0x08009580                __ratio
 .text.__copybits
                0x080095c6       0x32 c:/program files (x86)/atollic/truestudio for stmicroelectronics stm32 lite 2.3.0/armtools/bin/../lib/gcc/arm-atollic-eabi/4.5.1/../../../../arm-atollic-eabi/lib/thumb/thumb2\libc.a(lib_a-mprec.o)
                0x080095c6                __copybits
 .text.__any_on
                0x080095f8       0x4a c:/program files (x86)/atollic/truestudio for stmicroelectronics stm32 lite 2.3.0/armtools/bin/../lib/gcc/arm-atollic-eabi/4.5.1/../../../../arm-atollic-eabi/lib/thumb/thumb2\libc.a(lib_a-mprec.o)
                0x080095f8                __any_on
 *fill*         0x08009642        0x2 00
 .text._sbrk_r  0x08009644       0x24 c:/program files (x86)/atollic/truestudio for stmicroelectronics stm32 lite 2.3.0/armtools/bin/../lib/gcc/arm-atollic-eabi/4.5.1/../../../../arm-atollic-eabi/lib/thumb/thumb2\libc.a(lib_a-sbrkr.o)
                0x08009644                _sbrk_r
 .text.__sccl   0x08009668       0x64 c:/program files (x86)/atollic/truestudio for stmicroelectronics stm32 lite 2.3.0/armtools/bin/../lib/gcc/arm-atollic-eabi/4.5.1/../../../../arm-atollic-eabi/lib/thumb/thumb2\libc.a(lib_a-sccl.o)
                0x08009668                __sccl
 .text.nanf     0x080096cc        0x8 c:/program files (x86)/atollic/truestudio for stmicroelectronics stm32 lite 2.3.0/armtools/bin/../lib/gcc/arm-atollic-eabi/4.5.1/../../../../arm-atollic-eabi/lib/thumb/thumb2\libc.a(lib_a-sf_nan.o)
                0x080096cc                nanf
 .text.__fpclassifyd
                0x080096d4       0x64 c:/program files (x86)/atollic/truestudio for stmicroelectronics stm32 lite 2.3.0/armtools/bin/../lib/gcc/arm-atollic-eabi/4.5.1/../../../../arm-atollic-eabi/lib/thumb/thumb2\libc.a(lib_a-s_fpclassify.o)
                0x080096d4                __fpclassifyd
 .text.match    0x08009738       0x2c c:/program files (x86)/atollic/truestudio for stmicroelectronics stm32 lite 2.3.0/armtools/bin/../lib/gcc/arm-atollic-eabi/4.5.1/../../../../arm-atollic-eabi/lib/thumb/thumb2\libc.a(lib_a-strtod.o)
 *fill*         0x08009764        0x4 00
 .text._strtod_r
                0x08009768      0xbe0 c:/program files (x86)/atollic/truestudio for stmicroelectronics stm32 lite 2.3.0/armtools/bin/../lib/gcc/arm-atollic-eabi/4.5.1/../../../../arm-atollic-eabi/lib/thumb/thumb2\libc.a(lib_a-strtod.o)
                0x08009768                _strtod_r
 .text._strtoll_r
                0x0800a348      0x16c c:/program files (x86)/atollic/truestudio for stmicroelectronics stm32 lite 2.3.0/armtools/bin/../lib/gcc/arm-atollic-eabi/4.5.1/../../../../arm-atollic-eabi/lib/thumb/thumb2\libc.a(lib_a-strtoll_r.o)
                0x0800a348                _strtoll_r
 .text._strtol_r
                0x0800a4b4      0x124 c:/program files (x86)/atollic/truestudio for stmicroelectronics stm32 lite 2.3.0/armtools/bin/../lib/gcc/arm-atollic-eabi/4.5.1/../../../../arm-atollic-eabi/lib/thumb/thumb2\libc.a(lib_a-strtol.o)
                0x0800a4b4                _strtol_r
 .text._strtoull_r
                0x0800a5d8      0x154 c:/program files (x86)/atollic/truestudio for stmicroelectronics stm32 lite 2.3.0/armtools/bin/../lib/gcc/arm-atollic-eabi/4.5.1/../../../../arm-atollic-eabi/lib/thumb/thumb2\libc.a(lib_a-strtoull_r.o)
                0x0800a5d8                _strtoull_r
 .text._strtoul_r
                0x0800a72c       0xfc c:/program files (x86)/atollic/truestudio for stmicroelectronics stm32 lite 2.3.0/armtools/bin/../lib/gcc/arm-atollic-eabi/4.5.1/../../../../arm-atollic-eabi/lib/thumb/thumb2\libc.a(lib_a-strtoul.o)
                0x0800a72c                _strtoul_r
 .text.__ssprint_r
                0x0800a828       0xf6 c:/program files (x86)/atollic/truestudio for stmicroelectronics stm32 lite 2.3.0/armtools/bin/../lib/gcc/arm-atollic-eabi/4.5.1/../../../../arm-atollic-eabi/lib/thumb/thumb2\libc.a(lib_a-svfiprintf.o)
                0x0800a828                __ssprint_r
 .text._sungetc_r
                0x0800a91e       0x7a c:/program files (x86)/atollic/truestudio for stmicroelectronics stm32 lite 2.3.0/armtools/bin/../lib/gcc/arm-atollic-eabi/4.5.1/../../../../arm-atollic-eabi/lib/thumb/thumb2\libc.a(lib_a-svfiscanf.o)
                0x0800a91e                _sungetc_r
 .text.__ssrefill_r
                0x0800a998       0x3a c:/program files (x86)/atollic/truestudio for stmicroelectronics stm32 lite 2.3.0/armtools/bin/../lib/gcc/arm-atollic-eabi/4.5.1/../../../../arm-atollic-eabi/lib/thumb/thumb2\libc.a(lib_a-svfiscanf.o)
                0x0800a998                __ssrefill_r
 .text._sfread_r
                0x0800a9d2       0x70 c:/program files (x86)/atollic/truestudio for stmicroelectronics stm32 lite 2.3.0/armtools/bin/../lib/gcc/arm-atollic-eabi/4.5.1/../../../../arm-atollic-eabi/lib/thumb/thumb2\libc.a(lib_a-svfiscanf.o)
                0x0800a9d2                _sfread_r
 *fill*         0x0800aa42        0x2 00
 .text._sbrk    0x0800aa44       0x34 c:/program files (x86)/atollic/truestudio for stmicroelectronics stm32 lite 2.3.0/armtools/bin/../lib/gcc/arm-atollic-eabi/4.5.1/../../../../arm-atollic-eabi/lib/thumb/thumb2\libc.a(lib_a-syscalls.o)
                0x0800aa44                _sbrk
 .text.__submore
                0x0800aa78       0x7e c:/program files (x86)/atollic/truestudio for stmicroelectronics stm32 lite 2.3.0/armtools/bin/../lib/gcc/arm-atollic-eabi/4.5.1/../../../../arm-atollic-eabi/lib/thumb/thumb2\libc.a(lib_a-ungetc.o)
                0x0800aa78                __submore
 .text._calloc_r
                0x0800aaf6       0x58 c:/program files (x86)/atollic/truestudio for stmicroelectronics stm32 lite 2.3.0/armtools/bin/../lib/gcc/arm-atollic-eabi/4.5.1/../../../../arm-atollic-eabi/lib/thumb/thumb2\libc.a(lib_a-callocr.o)
                0x0800aaf6                _calloc_r
 *fill*         0x0800ab4e        0x2 00
 .text._malloc_trim_r
                0x0800ab50       0x94 c:/program files (x86)/atollic/truestudio for stmicroelectronics stm32 lite 2.3.0/armtools/bin/../lib/gcc/arm-atollic-eabi/4.5.1/../../../../arm-atollic-eabi/lib/thumb/thumb2\libc.a(lib_a-freer.o)
                0x0800ab50                _malloc_trim_r
 .text._free_r  0x0800abe4      0x180 c:/program files (x86)/atollic/truestudio for stmicroelectronics stm32 lite 2.3.0/armtools/bin/../lib/gcc/arm-atollic-eabi/4.5.1/../../../../arm-atollic-eabi/lib/thumb/thumb2\libc.a(lib_a-freer.o)
                0x0800abe4                _free_r
 .text.rshift   0x0800ad64       0x6c c:/program files (x86)/atollic/truestudio for stmicroelectronics stm32 lite 2.3.0/armtools/bin/../lib/gcc/arm-atollic-eabi/4.5.1/../../../../arm-atollic-eabi/lib/thumb/thumb2\libc.a(lib_a-gdtoa-gethex.o)
 .text.htinit.clone.0
                0x0800add0       0x1c c:/program files (x86)/atollic/truestudio for stmicroelectronics stm32 lite 2.3.0/armtools/bin/../lib/gcc/arm-atollic-eabi/4.5.1/../../../../arm-atollic-eabi/lib/thumb/thumb2\libc.a(lib_a-gdtoa-gethex.o)
 .text.__hexdig_init
                0x0800adec       0x2c c:/program files (x86)/atollic/truestudio for stmicroelectronics stm32 lite 2.3.0/armtools/bin/../lib/gcc/arm-atollic-eabi/4.5.1/../../../../arm-atollic-eabi/lib/thumb/thumb2\libc.a(lib_a-gdtoa-gethex.o)
                0x0800adec                __hexdig_init
 .text.__gethex
                0x0800ae18      0x460 c:/program files (x86)/atollic/truestudio for stmicroelectronics stm32 lite 2.3.0/armtools/bin/../lib/gcc/arm-atollic-eabi/4.5.1/../../../../arm-atollic-eabi/lib/thumb/thumb2\libc.a(lib_a-gdtoa-gethex.o)
                0x0800ae18                __gethex
 .text.L_shift  0x0800b278       0x34 c:/program files (x86)/atollic/truestudio for stmicroelectronics stm32 lite 2.3.0/armtools/bin/../lib/gcc/arm-atollic-eabi/4.5.1/../../../../arm-atollic-eabi/lib/thumb/thumb2\libc.a(lib_a-gdtoa-hexnan.o)
 .text.__hexnan
                0x0800b2ac      0x11c c:/program files (x86)/atollic/truestudio for stmicroelectronics stm32 lite 2.3.0/armtools/bin/../lib/gcc/arm-atollic-eabi/4.5.1/../../../../arm-atollic-eabi/lib/thumb/thumb2\libc.a(lib_a-gdtoa-hexnan.o)
                0x0800b2ac                __hexnan
 .text.memmove  0x0800b3c8       0x34 c:/program files (x86)/atollic/truestudio for stmicroelectronics stm32 lite 2.3.0/armtools/bin/../lib/gcc/arm-atollic-eabi/4.5.1/../../../../arm-atollic-eabi/lib/thumb/thumb2\libc.a(lib_a-memmove.o)
                0x0800b3c8                memmove
 .text._realloc_r
                0x0800b3fc      0x2f8 c:/program files (x86)/atollic/truestudio for stmicroelectronics stm32 lite 2.3.0/armtools/bin/../lib/gcc/arm-atollic-eabi/4.5.1/../../../../arm-atollic-eabi/lib/thumb/thumb2\libc.a(lib_a-reallocr.o)
                0x0800b3fc                _realloc_r
 .text.strncmp  0x0800b6f4       0x2a c:/program files (x86)/atollic/truestudio for stmicroelectronics stm32 lite 2.3.0/armtools/bin/../lib/gcc/arm-atollic-eabi/4.5.1/../../../../arm-atollic-eabi/lib/thumb/thumb2\libc.a(lib_a-strncmp.o)
                0x0800b6f4                strncmp
 *(.rodata)
 *fill*         0x0800b71e        0x2 00
 .rodata        0x0800b720      0x118 src\uart_functions.o
 .rodata        0x0800b838       0x38 src\stm32f10x_it.o
 .rodata        0x0800b870       0x2c src\main.o
 *(.rodata*)
 .rodata.C.0.6119
                0x0800b89c        0x8 src\main.o
 .rodata.str1.1
                0x0800b8a4       0x34 c:/program files (x86)/atollic/truestudio for stmicroelectronics stm32 lite 2.3.0/armtools/bin/../lib/gcc/arm-atollic-eabi/4.5.1/../../../../arm-atollic-eabi/lib/thumb/thumb2\libc.a(lib_a-svfprintf.o)
 .rodata.zeroes.3939
                0x0800b8d8       0x10 c:/program files (x86)/atollic/truestudio for stmicroelectronics stm32 lite 2.3.0/armtools/bin/../lib/gcc/arm-atollic-eabi/4.5.1/../../../../arm-atollic-eabi/lib/thumb/thumb2\libc.a(lib_a-svfprintf.o)
 .rodata.blanks.3938
                0x0800b8e8       0x10 c:/program files (x86)/atollic/truestudio for stmicroelectronics stm32 lite 2.3.0/armtools/bin/../lib/gcc/arm-atollic-eabi/4.5.1/../../../../arm-atollic-eabi/lib/thumb/thumb2\libc.a(lib_a-svfprintf.o)
 .rodata.str1.1
                0x0800b8f8        0x5 c:/program files (x86)/atollic/truestudio for stmicroelectronics stm32 lite 2.3.0/armtools/bin/../lib/gcc/arm-atollic-eabi/4.5.1/../../../../arm-atollic-eabi/lib/thumb/thumb2\libc.a(lib_a-svfscanf.o)
 *fill*         0x0800b8fd        0x1 00
 .rodata.basefix.3859
                0x0800b8fe       0x22 c:/program files (x86)/atollic/truestudio for stmicroelectronics stm32 lite 2.3.0/armtools/bin/../lib/gcc/arm-atollic-eabi/4.5.1/../../../../arm-atollic-eabi/lib/thumb/thumb2\libc.a(lib_a-svfscanf.o)
 .rodata._ctype_
                0x0800b920      0x101 c:/program files (x86)/atollic/truestudio for stmicroelectronics stm32 lite 2.3.0/armtools/bin/../lib/gcc/arm-atollic-eabi/4.5.1/../../../../arm-atollic-eabi/lib/thumb/thumb2\libc.a(lib_a-ctype_.o)
                0x0800b920                _ctype_
 .rodata.str1.1
                0x0800ba21        0xd c:/program files (x86)/atollic/truestudio for stmicroelectronics stm32 lite 2.3.0/armtools/bin/../lib/gcc/arm-atollic-eabi/4.5.1/../../../../arm-atollic-eabi/lib/thumb/thumb2\libc.a(lib_a-dtoa.o)
                                  0xf (size before relaxing)
 *fill*         0x0800ba2e        0x2 00
 .rodata.__sf_fake_stdin
                0x0800ba30       0x20 c:/program files (x86)/atollic/truestudio for stmicroelectronics stm32 lite 2.3.0/armtools/bin/../lib/gcc/arm-atollic-eabi/4.5.1/../../../../arm-atollic-eabi/lib/thumb/thumb2\libc.a(lib_a-findfp.o)
                0x0800ba30                __sf_fake_stdin
 .rodata.__sf_fake_stdout
                0x0800ba50       0x20 c:/program files (x86)/atollic/truestudio for stmicroelectronics stm32 lite 2.3.0/armtools/bin/../lib/gcc/arm-atollic-eabi/4.5.1/../../../../arm-atollic-eabi/lib/thumb/thumb2\libc.a(lib_a-findfp.o)
                0x0800ba50                __sf_fake_stdout
 .rodata.__sf_fake_stderr
                0x0800ba70       0x20 c:/program files (x86)/atollic/truestudio for stmicroelectronics stm32 lite 2.3.0/armtools/bin/../lib/gcc/arm-atollic-eabi/4.5.1/../../../../arm-atollic-eabi/lib/thumb/thumb2\libc.a(lib_a-findfp.o)
                0x0800ba70                __sf_fake_stderr
 .rodata.str1.1
                0x0800ba90        0x2 c:/program files (x86)/atollic/truestudio for stmicroelectronics stm32 lite 2.3.0/armtools/bin/../lib/gcc/arm-atollic-eabi/4.5.1/../../../../arm-atollic-eabi/lib/thumb/thumb2\libc.a(lib_a-impure.o)
 .rodata.str1.1
                0x0800ba92        0x8 c:/program files (x86)/atollic/truestudio for stmicroelectronics stm32 lite 2.3.0/armtools/bin/../lib/gcc/arm-atollic-eabi/4.5.1/../../../../arm-atollic-eabi/lib/thumb/thumb2\libc.a(lib_a-locale.o)
                                  0xb (size before relaxing)
 .rodata.str1.1
                0x00000000        0x1 c:/program files (x86)/atollic/truestudio for stmicroelectronics stm32 lite 2.3.0/armtools/bin/../lib/gcc/arm-atollic-eabi/4.5.1/../../../../arm-atollic-eabi/lib/thumb/thumb2\libc.a(lib_a-mbrtowc.o)
 *fill*         0x0800ba9a        0x2 00
 .rodata.p05.2464
                0x0800ba9c        0xc c:/program files (x86)/atollic/truestudio for stmicroelectronics stm32 lite 2.3.0/armtools/bin/../lib/gcc/arm-atollic-eabi/4.5.1/../../../../arm-atollic-eabi/lib/thumb/thumb2\libc.a(lib_a-mprec.o)
 .rodata.__mprec_tens
                0x0800baa8       0xc8 c:/program files (x86)/atollic/truestudio for stmicroelectronics stm32 lite 2.3.0/armtools/bin/../lib/gcc/arm-atollic-eabi/4.5.1/../../../../arm-atollic-eabi/lib/thumb/thumb2\libc.a(lib_a-mprec.o)
                0x0800baa8                __mprec_tens
 .rodata.__mprec_bigtens
                0x0800bb70       0x28 c:/program files (x86)/atollic/truestudio for stmicroelectronics stm32 lite 2.3.0/armtools/bin/../lib/gcc/arm-atollic-eabi/4.5.1/../../../../arm-atollic-eabi/lib/thumb/thumb2\libc.a(lib_a-mprec.o)
                0x0800bb70                __mprec_bigtens
 .rodata.str1.1
                0x00000000        0x8 c:/program files (x86)/atollic/truestudio for stmicroelectronics stm32 lite 2.3.0/armtools/bin/../lib/gcc/arm-atollic-eabi/4.5.1/../../../../arm-atollic-eabi/lib/thumb/thumb2\libc.a(lib_a-strtod.o)
                                  0xc (size before relaxing)
 .rodata.tinytens
                0x0800bb98       0x28 c:/program files (x86)/atollic/truestudio for stmicroelectronics stm32 lite 2.3.0/armtools/bin/../lib/gcc/arm-atollic-eabi/4.5.1/../../../../arm-atollic-eabi/lib/thumb/thumb2\libc.a(lib_a-strtod.o)
 .rodata.str1.1
                0x0800bbc0        0xb c:/program files (x86)/atollic/truestudio for stmicroelectronics stm32 lite 2.3.0/armtools/bin/../lib/gcc/arm-atollic-eabi/4.5.1/../../../../arm-atollic-eabi/lib/thumb/thumb2\libc.a(lib_a-gdtoa-gethex.o)
                                 0x19 (size before relaxing)
 *(.glue_7)
 .glue_7        0x00000000        0x0 linker stubs
 *(.glue_7t)
 .glue_7t       0x00000000        0x0 linker stubs
 *(.eh_frame)
 *(.init)
 *fill*         0x0800bbcb        0x1 00
 .init          0x0800bbcc        0x4 c:/program files (x86)/atollic/truestudio for stmicroelectronics stm32 lite 2.3.0/armtools/bin/../lib/gcc/arm-atollic-eabi/4.5.1/thumb/thumb2/crti.o
                0x0800bbcc                _init
 .init          0x0800bbd0        0x8 c:/program files (x86)/atollic/truestudio for stmicroelectronics stm32 lite 2.3.0/armtools/bin/../lib/gcc/arm-atollic-eabi/4.5.1/thumb/thumb2/crtn.o
 *(.fini)
 .fini          0x0800bbd8        0x4 c:/program files (x86)/atollic/truestudio for stmicroelectronics stm32 lite 2.3.0/armtools/bin/../lib/gcc/arm-atollic-eabi/4.5.1/thumb/thumb2/crti.o
                0x0800bbd8                _fini
 .fini          0x0800bbdc        0x8 c:/program files (x86)/atollic/truestudio for stmicroelectronics stm32 lite 2.3.0/armtools/bin/../lib/gcc/arm-atollic-eabi/4.5.1/thumb/thumb2/crtn.o
                0x0800bbe4                . = ALIGN (0x4)
                0x0800bbe4                _etext = .

.vfp11_veneer   0x0800bbe4        0x0
 .vfp11_veneer  0x00000000        0x0 linker stubs

.v4_bx          0x0800bbe4        0x0
 .v4_bx         0x00000000        0x0 linker stubs

.ARM.extab
 *(.ARM.extab* .gnu.linkonce.armextab.*)

.ARM            0x0800bbe4        0x8
                0x0800bbe4                __exidx_start = .
 *(.ARM.exidx*)
 .ARM.exidx     0x0800bbe4        0x8 c:/program files (x86)/atollic/truestudio for stmicroelectronics stm32 lite 2.3.0/armtools/bin/../lib/gcc/arm-atollic-eabi/4.5.1/thumb/thumb2\libgcc.a(_divdi3.o)
 .ARM.exidx     0x0800bbec        0x0 c:/program files (x86)/atollic/truestudio for stmicroelectronics stm32 lite 2.3.0/armtools/bin/../lib/gcc/arm-atollic-eabi/4.5.1/thumb/thumb2\libgcc.a(_udivdi3.o)
                                  0x8 (size before relaxing)
                0x0800bbec                __exidx_end = .

.preinit_array  0x0800bbec        0x0
                0x0800bbec                PROVIDE (__preinit_array_start, .)
 *(.preinit_array*)
                0x0800bbec                PROVIDE (__preinit_array_end, .)

.init_array     0x0800bbec        0x4
                0x0800bbec                PROVIDE (__init_array_start, .)
 *(SORT(.init_array.*))
 *(.init_array*)
 .init_array    0x0800bbec        0x4 c:/program files (x86)/atollic/truestudio for stmicroelectronics stm32 lite 2.3.0/armtools/bin/../lib/gcc/arm-atollic-eabi/4.5.1/thumb/thumb2/crtbegin.o
                0x0800bbf0                PROVIDE (__init_array_end, .)

.fini_array     0x0800bbf0        0x4
                0x0800bbf0                PROVIDE (__fini_array_start, .)
 *(.fini_array*)
 .fini_array    0x0800bbf0        0x4 c:/program files (x86)/atollic/truestudio for stmicroelectronics stm32 lite 2.3.0/armtools/bin/../lib/gcc/arm-atollic-eabi/4.5.1/thumb/thumb2/crtbegin.o
 *(SORT(.fini_array.*))
                0x0800bbf4                PROVIDE (__fini_array_end, .)
                0x0800bbf4                _sidata = .

.data           0x20000000      0x5c4 load address 0x0800bbf4
                0x20000000                . = ALIGN (0x4)
                0x20000000                _sdata = .
 *(.data)
 *(.data*)
 .data.SystemCoreClock
                0x20000000        0x4 src\system_stm32f10x.o
                0x20000000                SystemCoreClock
 .data.SPI_SELECT.3692
                0x20000004        0x8 src\spi_functions.o
 .data.CCR1Val  0x2000000c        0x2 src\node_functions.o
                0x2000000c                CCR1Val
 .data.CCR2Val  0x2000000e        0x2 src\node_functions.o
                0x2000000e                CCR2Val
 .data.topo_txs
                0x20000010        0xc src\node_functions.o
                0x20000010                topo_txs
 .data.TYPE     0x2000001c        0x1 src\main.o
                0x2000001c                TYPE
 *fill*         0x2000001d        0x3 00
 .data.APBAHBPrescTable
                0x20000020       0x10 Libraries\STM32F10x_StdPeriph_Driver\src\stm32f10x_rcc.o
 .data.ADCPrescTable
                0x20000030        0x4 Libraries\STM32F10x_StdPeriph_Driver\src\stm32f10x_rcc.o
 .data.__ctype_ptr__
                0x20000034        0x4 c:/program files (x86)/atollic/truestudio for stmicroelectronics stm32 lite 2.3.0/armtools/bin/../lib/gcc/arm-atollic-eabi/4.5.1/../../../../arm-atollic-eabi/lib/thumb/thumb2\libc.a(lib_a-ctype_.o)
                0x20000034                __ctype_ptr__
 .data.impure_data
                0x20000038       0xf0 c:/program files (x86)/atollic/truestudio for stmicroelectronics stm32 lite 2.3.0/armtools/bin/../lib/gcc/arm-atollic-eabi/4.5.1/../../../../arm-atollic-eabi/lib/thumb/thumb2\libc.a(lib_a-impure.o)
 .data._impure_ptr
                0x20000128        0x4 c:/program files (x86)/atollic/truestudio for stmicroelectronics stm32 lite 2.3.0/armtools/bin/../lib/gcc/arm-atollic-eabi/4.5.1/../../../../arm-atollic-eabi/lib/thumb/thumb2\libc.a(lib_a-impure.o)
                0x20000128                _impure_ptr
 .data.lconv    0x2000012c       0x38 c:/program files (x86)/atollic/truestudio for stmicroelectronics stm32 lite 2.3.0/armtools/bin/../lib/gcc/arm-atollic-eabi/4.5.1/../../../../arm-atollic-eabi/lib/thumb/thumb2\libc.a(lib_a-locale.o)
 .data.lc_ctype_charset
                0x20000164       0x20 c:/program files (x86)/atollic/truestudio for stmicroelectronics stm32 lite 2.3.0/armtools/bin/../lib/gcc/arm-atollic-eabi/4.5.1/../../../../arm-atollic-eabi/lib/thumb/thumb2\libc.a(lib_a-locale.o)
 .data.__mb_cur_max
                0x20000184        0x4 c:/program files (x86)/atollic/truestudio for stmicroelectronics stm32 lite 2.3.0/armtools/bin/../lib/gcc/arm-atollic-eabi/4.5.1/../../../../arm-atollic-eabi/lib/thumb/thumb2\libc.a(lib_a-locale.o)
                0x20000184                __mb_cur_max
 .data.__malloc_av_
                0x20000188      0x408 c:/program files (x86)/atollic/truestudio for stmicroelectronics stm32 lite 2.3.0/armtools/bin/../lib/gcc/arm-atollic-eabi/4.5.1/../../../../arm-atollic-eabi/lib/thumb/thumb2\libc.a(lib_a-mallocr.o)
                0x20000188                __malloc_av_
 .data.__malloc_trim_threshold
                0x20000590        0x4 c:/program files (x86)/atollic/truestudio for stmicroelectronics stm32 lite 2.3.0/armtools/bin/../lib/gcc/arm-atollic-eabi/4.5.1/../../../../arm-atollic-eabi/lib/thumb/thumb2\libc.a(lib_a-mallocr.o)
                0x20000590                __malloc_trim_threshold
 .data.__malloc_sbrk_base
                0x20000594        0x4 c:/program files (x86)/atollic/truestudio for stmicroelectronics stm32 lite 2.3.0/armtools/bin/../lib/gcc/arm-atollic-eabi/4.5.1/../../../../arm-atollic-eabi/lib/thumb/thumb2\libc.a(lib_a-mallocr.o)
                0x20000594                __malloc_sbrk_base
 .data.__mbtowc
                0x20000598        0x4 c:/program files (x86)/atollic/truestudio for stmicroelectronics stm32 lite 2.3.0/armtools/bin/../lib/gcc/arm-atollic-eabi/4.5.1/../../../../arm-atollic-eabi/lib/thumb/thumb2\libc.a(lib_a-mbtowc_r.o)
                0x20000598                __mbtowc
 .data.fpinan.2456
                0x2000059c       0x14 c:/program files (x86)/atollic/truestudio for stmicroelectronics stm32 lite 2.3.0/armtools/bin/../lib/gcc/arm-atollic-eabi/4.5.1/../../../../arm-atollic-eabi/lib/thumb/thumb2\libc.a(lib_a-strtod.o)
 .data.fpi.2420
                0x200005b0       0x14 c:/program files (x86)/atollic/truestudio for stmicroelectronics stm32 lite 2.3.0/armtools/bin/../lib/gcc/arm-atollic-eabi/4.5.1/../../../../arm-atollic-eabi/lib/thumb/thumb2\libc.a(lib_a-strtod.o)
                0x200005c4                . = ALIGN (0x4)
                0x200005c4                _edata = .

.jcr            0x200005c4        0x0 load address 0x0800c1b8
 .jcr           0x200005c4        0x0 c:/program files (x86)/atollic/truestudio for stmicroelectronics stm32 lite 2.3.0/armtools/bin/../lib/gcc/arm-atollic-eabi/4.5.1/thumb/thumb2/crtbegin.o
                0x200005c4                . = ALIGN (0x4)

.bss            0x200005c4      0x720 load address 0x0800c1b8
                0x200005c4                _sbss = .
                0x200005c4                __bss_start__ = _sbss
 *(.bss)
 .bss           0x200005c4        0x1 c:/program files (x86)/atollic/truestudio for stmicroelectronics stm32 lite 2.3.0/armtools/bin/../lib/gcc/arm-atollic-eabi/4.5.1/thumb/thumb2/crtbegin.o
 *(.bss*)
 .bss.RxCounter.4622
                0x200005c5        0x1 src\uart_functions.o
 *fill*         0x200005c6        0x2 00
 .bss.RxBuffer.4623
                0x200005c8       0x20 src\uart_functions.o
 .bss.TxBuffer.4624
                0x200005e8       0x40 src\uart_functions.o
 .bss.package_size.4625
                0x20000628        0x1 src\uart_functions.o
 .bss.Tx_Idx2   0x20000629        0x1 src\stm32f10x_it.o
                0x20000629                Tx_Idx2
 .bss.Rx_Idx2   0x2000062a        0x1 src\stm32f10x_it.o
                0x2000062a                Rx_Idx2
 *fill*         0x2000062b        0x1 00
 .bss.capture.4735
                0x2000062c        0x2 src\stm32f10x_it.o
 *fill*         0x2000062e        0x2 00
 .bss.TxBuffer.4722
                0x20000630       0x40 src\stm32f10x_it.o
 .bss.package_size.4723
                0x20000670        0x1 src\stm32f10x_it.o
 *fill*         0x20000671        0x1 00
 .bss.topo_sent_event_time.4709
                0x20000672        0x2 src\stm32f10x_it.o
 .bss.GPIO_InitStructure.3697
                0x20000674        0x4 src\spi_functions.o
 .bss.RxIdx.3693
                0x20000678        0x1 src\spi_functions.o
 *fill*         0x20000679        0x1 00
 .bss.sensor_angle.3694
                0x2000067a        0x2 src\spi_functions.o
 .bss.sensor_angle_invert.3695
                0x2000067c        0x2 src\spi_functions.o
 .bss.angle_to_send.3696
                0x2000067e        0x2 src\spi_functions.o
 .bss.start_value.3780
                0x20000680        0x2 src\node_functions.o
 .bss.counter.3749
                0x20000682        0x2 src\node_functions.o
 .bss.ID        0x20000684        0x1 src\main.o
                0x20000684                ID
 .bss.MODE      0x20000685        0x1 src\main.o
                0x20000685                MODE
 .bss.Timeout.3696
                0x20000686        0x2 src\i2c_functions.o
 .bss.__malloc_max_total_mem
                0x20000688        0x4 c:/program files (x86)/atollic/truestudio for stmicroelectronics stm32 lite 2.3.0/armtools/bin/../lib/gcc/arm-atollic-eabi/4.5.1/../../../../arm-atollic-eabi/lib/thumb/thumb2\libc.a(lib_a-mallocr.o)
                0x20000688                __malloc_max_total_mem
 .bss.__malloc_max_sbrked_mem
                0x2000068c        0x4 c:/program files (x86)/atollic/truestudio for stmicroelectronics stm32 lite 2.3.0/armtools/bin/../lib/gcc/arm-atollic-eabi/4.5.1/../../../../arm-atollic-eabi/lib/thumb/thumb2\libc.a(lib_a-mallocr.o)
                0x2000068c                __malloc_max_sbrked_mem
 .bss.__malloc_top_pad
                0x20000690        0x4 c:/program files (x86)/atollic/truestudio for stmicroelectronics stm32 lite 2.3.0/armtools/bin/../lib/gcc/arm-atollic-eabi/4.5.1/../../../../arm-atollic-eabi/lib/thumb/thumb2\libc.a(lib_a-mallocr.o)
                0x20000690                __malloc_top_pad
 .bss.__malloc_current_mallinfo
                0x20000694       0x28 c:/program files (x86)/atollic/truestudio for stmicroelectronics stm32 lite 2.3.0/armtools/bin/../lib/gcc/arm-atollic-eabi/4.5.1/../../../../arm-atollic-eabi/lib/thumb/thumb2\libc.a(lib_a-mallocr.o)
                0x20000694                __malloc_current_mallinfo
 .bss.heap_end.2323
                0x200006bc        0x4 c:/program files (x86)/atollic/truestudio for stmicroelectronics stm32 lite 2.3.0/armtools/bin/../lib/gcc/arm-atollic-eabi/4.5.1/../../../../arm-atollic-eabi/lib/thumb/thumb2\libc.a(lib_a-syscalls.o)
 *(COMMON)
 COMMON         0x200006c0      0x202 src\uart_functions.o
                0x200006c0                id_map
                0x200008c0                next_splitter
 *fill*         0x200008c2        0x2 00
 COMMON         0x200008c4        0x8 src\node_functions.o
                0x200008c4                TimingDelay
                0x200008c8                NVIC_InitStructure
 COMMON         0x200008cc      0x303 src\main.o
                0x200008cc                Buffer_Tx_I2C
                0x200009cc                last_i2c_event_time
                0x200009d0                Buffer_Tx_Data
                0x20000ad0                Buffer_Rx_I2C
 *fill*         0x20000bcf        0x1 00
 COMMON         0x20000bd0       0x10 src\i2c_functions.o
                0x20000bd0                I2C_InitStructure
 COMMON         0x20000be0        0x4 c:/program files (x86)/atollic/truestudio for stmicroelectronics stm32 lite 2.3.0/armtools/bin/../lib/gcc/arm-atollic-eabi/4.5.1/../../../../arm-atollic-eabi/lib/thumb/thumb2\libc.a(lib_a-reent.o)
                0x20000be0                errno
 COMMON         0x20000be4      0x100 c:/program files (x86)/atollic/truestudio for stmicroelectronics stm32 lite 2.3.0/armtools/bin/../lib/gcc/arm-atollic-eabi/4.5.1/../../../../arm-atollic-eabi/lib/thumb/thumb2\libc.a(lib_a-gdtoa-gethex.o)
                0x20000be4                __hexdig
                0x20000ce4                . = ALIGN (0x4)
                0x20000ce4                _ebss = .
                0x20000ce4                __bss_end__ = _ebss

._user_heap_stack
                0x20000ce4       0x80 load address 0x0800c1b8
                0x20000ce4                . = ALIGN (0x4)
                0x20000ce4                PROVIDE (end, .)
                0x20000ce4                PROVIDE (_end, .)
                0x20000ce4                . = (. + _Min_Heap_Size)
                0x20000d64                . = (. + _Min_Stack_Size)
 *fill*         0x20000ce4       0x80 00
                0x20000d64                . = ALIGN (0x4)

.memory_b1_text
 *(.mb1text)
 *(.mb1text*)
 *(.mb1rodata)
 *(.mb1rodata*)

/DISCARD/
 libc.a(*)
 libm.a(*)
 libgcc.a(*)

.ARM.attributes
                0x00000000       0x25
 *(.ARM.attributes)
 .ARM.attributes
                0x00000000       0x19 c:/program files (x86)/atollic/truestudio for stmicroelectronics stm32 lite 2.3.0/armtools/bin/../lib/gcc/arm-atollic-eabi/4.5.1/thumb/thumb2/crti.o
 .ARM.attributes
                0x00000019       0x29 c:/program files (x86)/atollic/truestudio for stmicroelectronics stm32 lite 2.3.0/armtools/bin/../lib/gcc/arm-atollic-eabi/4.5.1/thumb/thumb2/crtbegin.o
 .ARM.attributes
                0x00000042       0x31 src\uart_functions.o
 .ARM.attributes
                0x00000073       0x31 src\system_stm32f10x.o
 .ARM.attributes
                0x000000a4       0x31 src\stm32f10x_it.o
 .ARM.attributes
                0x000000d5       0x31 src\spi_functions.o
 .ARM.attributes
                0x00000106       0x31 src\node_functions.o
 .ARM.attributes
                0x00000137       0x31 src\main.o
 .ARM.attributes
                0x00000168       0x31 src\i2c_functions.o
 .ARM.attributes
                0x00000199       0x31 Utilities\STM32_EVAL\STM32_Discovery\STM32vldiscovery.o
 .ARM.attributes
                0x000001ca       0x31 Libraries\STM32F10x_StdPeriph_Driver\src\stm32f10x_wwdg.o
 .ARM.attributes
                0x000001fb       0x31 Libraries\STM32F10x_StdPeriph_Driver\src\stm32f10x_usart.o
 .ARM.attributes
                0x0000022c       0x31 Libraries\STM32F10x_StdPeriph_Driver\src\stm32f10x_tim.o
 .ARM.attributes
                0x0000025d       0x31 Libraries\STM32F10x_StdPeriph_Driver\src\stm32f10x_spi.o
 .ARM.attributes
                0x0000028e       0x31 Libraries\STM32F10x_StdPeriph_Driver\src\stm32f10x_sdio.o
 .ARM.attributes
                0x000002bf       0x31 Libraries\STM32F10x_StdPeriph_Driver\src\stm32f10x_rtc.o
 .ARM.attributes
                0x000002f0       0x31 Libraries\STM32F10x_StdPeriph_Driver\src\stm32f10x_rcc.o
 .ARM.attributes
                0x00000321       0x31 Libraries\STM32F10x_StdPeriph_Driver\src\stm32f10x_pwr.o
 .ARM.attributes
                0x00000352       0x31 Libraries\STM32F10x_StdPeriph_Driver\src\stm32f10x_iwdg.o
 .ARM.attributes
                0x00000383       0x31 Libraries\STM32F10x_StdPeriph_Driver\src\stm32f10x_i2c.o
 .ARM.attributes
                0x000003b4       0x31 Libraries\STM32F10x_StdPeriph_Driver\src\stm32f10x_gpio.o
 .ARM.attributes
                0x000003e5       0x31 Libraries\STM32F10x_StdPeriph_Driver\src\stm32f10x_fsmc.o
 .ARM.attributes
                0x00000416       0x31 Libraries\STM32F10x_StdPeriph_Driver\src\stm32f10x_flash.o
 .ARM.attributes
                0x00000447       0x31 Libraries\STM32F10x_StdPeriph_Driver\src\stm32f10x_exti.o
 .ARM.attributes
                0x00000478       0x31 Libraries\STM32F10x_StdPeriph_Driver\src\stm32f10x_dma.o
 .ARM.attributes
                0x000004a9       0x31 Libraries\STM32F10x_StdPeriph_Driver\src\stm32f10x_dbgmcu.o
 .ARM.attributes
                0x000004da       0x31 Libraries\STM32F10x_StdPeriph_Driver\src\stm32f10x_dac.o
 .ARM.attributes
                0x0000050b       0x31 Libraries\STM32F10x_StdPeriph_Driver\src\stm32f10x_crc.o
 .ARM.attributes
                0x0000053c       0x31 Libraries\STM32F10x_StdPeriph_Driver\src\stm32f10x_cec.o
 .ARM.attributes
                0x0000056d       0x31 Libraries\STM32F10x_StdPeriph_Driver\src\stm32f10x_can.o
 .ARM.attributes
                0x0000059e       0x31 Libraries\STM32F10x_StdPeriph_Driver\src\stm32f10x_bkp.o
 .ARM.attributes
                0x000005cf       0x31 Libraries\STM32F10x_StdPeriph_Driver\src\stm32f10x_adc.o
 .ARM.attributes
                0x00000600       0x31 Libraries\STM32F10x_StdPeriph_Driver\src\misc.o
 .ARM.attributes
                0x00000631       0x21 Libraries\CMSIS\CM3\DeviceSupport\ST\STM32F10x\startup\TrueSTUDIO\startup_stm32f10x_md_vl.o
 .ARM.attributes
                0x00000652       0x31 Libraries\CMSIS\CM3\CoreSupport\core_cm3.o
 .ARM.attributes
                0x00000683       0x29 c:/program files (x86)/atollic/truestudio for stmicroelectronics stm32 lite 2.3.0/armtools/bin/../lib/gcc/arm-atollic-eabi/4.5.1/../../../../arm-atollic-eabi/lib/thumb/thumb2\libc.a(lib_a-init.o)
 .ARM.attributes
                0x000006ac       0x29 c:/program files (x86)/atollic/truestudio for stmicroelectronics stm32 lite 2.3.0/armtools/bin/../lib/gcc/arm-atollic-eabi/4.5.1/../../../../arm-atollic-eabi/lib/thumb/thumb2\libc.a(lib_a-memcpy.o)
 .ARM.attributes
                0x000006d5       0x29 c:/program files (x86)/atollic/truestudio for stmicroelectronics stm32 lite 2.3.0/armtools/bin/../lib/gcc/arm-atollic-eabi/4.5.1/../../../../arm-atollic-eabi/lib/thumb/thumb2\libc.a(lib_a-sprintf.o)
 .ARM.attributes
                0x000006fe       0x29 c:/program files (x86)/atollic/truestudio for stmicroelectronics stm32 lite 2.3.0/armtools/bin/../lib/gcc/arm-atollic-eabi/4.5.1/../../../../arm-atollic-eabi/lib/thumb/thumb2\libc.a(lib_a-sscanf.o)
 .ARM.attributes
                0x00000727       0x29 c:/program files (x86)/atollic/truestudio for stmicroelectronics stm32 lite 2.3.0/armtools/bin/../lib/gcc/arm-atollic-eabi/4.5.1/../../../../arm-atollic-eabi/lib/thumb/thumb2\libc.a(lib_a-stdio.o)
 .ARM.attributes
                0x00000750       0x29 c:/program files (x86)/atollic/truestudio for stmicroelectronics stm32 lite 2.3.0/armtools/bin/../lib/gcc/arm-atollic-eabi/4.5.1/../../../../arm-atollic-eabi/lib/thumb/thumb2\libc.a(lib_a-strlen.o)
 .ARM.attributes
                0x00000779       0x29 c:/program files (x86)/atollic/truestudio for stmicroelectronics stm32 lite 2.3.0/armtools/bin/../lib/gcc/arm-atollic-eabi/4.5.1/../../../../arm-atollic-eabi/lib/thumb/thumb2\libc.a(lib_a-svfprintf.o)
 .ARM.attributes
                0x000007a2       0x29 c:/program files (x86)/atollic/truestudio for stmicroelectronics stm32 lite 2.3.0/armtools/bin/../lib/gcc/arm-atollic-eabi/4.5.1/../../../../arm-atollic-eabi/lib/thumb/thumb2\libc.a(lib_a-svfscanf.o)
 .ARM.attributes
                0x000007cb       0x29 c:/program files (x86)/atollic/truestudio for stmicroelectronics stm32 lite 2.3.0/armtools/bin/../lib/gcc/arm-atollic-eabi/4.5.1/../../../../arm-atollic-eabi/lib/thumb/thumb2\libc.a(lib_a-writer.o)
 .ARM.attributes
                0x000007f4       0x29 c:/program files (x86)/atollic/truestudio for stmicroelectronics stm32 lite 2.3.0/armtools/bin/../lib/gcc/arm-atollic-eabi/4.5.1/../../../../arm-atollic-eabi/lib/thumb/thumb2\libc.a(lib_a-closer.o)
 .ARM.attributes
                0x0000081d       0x29 c:/program files (x86)/atollic/truestudio for stmicroelectronics stm32 lite 2.3.0/armtools/bin/../lib/gcc/arm-atollic-eabi/4.5.1/../../../../arm-atollic-eabi/lib/thumb/thumb2\libc.a(lib_a-ctype_.o)
 .ARM.attributes
                0x00000846       0x29 c:/program files (x86)/atollic/truestudio for stmicroelectronics stm32 lite 2.3.0/armtools/bin/../lib/gcc/arm-atollic-eabi/4.5.1/../../../../arm-atollic-eabi/lib/thumb/thumb2\libc.a(lib_a-dtoa.o)
 .ARM.attributes
                0x0000086f       0x29 c:/program files (x86)/atollic/truestudio for stmicroelectronics stm32 lite 2.3.0/armtools/bin/../lib/gcc/arm-atollic-eabi/4.5.1/../../../../arm-atollic-eabi/lib/thumb/thumb2\libc.a(lib_a-findfp.o)
 .ARM.attributes
                0x00000898       0x29 c:/program files (x86)/atollic/truestudio for stmicroelectronics stm32 lite 2.3.0/armtools/bin/../lib/gcc/arm-atollic-eabi/4.5.1/../../../../arm-atollic-eabi/lib/thumb/thumb2\libc.a(lib_a-fwalk.o)
 .ARM.attributes
                0x000008c1       0x29 c:/program files (x86)/atollic/truestudio for stmicroelectronics stm32 lite 2.3.0/armtools/bin/../lib/gcc/arm-atollic-eabi/4.5.1/../../../../arm-atollic-eabi/lib/thumb/thumb2\libc.a(lib_a-impure.o)
 .ARM.attributes
                0x000008ea       0x29 c:/program files (x86)/atollic/truestudio for stmicroelectronics stm32 lite 2.3.0/armtools/bin/../lib/gcc/arm-atollic-eabi/4.5.1/../../../../arm-atollic-eabi/lib/thumb/thumb2\libc.a(lib_a-iswspace.o)
 .ARM.attributes
                0x00000913       0x29 c:/program files (x86)/atollic/truestudio for stmicroelectronics stm32 lite 2.3.0/armtools/bin/../lib/gcc/arm-atollic-eabi/4.5.1/../../../../arm-atollic-eabi/lib/thumb/thumb2\libc.a(lib_a-locale.o)
 .ARM.attributes
                0x0000093c       0x29 c:/program files (x86)/atollic/truestudio for stmicroelectronics stm32 lite 2.3.0/armtools/bin/../lib/gcc/arm-atollic-eabi/4.5.1/../../../../arm-atollic-eabi/lib/thumb/thumb2\libc.a(lib_a-lseekr.o)
 .ARM.attributes
                0x00000965       0x29 c:/program files (x86)/atollic/truestudio for stmicroelectronics stm32 lite 2.3.0/armtools/bin/../lib/gcc/arm-atollic-eabi/4.5.1/../../../../arm-atollic-eabi/lib/thumb/thumb2\libc.a(lib_a-malloc.o)
 .ARM.attributes
                0x0000098e       0x29 c:/program files (x86)/atollic/truestudio for stmicroelectronics stm32 lite 2.3.0/armtools/bin/../lib/gcc/arm-atollic-eabi/4.5.1/../../../../arm-atollic-eabi/lib/thumb/thumb2\libc.a(lib_a-mallocr.o)
 .ARM.attributes
                0x000009b7       0x29 c:/program files (x86)/atollic/truestudio for stmicroelectronics stm32 lite 2.3.0/armtools/bin/../lib/gcc/arm-atollic-eabi/4.5.1/../../../../arm-atollic-eabi/lib/thumb/thumb2\libc.a(lib_a-mbrtowc.o)
 .ARM.attributes
                0x000009e0       0x29 c:/program files (x86)/atollic/truestudio for stmicroelectronics stm32 lite 2.3.0/armtools/bin/../lib/gcc/arm-atollic-eabi/4.5.1/../../../../arm-atollic-eabi/lib/thumb/thumb2\libc.a(lib_a-mbtowc_r.o)
 .ARM.attributes
                0x00000a09       0x29 c:/program files (x86)/atollic/truestudio for stmicroelectronics stm32 lite 2.3.0/armtools/bin/../lib/gcc/arm-atollic-eabi/4.5.1/../../../../arm-atollic-eabi/lib/thumb/thumb2\libc.a(lib_a-memchr.o)
 .ARM.attributes
                0x00000a32       0x29 c:/program files (x86)/atollic/truestudio for stmicroelectronics stm32 lite 2.3.0/armtools/bin/../lib/gcc/arm-atollic-eabi/4.5.1/../../../../arm-atollic-eabi/lib/thumb/thumb2\libc.a(lib_a-memset.o)
 .ARM.attributes
                0x00000a5b       0x29 c:/program files (x86)/atollic/truestudio for stmicroelectronics stm32 lite 2.3.0/armtools/bin/../lib/gcc/arm-atollic-eabi/4.5.1/../../../../arm-atollic-eabi/lib/thumb/thumb2\libc.a(lib_a-mlock.o)
 .ARM.attributes
                0x00000a84       0x29 c:/program files (x86)/atollic/truestudio for stmicroelectronics stm32 lite 2.3.0/armtools/bin/../lib/gcc/arm-atollic-eabi/4.5.1/../../../../arm-atollic-eabi/lib/thumb/thumb2\libc.a(lib_a-mprec.o)
 .ARM.attributes
                0x00000aad       0x29 c:/program files (x86)/atollic/truestudio for stmicroelectronics stm32 lite 2.3.0/armtools/bin/../lib/gcc/arm-atollic-eabi/4.5.1/../../../../arm-atollic-eabi/lib/thumb/thumb2\libc.a(lib_a-readr.o)
 .ARM.attributes
                0x00000ad6       0x29 c:/program files (x86)/atollic/truestudio for stmicroelectronics stm32 lite 2.3.0/armtools/bin/../lib/gcc/arm-atollic-eabi/4.5.1/../../../../arm-atollic-eabi/lib/thumb/thumb2\libc.a(lib_a-reent.o)
 .ARM.attributes
                0x00000aff       0x29 c:/program files (x86)/atollic/truestudio for stmicroelectronics stm32 lite 2.3.0/armtools/bin/../lib/gcc/arm-atollic-eabi/4.5.1/../../../../arm-atollic-eabi/lib/thumb/thumb2\libc.a(lib_a-sbrkr.o)
 .ARM.attributes
                0x00000b28       0x29 c:/program files (x86)/atollic/truestudio for stmicroelectronics stm32 lite 2.3.0/armtools/bin/../lib/gcc/arm-atollic-eabi/4.5.1/../../../../arm-atollic-eabi/lib/thumb/thumb2\libc.a(lib_a-sccl.o)
 .ARM.attributes
                0x00000b51       0x29 c:/program files (x86)/atollic/truestudio for stmicroelectronics stm32 lite 2.3.0/armtools/bin/../lib/gcc/arm-atollic-eabi/4.5.1/../../../../arm-atollic-eabi/lib/thumb/thumb2\libc.a(lib_a-sf_nan.o)
 .ARM.attributes
                0x00000b7a       0x29 c:/program files (x86)/atollic/truestudio for stmicroelectronics stm32 lite 2.3.0/armtools/bin/../lib/gcc/arm-atollic-eabi/4.5.1/../../../../arm-atollic-eabi/lib/thumb/thumb2\libc.a(lib_a-s_fpclassify.o)
 .ARM.attributes
                0x00000ba3       0x29 c:/program files (x86)/atollic/truestudio for stmicroelectronics stm32 lite 2.3.0/armtools/bin/../lib/gcc/arm-atollic-eabi/4.5.1/../../../../arm-atollic-eabi/lib/thumb/thumb2\libc.a(lib_a-strcmp.o)
 .ARM.attributes
                0x00000bcc       0x29 c:/program files (x86)/atollic/truestudio for stmicroelectronics stm32 lite 2.3.0/armtools/bin/../lib/gcc/arm-atollic-eabi/4.5.1/../../../../arm-atollic-eabi/lib/thumb/thumb2\libc.a(lib_a-strtod.o)
 .ARM.attributes
                0x00000bf5       0x29 c:/program files (x86)/atollic/truestudio for stmicroelectronics stm32 lite 2.3.0/armtools/bin/../lib/gcc/arm-atollic-eabi/4.5.1/../../../../arm-atollic-eabi/lib/thumb/thumb2\libc.a(lib_a-strtoll_r.o)
 .ARM.attributes
                0x00000c1e       0x29 c:/program files (x86)/atollic/truestudio for stmicroelectronics stm32 lite 2.3.0/armtools/bin/../lib/gcc/arm-atollic-eabi/4.5.1/../../../../arm-atollic-eabi/lib/thumb/thumb2\libc.a(lib_a-strtol.o)
 .ARM.attributes
                0x00000c47       0x29 c:/program files (x86)/atollic/truestudio for stmicroelectronics stm32 lite 2.3.0/armtools/bin/../lib/gcc/arm-atollic-eabi/4.5.1/../../../../arm-atollic-eabi/lib/thumb/thumb2\libc.a(lib_a-strtoull_r.o)
 .ARM.attributes
                0x00000c70       0x29 c:/program files (x86)/atollic/truestudio for stmicroelectronics stm32 lite 2.3.0/armtools/bin/../lib/gcc/arm-atollic-eabi/4.5.1/../../../../arm-atollic-eabi/lib/thumb/thumb2\libc.a(lib_a-strtoul.o)
 .ARM.attributes
                0x00000c99       0x29 c:/program files (x86)/atollic/truestudio for stmicroelectronics stm32 lite 2.3.0/armtools/bin/../lib/gcc/arm-atollic-eabi/4.5.1/../../../../arm-atollic-eabi/lib/thumb/thumb2\libc.a(lib_a-svfiprintf.o)
 .ARM.attributes
                0x00000cc2       0x29 c:/program files (x86)/atollic/truestudio for stmicroelectronics stm32 lite 2.3.0/armtools/bin/../lib/gcc/arm-atollic-eabi/4.5.1/../../../../arm-atollic-eabi/lib/thumb/thumb2\libc.a(lib_a-svfiscanf.o)
 .ARM.attributes
                0x00000ceb       0x29 c:/program files (x86)/atollic/truestudio for stmicroelectronics stm32 lite 2.3.0/armtools/bin/../lib/gcc/arm-atollic-eabi/4.5.1/../../../../arm-atollic-eabi/lib/thumb/thumb2\libc.a(lib_a-syscalls.o)
 .ARM.attributes
                0x00000d14       0x29 c:/program files (x86)/atollic/truestudio for stmicroelectronics stm32 lite 2.3.0/armtools/bin/../lib/gcc/arm-atollic-eabi/4.5.1/../../../../arm-atollic-eabi/lib/thumb/thumb2\libc.a(lib_a-ungetc.o)
 .ARM.attributes
                0x00000d3d       0x29 c:/program files (x86)/atollic/truestudio for stmicroelectronics stm32 lite 2.3.0/armtools/bin/../lib/gcc/arm-atollic-eabi/4.5.1/../../../../arm-atollic-eabi/lib/thumb/thumb2\libc.a(lib_a-callocr.o)
 .ARM.attributes
                0x00000d66       0x29 c:/program files (x86)/atollic/truestudio for stmicroelectronics stm32 lite 2.3.0/armtools/bin/../lib/gcc/arm-atollic-eabi/4.5.1/../../../../arm-atollic-eabi/lib/thumb/thumb2\libc.a(lib_a-fclose.o)
 .ARM.attributes
                0x00000d8f       0x29 c:/program files (x86)/atollic/truestudio for stmicroelectronics stm32 lite 2.3.0/armtools/bin/../lib/gcc/arm-atollic-eabi/4.5.1/../../../../arm-atollic-eabi/lib/thumb/thumb2\libc.a(lib_a-fflush.o)
 .ARM.attributes
                0x00000db8       0x29 c:/program files (x86)/atollic/truestudio for stmicroelectronics stm32 lite 2.3.0/armtools/bin/../lib/gcc/arm-atollic-eabi/4.5.1/../../../../arm-atollic-eabi/lib/thumb/thumb2\libc.a(lib_a-freer.o)
 .ARM.attributes
                0x00000de1       0x29 c:/program files (x86)/atollic/truestudio for stmicroelectronics stm32 lite 2.3.0/armtools/bin/../lib/gcc/arm-atollic-eabi/4.5.1/../../../../arm-atollic-eabi/lib/thumb/thumb2\libc.a(lib_a-gdtoa-gethex.o)
 .ARM.attributes
                0x00000e0a       0x29 c:/program files (x86)/atollic/truestudio for stmicroelectronics stm32 lite 2.3.0/armtools/bin/../lib/gcc/arm-atollic-eabi/4.5.1/../../../../arm-atollic-eabi/lib/thumb/thumb2\libc.a(lib_a-gdtoa-hexnan.o)
 .ARM.attributes
                0x00000e33       0x29 c:/program files (x86)/atollic/truestudio for stmicroelectronics stm32 lite 2.3.0/armtools/bin/../lib/gcc/arm-atollic-eabi/4.5.1/../../../../arm-atollic-eabi/lib/thumb/thumb2\libc.a(lib_a-memmove.o)
 .ARM.attributes
                0x00000e5c       0x29 c:/program files (x86)/atollic/truestudio for stmicroelectronics stm32 lite 2.3.0/armtools/bin/../lib/gcc/arm-atollic-eabi/4.5.1/../../../../arm-atollic-eabi/lib/thumb/thumb2\libc.a(lib_a-reallocr.o)
 .ARM.attributes
                0x00000e85       0x29 c:/program files (x86)/atollic/truestudio for stmicroelectronics stm32 lite 2.3.0/armtools/bin/../lib/gcc/arm-atollic-eabi/4.5.1/../../../../arm-atollic-eabi/lib/thumb/thumb2\libc.a(lib_a-strncmp.o)
 .ARM.attributes
                0x00000eae       0x1b c:/program files (x86)/atollic/truestudio for stmicroelectronics stm32 lite 2.3.0/armtools/bin/../lib/gcc/arm-atollic-eabi/4.5.1/thumb/thumb2\libgcc.a(_udivsi3.o)
 .ARM.attributes
                0x00000ec9       0x1b c:/program files (x86)/atollic/truestudio for stmicroelectronics stm32 lite 2.3.0/armtools/bin/../lib/gcc/arm-atollic-eabi/4.5.1/thumb/thumb2\libgcc.a(_divsi3.o)
 .ARM.attributes
                0x00000ee4       0x1b c:/program files (x86)/atollic/truestudio for stmicroelectronics stm32 lite 2.3.0/armtools/bin/../lib/gcc/arm-atollic-eabi/4.5.1/thumb/thumb2\libgcc.a(_dvmd_tls.o)
 .ARM.attributes
                0x00000eff       0x1b c:/program files (x86)/atollic/truestudio for stmicroelectronics stm32 lite 2.3.0/armtools/bin/../lib/gcc/arm-atollic-eabi/4.5.1/thumb/thumb2\libgcc.a(_arm_addsubdf3.o)
 .ARM.attributes
                0x00000f1a       0x1b c:/program files (x86)/atollic/truestudio for stmicroelectronics stm32 lite 2.3.0/armtools/bin/../lib/gcc/arm-atollic-eabi/4.5.1/thumb/thumb2\libgcc.a(_arm_muldivdf3.o)
 .ARM.attributes
                0x00000f35       0x1b c:/program files (x86)/atollic/truestudio for stmicroelectronics stm32 lite 2.3.0/armtools/bin/../lib/gcc/arm-atollic-eabi/4.5.1/thumb/thumb2\libgcc.a(_arm_cmpdf2.o)
 .ARM.attributes
                0x00000f50       0x1b c:/program files (x86)/atollic/truestudio for stmicroelectronics stm32 lite 2.3.0/armtools/bin/../lib/gcc/arm-atollic-eabi/4.5.1/thumb/thumb2\libgcc.a(_arm_fixdfsi.o)
 .ARM.attributes
                0x00000f6b       0x1b c:/program files (x86)/atollic/truestudio for stmicroelectronics stm32 lite 2.3.0/armtools/bin/../lib/gcc/arm-atollic-eabi/4.5.1/thumb/thumb2\libgcc.a(_arm_fixunsdfsi.o)
 .ARM.attributes
                0x00000f86       0x1b c:/program files (x86)/atollic/truestudio for stmicroelectronics stm32 lite 2.3.0/armtools/bin/../lib/gcc/arm-atollic-eabi/4.5.1/thumb/thumb2\libgcc.a(_arm_truncdfsf2.o)
 .ARM.attributes
                0x00000fa1       0x1b c:/program files (x86)/atollic/truestudio for stmicroelectronics stm32 lite 2.3.0/armtools/bin/../lib/gcc/arm-atollic-eabi/4.5.1/thumb/thumb2\libgcc.a(_arm_cmpsf2.o)
 .ARM.attributes
                0x00000fbc       0x1b c:/program files (x86)/atollic/truestudio for stmicroelectronics stm32 lite 2.3.0/armtools/bin/../lib/gcc/arm-atollic-eabi/4.5.1/thumb/thumb2\libgcc.a(_aeabi_uldivmod.o)
 .ARM.attributes
                0x00000fd7       0x29 c:/program files (x86)/atollic/truestudio for stmicroelectronics stm32 lite 2.3.0/armtools/bin/../lib/gcc/arm-atollic-eabi/4.5.1/thumb/thumb2\libgcc.a(bpabi.o)
 .ARM.attributes
                0x00001000       0x29 c:/program files (x86)/atollic/truestudio for stmicroelectronics stm32 lite 2.3.0/armtools/bin/../lib/gcc/arm-atollic-eabi/4.5.1/thumb/thumb2\libgcc.a(_divdi3.o)
 .ARM.attributes
                0x00001029       0x29 c:/program files (x86)/atollic/truestudio for stmicroelectronics stm32 lite 2.3.0/armtools/bin/../lib/gcc/arm-atollic-eabi/4.5.1/thumb/thumb2\libgcc.a(_udivdi3.o)
 .ARM.attributes
                0x00001052       0x29 c:/program files (x86)/atollic/truestudio for stmicroelectronics stm32 lite 2.3.0/armtools/bin/../lib/gcc/arm-atollic-eabi/4.5.1/thumb/thumb2/crtend.o
 .ARM.attributes
                0x0000107b       0x19 c:/program files (x86)/atollic/truestudio for stmicroelectronics stm32 lite 2.3.0/armtools/bin/../lib/gcc/arm-atollic-eabi/4.5.1/thumb/thumb2/crtn.o
OUTPUT(wavefront_approach.elf elf32-littlearm)

.debug_line     0x00000000     0x6dbd
 .debug_line    0x00000000       0x6d c:/program files (x86)/atollic/truestudio for stmicroelectronics stm32 lite 2.3.0/armtools/bin/../lib/gcc/arm-atollic-eabi/4.5.1/thumb/thumb2/crti.o
 .debug_line    0x0000006d      0x2b2 src\uart_functions.o
 .debug_line    0x0000031f      0x239 src\system_stm32f10x.o
 .debug_line    0x00000558      0x383 src\stm32f10x_it.o
 .debug_line    0x000008db      0x24a src\spi_functions.o
 .debug_line    0x00000b25      0x32a src\node_functions.o
 .debug_line    0x00000e4f      0x249 src\main.o
 .debug_line    0x00001098      0x2f7 src\i2c_functions.o
 .debug_line    0x0000138f      0x29e Utilities\STM32_EVAL\STM32_Discovery\STM32vldiscovery.o
 .debug_line    0x0000162d      0x218 Libraries\STM32F10x_StdPeriph_Driver\src\stm32f10x_wwdg.o
 .debug_line    0x00001845      0x470 Libraries\STM32F10x_StdPeriph_Driver\src\stm32f10x_usart.o
 .debug_line    0x00001cb5      0xa6a Libraries\STM32F10x_StdPeriph_Driver\src\stm32f10x_tim.o
 .debug_line    0x0000271f      0x3f7 Libraries\STM32F10x_StdPeriph_Driver\src\stm32f10x_spi.o
 .debug_line    0x00002b16      0x420 Libraries\STM32F10x_StdPeriph_Driver\src\stm32f10x_sdio.o
 .debug_line    0x00002f36      0x2ae Libraries\STM32F10x_StdPeriph_Driver\src\stm32f10x_rtc.o
 .debug_line    0x000031e4      0x4ab Libraries\STM32F10x_StdPeriph_Driver\src\stm32f10x_rcc.o
 .debug_line    0x0000368f      0x26b Libraries\STM32F10x_StdPeriph_Driver\src\stm32f10x_pwr.o
 .debug_line    0x000038fa      0x1f1 Libraries\STM32F10x_StdPeriph_Driver\src\stm32f10x_iwdg.o
 .debug_line    0x00003aeb      0x4ac Libraries\STM32F10x_StdPeriph_Driver\src\stm32f10x_i2c.o
 .debug_line    0x00003f97      0x384 Libraries\STM32F10x_StdPeriph_Driver\src\stm32f10x_gpio.o